Component: ARM Compiler 6.14.1 Tool: armlink [5db06d00]

==============================================================================

Section Cross References

    startup_stm32f427xx.o(STACK) refers (Special) to heapauxi.o(.text) for __use_two_region_memory
    startup_stm32f427xx.o(HEAP) refers (Special) to heapauxi.o(.text) for __use_two_region_memory
    startup_stm32f427xx.o(RESET) refers (Special) to heapauxi.o(.text) for __use_two_region_memory
    startup_stm32f427xx.o(RESET) refers to startup_stm32f427xx.o(STACK) for __initial_sp
    startup_stm32f427xx.o(RESET) refers to startup_stm32f427xx.o(.text) for Reset_Handler
    startup_stm32f427xx.o(RESET) refers to stm32f4xx_it.o(.text.NMI_Handler) for NMI_Handler
    startup_stm32f427xx.o(RESET) refers to stm32f4xx_it.o(.text.HardFault_Handler) for HardFault_Handler
    startup_stm32f427xx.o(RESET) refers to stm32f4xx_it.o(.text.MemManage_Handler) for MemManage_Handler
    startup_stm32f427xx.o(RESET) refers to stm32f4xx_it.o(.text.BusFault_Handler) for BusFault_Handler
    startup_stm32f427xx.o(RESET) refers to stm32f4xx_it.o(.text.UsageFault_Handler) for UsageFault_Handler
    startup_stm32f427xx.o(RESET) refers to port.o(.text.SVC_Handler) for SVC_Handler
    startup_stm32f427xx.o(RESET) refers to stm32f4xx_it.o(.text.DebugMon_Handler) for DebugMon_Handler
    startup_stm32f427xx.o(RESET) refers to port.o(.text.PendSV_Handler) for PendSV_Handler
    startup_stm32f427xx.o(RESET) refers to port.o(.text.SysTick_Handler) for SysTick_Handler
    startup_stm32f427xx.o(RESET) refers to stm32f4xx_it.o(.text.CAN1_RX0_IRQHandler) for CAN1_RX0_IRQHandler
    startup_stm32f427xx.o(RESET) refers to stm32f4xx_it.o(.text.CAN1_RX1_IRQHandler) for CAN1_RX1_IRQHandler
    startup_stm32f427xx.o(RESET) refers to stm32f4xx_it.o(.text.TIM1_UP_TIM10_IRQHandler) for TIM1_UP_TIM10_IRQHandler
    startup_stm32f427xx.o(RESET) refers to stm32f4xx_it.o(.text.USART1_IRQHandler) for USART1_IRQHandler
    startup_stm32f427xx.o(RESET) refers to stm32f4xx_it.o(.text.DMA2_Stream1_IRQHandler) for DMA2_Stream1_IRQHandler
    startup_stm32f427xx.o(RESET) refers to stm32f4xx_it.o(.text.DMA2_Stream2_IRQHandler) for DMA2_Stream2_IRQHandler
    startup_stm32f427xx.o(RESET) refers to stm32f4xx_it.o(.text.CAN2_RX0_IRQHandler) for CAN2_RX0_IRQHandler
    startup_stm32f427xx.o(RESET) refers to stm32f4xx_it.o(.text.CAN2_RX1_IRQHandler) for CAN2_RX1_IRQHandler
    startup_stm32f427xx.o(RESET) refers to stm32f4xx_it.o(.text.DMA2_Stream6_IRQHandler) for DMA2_Stream6_IRQHandler
    startup_stm32f427xx.o(RESET) refers to stm32f4xx_it.o(.text.USART6_IRQHandler) for USART6_IRQHandler
    startup_stm32f427xx.o(.text) refers (Special) to heapauxi.o(.text) for __use_two_region_memory
    startup_stm32f427xx.o(.text) refers to system_stm32f4xx.o(.text.SystemInit) for SystemInit
    startup_stm32f427xx.o(.text) refers to __main.o(!!!main) for __main
    startup_stm32f427xx.o(.text) refers to startup_stm32f427xx.o(HEAP) for Heap_Mem
    startup_stm32f427xx.o(.text) refers to startup_stm32f427xx.o(STACK) for Stack_Mem
    main.o(.text.main) refers to stm32f4xx_hal.o(.text.HAL_Init) for HAL_Init
    main.o(.text.main) refers to main.o(.text.SystemClock_Config) for SystemClock_Config
    main.o(.text.main) refers to gpio.o(.text.MX_GPIO_Init) for MX_GPIO_Init
    main.o(.text.main) refers to dma.o(.text.MX_DMA_Init) for MX_DMA_Init
    main.o(.text.main) refers to can.o(.text.MX_CAN1_Init) for MX_CAN1_Init
    main.o(.text.main) refers to can.o(.text.MX_CAN2_Init) for MX_CAN2_Init
    main.o(.text.main) refers to usart.o(.text.MX_USART1_UART_Init) for MX_USART1_UART_Init
    main.o(.text.main) refers to usart.o(.text.MX_USART3_UART_Init) for MX_USART3_UART_Init
    main.o(.text.main) refers to usart.o(.text.MX_USART6_UART_Init) for MX_USART6_UART_Init
    main.o(.text.main) refers to tim.o(.text.MX_TIM12_Init) for MX_TIM12_Init
    main.o(.text.main) refers to freertos.o(.text.MX_FREERTOS_Init) for MX_FREERTOS_Init
    main.o(.text.main) refers to cmsis_os.o(.text.osKernelStart) for osKernelStart
    main.o(.ARM.exidx.text.main) refers to main.o(.text.main) for [Anonymous Symbol]
    main.o(.text.SystemClock_Config) refers to rt_memclr_w.o(.text) for __aeabi_memclr4
    main.o(.text.SystemClock_Config) refers to stm32f4xx_hal_rcc.o(.text.HAL_RCC_OscConfig) for HAL_RCC_OscConfig
    main.o(.text.SystemClock_Config) refers to main.o(.text.Error_Handler) for Error_Handler
    main.o(.text.SystemClock_Config) refers to stm32f4xx_hal_pwr_ex.o(.text.HAL_PWREx_EnableOverDrive) for HAL_PWREx_EnableOverDrive
    main.o(.text.SystemClock_Config) refers to stm32f4xx_hal_rcc.o(.text.HAL_RCC_ClockConfig) for HAL_RCC_ClockConfig
    main.o(.ARM.exidx.text.SystemClock_Config) refers to main.o(.text.SystemClock_Config) for [Anonymous Symbol]
    main.o(.ARM.exidx.text.Error_Handler) refers to main.o(.text.Error_Handler) for [Anonymous Symbol]
[...]
    dr16_rx_buffer                           0x20000358   Data          18  serivaltask.o(.bss.dr16_rx_buffer)
    gimbal_fsm                               0x2000036c   Data         204  controltask.o(.bss.gimbal_fsm)
    gimbal_output                            0x20000438   Data           8  controltask.o(.bss.gimbal_output)
    gimbal_target                            0x20000440   Data          28  controltask.o(.bss.gimbal_target)
    hcan1                                    0x2000045c   Data          40  can.o(.bss.hcan1)
    hcan2                                    0x20000484   Data          40  can.o(.bss.hcan2)
    hdma_usart1_rx                           0x200004ac   Data          96  usart.o(.bss.hdma_usart1_rx)
    hdma_usart6_rx                           0x2000050c   Data          96  usart.o(.bss.hdma_usart6_rx)
    hdma_usart6_tx                           0x2000056c   Data          96  usart.o(.bss.hdma_usart6_tx)
    htim1                                    0x200005cc   Data          72  stm32f4xx_hal_timebase_tim.o(.bss.htim1)
    htim12                                   0x20000614   Data          72  tim.o(.bss.htim12)
    huart1                                   0x2000065c   Data          72  usart.o(.bss.huart1)
    huart3                                   0x200006a4   Data          72  usart.o(.bss.huart3)
    huart6                                   0x200006ec   Data          72  usart.o(.bss.huart6)
    pxCurrentTCB                             0x20000734   Data           4  tasks.o(.bss.pxCurrentTCB)
    uwTick                                   0x200043d8   Data           4  stm32f4xx_hal.o(.bss.uwTick)
    yaw_angle_pid                            0x200046e0   Data          64  controltask.o(.bss.yaw_angle_pid)
    yaw_velocity_pid                         0x20004720   Data          64  controltask.o(.bss.yaw_velocity_pid)



==============================================================================

Memory Map of the image

  Image Entry point : 0x080001ad

  Load Region LR_IROM1 (Base: 0x08000000, Size: 0x0000d9e0, Max: 0x00200000, ABSOLUTE)

    Execution Region ER_IROM1 (Exec base: 0x08000000, Load base: 0x08000000, Size: 0x0000d9bc, Max: 0x00200000, ABSOLUTE)

    Exec Addr    Load Addr    Size         Type   Attr      Idx    E Section Name        Object

    0x08000000   0x08000000   0x000001ac   Data   RO            3    RESET               startup_stm32f427xx.o
    0x080001ac   0x080001ac   0x00000008   Code   RO         2479  * !!!main             c_w.l(__main.o)
    0x080001b4   0x080001b4   0x00000034   Code   RO         2928    !!!scatter          c_w.l(__scatter.o)
    0x080001e8   0x080001e8   0x0000001a   Code   RO         2930    !!handler_copy      c_w.l(__scatter_copy.o)
    0x08000202   0x08000202   0x00000002   PAD
    0x08000204   0x08000204   0x0000001c   Code   RO         2932    !!handler_zi        c_w.l(__scatter_zi.o)
    0x08000220   0x08000220   0x00000002   Code   RO         2870    .ARM.Collect$$libinit$$00000000  c_w.l(libinit.o)
    0x08000222   0x08000222   0x00000004   Code   RO         2665    .ARM.Collect$$libinit$$00000001  c_w.l(libinit2.o)
    0x08000226   0x08000226   0x00000000   Code   RO         2668    .ARM.Collect$$libinit$$00000004  c_w.l(libinit2.o)
    0x08000226   0x08000226   0x00000008   Code   RO         2669    .ARM.Collect$$libinit$$00000005  c_w.l(libinit2.o)
    0x0800022e   0x0800022e   0x00000000   Code   RO         2671    .ARM.Collect$$libinit$$0000000A  c_w.l(libinit2.o)
    0x0800022e   0x0800022e   0x00000000   Code   RO         2673    .ARM.Collect$$libinit$$0000000C  c_w.l(libinit2.o)
    0x0800022e   0x0800022e   0x00000000   Code   RO         2675    .ARM.Collect$$libinit$$0000000E  c_w.l(libinit2.o)
    0x0800022e   0x0800022e   0x00000000   Code   RO         2678    .ARM.Collect$$libinit$$00000011  c_w.l(libinit2.o)
    0x0800022e   0x0800022e   0x00000000   Code   RO         2680    .ARM.Collect$$libinit$$00000013  c_w.l(libinit2.o)
    0x0800022e   0x0800022e   0x00000000   Code   RO         2682    .ARM.Collect$$libinit$$00000015  c_w.l(libinit2.o)
    0x0800022e   0x0800022e   0x00000000   Code   RO         2684    .ARM.Collect$$libinit$$00000017  c_w.l(libinit2.o)
    0x0800022e   0x0800022e   0x00000000   Code   RO         2686    .ARM.Collect$$libinit$$00000019  c_w.l(libinit2.o)
    0x0800022e   0x0800022e   0x00000000   Code   RO         2688    .ARM.Collect$$libinit$$0000001B  c_w.l(libinit2.o)
    0x0800022e   0x0800022e   0x00000000   Code   RO         2690    .ARM.Collect$$libinit$$0000001D  c_w.l(libinit2.o)
    0x0800022e   0x0800022e   0x00000000   Code   RO         2692    .ARM.Collect$$libinit$$0000001F  c_w.l(libinit2.o)
    0x0800022e   0x0800022e   0x00000000   Code   RO         2694    .ARM.Collect$$libinit$$00000021  c_w.l(libinit2.o)
    0x0800022e   0x0800022e   0x00000000   Code   RO         2696    .ARM.Collect$$libinit$$00000023  c_w.l(libinit2.o)
    0x0800022e   0x0800022e   0x00000000   Code   RO         2698    .ARM.Collect$$libinit$$00000025  c_w.l(libinit2.o)
    0x0800022e   0x0800022e   0x00000008   Code   RO         2699    .ARM.Collect$$libinit$$00000026  c_w.l(libinit2.o)
    0x08000236   0x08000236   0x00000000   Code   RO         2704    .ARM.Collect$$libinit$$0000002E  c_w.l(libinit2.o)
    0x08000236   0x08000236   0x00000000   Code   RO         2706    .ARM.Collect$$libinit$$00000030  c_w.l(libinit2.o)
    0x08000236   0x08000236   0x00000004   Code   RO         2707    .ARM.Collect$$libinit$$00000031  c_w.l(libinit2.o)
    0x0800023a   0x0800023a   0x00000000   Code   RO         2708    .ARM.Collect$$libinit$$00000032  c_w.l(libinit2.o)
    0x0800023a   0x0800023a   0x00000002   Code   RO         2709    .ARM.Collect$$libinit$$00000033  c_w.l(libinit2.o)
    0x0800023c   0x0800023c   0x00000002   Code   RO         2926    .ARM.Collect$$libshutdown$$00000000  c_w.l(libshutdown.o)
    0x0800023e   0x0800023e   0x00000006   Code   RO         2871    .ARM.Collect$$libshutdown$$00000001  c_w.l(libshutdown2.o)
    0x08000244   0x08000244   0x00000000   Code   RO         2872    .ARM.Collect$$libshutdown$$00000002  c_w.l(libshutdown2.o)
    0x08000244   0x08000244   0x00000000   Code   RO         2874    .ARM.Collect$$libshutdown$$00000004  c_w.l(libshutdown2.o)
    0x08000244   0x08000244   0x00000000   Code   RO         2877    .ARM.Collect$$libshutdown$$00000007  c_w.l(libshutdown2.o)
    0x08000244   0x08000244   0x00000000   Code   RO         2880    .ARM.Collect$$libshutdown$$0000000A  c_w.l(libshutdown2.o)
    0x08000244   0x08000244   0x00000000   Code   RO         2882    .ARM.Collect$$libshutdown$$0000000C  c_w.l(libshutdown2.o)
    0x08000244   0x08000244   0x00000000   Code   RO         2885    .ARM.Collect$$libshutdown$$0000000F  c_w.l(libshutdown2.o)
    0x08000244   0x08000244   0x00000002   Code   RO         2886    .ARM.Collect$$libshutdown$$00000010  c_w.l(libshutdown2.o)
    0x08000246   0x08000246   0x00000000   Code   RO         2582    .ARM.Collect$$rtentry$$00000000  c_w.l(__rtentry.o)
    0x08000246   0x08000246   0x00000000   Code   RO         2758    .ARM.Collect$$rtentry$$00000002  c_w.l(__rtentry2.o)
    0x08000246   0x08000246   0x00000006   Code   RO         2770    .ARM.Collect$$rtentry$$00000004  c_w.l(__rtentry4.o)
    0x0800024c   0x0800024c   0x00000000   Code   RO         2760    .ARM.Collect$$rtentry$$00000009  c_w.l(__rtentry2.o)
    0x0800024c   0x0800024c   0x00000004   Code   RO         2761    .ARM.Collect$$rtentry$$0000000A  c_w.l(__rtentry2.o)
    0x08000250   0x08000250   0x00000000   Code   RO         2763    .ARM.Collect$$rtentry$$0000000C  c_w.l(__rtentry2.o)
    0x08000250   0x08000250   0x00000008   Code   RO         2764    .ARM.Collect$$rtentry$$0000000D  c_w.l(__rtentry2.o)
    0x08000258   0x08000258   0x00000002   Code   RO         2891    .ARM.Collect$$rtexit$$00000000  c_w.l(rtexit.o)
    0x0800025a   0x0800025a   0x00000000   Code   RO         2902    .ARM.Collect$$rtexit$$00000002  c_w.l(rtexit2.o)
    0x0800025a   0x0800025a   0x00000004   Code   RO         2903    .ARM.Collect$$rtexit$$00000003  c_w.l(rtexit2.o)
    0x0800025e   0x0800025e   0x00000006   Code   RO         2904    .ARM.Collect$$rtexit$$00000004  c_w.l(rtexit2.o)
    0x08000264   0x08000264   0x00000004   Code   RO         2813    .emb_text           c_w.l(argv_veneer.o)
    0x08000268   0x08000268   0x00000040   Code   RO            4    .text               startup_stm32f427xx.o
    0x080002a8   0x080002a8   0x000000f0   Code   RO         2459    .text               c_w.l(lludivv7m.o)
    0x08000398   0x08000398   0x00000016   Code   RO         2461    .text               c_w.l(abort.o)
    0x080003ae   0x080003ae   0x0000000a   Code   RO         2466    .text               c_w.l(cxa_atexit.o)
    0x080003b8   0x080003b8   0x00000064   Code   RO         2471    .text               c_w.l(rt_memcpy_w.o)
    0x0800041c   0x0800041c   0x0000004e   Code   RO         2475    .text               c_w.l(rt_memclr_w.o)
    0x0800046a   0x0800046a   0x00000006   Code   RO         2477    .text               c_w.l(heapauxi.o)
    0x08000470   0x08000470   0x00000024   Code   RO         2484    .text               c_w.l(init_aeabi.o)
    0x08000494   0x08000494   0x0000000c   Code   RO         2578    .text               c_w.l(sys_exit.o)
    0x080004a0   0x080004a0   0x0000005e   Code   RO         2591    .text               c_w.l(h1_alloc.o)
    0x080004fe   0x080004fe   0x0000004e   Code   RO         2593    .text               c_w.l(h1_free.o)
    0x0800054c   0x0800054c   0x000000b4   Code   RO         2595    .text               c_w.l(h1_memalign.o)
    0x08000600   0x08000600   0x0000002e   Code   RO         2656    .text               c_w.l(aeabi_atexit.o)
    0x0800062e   0x0800062e   0x0000000e   Code   RO         2659    .text               c_w.l(defsig_abrt_outer.o)
    0x0800063c   0x0800063c   0x00000002   Code   RO         2752    .text               c_w.l(use_no_semi.o)
    0x0800063e   0x0800063e   0x00000000   Code   RO         2756    .text               c_w.l(indicate_semi.o)
    0x0800063e   0x0800063e   0x00000002   PAD
    0x08000640   0x08000640   0x00000008   Code   RO         2779    .text               c_w.l(rt_heap_descriptor_intlibspace.o)
    0x08000648   0x08000648   0x00000008   Code   RO         2784    .text               c_w.l(rt_ddtor_pointer_addr_intlibspace.o)
    0x08000650   0x08000650   0x00000004   Code   RO         2786    .text               c_w.l(hguard.o)
    0x08000654   0x08000654   0x0000008a   Code   RO         2788    .text               c_w.l(init_alloc.o)
    0x080006de   0x080006de   0x0000000e   Code   RO         2792    .text               c_w.l(h1_init.o)
    0x080006ec   0x080006ec   0x00000042   Code   RO         2804    .text               c_w.l(cxa_finalize.o)
    0x0800072e   0x0800072e   0x0000000a   Code   RO         2807    .text               c_w.l(defsig_exit.o)
    0x08000738   0x08000738   0x00000030   Code   RO         2809    .text               c_w.l(defsig_abrt_inner.o)
    0x08000768   0x08000768   0x00000108   Code   RO         2811    .text               c_w.l(_get_argv.o)
    0x08000870   0x08000870   0x00000018   Code   RO         2827    .text               c_w.l(sys_command.o)
    0x08000888   0x08000888   0x00000008   Code   RO         2831    .text               c_w.l(libspace.o)
    0x08000890   0x08000890   0x0000004a   Code   RO         2834    .text               c_w.l(sys_stackheap_outer.o)
    0x080008da   0x080008da   0x00000004   Code   RO         2836    .text               c_w.l(hrguard.o)
    0x080008de   0x080008de   0x00000000   Code   RO         2838    .text               c_w.l(maybetermalloc1.o)
    0x080008de   0x080008de   0x00000034   Code   RO         2840    .text               c_w.l(h1_extend.o)
    0x08000912   0x08000912   0x00000012   Code   RO         2844    .text               c_w.l(exit.o)
    0x08000924   0x08000924   0x00000032   Code   RO         2848    .text               c_w.l(defsig_general.o)
    0x08000956   0x08000956   0x0000000e   Code   RO         2854    .text               c_w.l(defsig_rtmem_outer.o)
    0x08000964   0x08000964   0x0000000e   Code   RO         2887    .text               c_w.l(sys_wrch.o)
    0x08000972   0x08000972   0x00000002   PAD
    0x08000974   0x08000974   0x00000050   Code   RO         2897    .text               c_w.l(defsig_rtmem_inner.o)
    0x080009c4   0x080009c4   0x00000004   Code   RO          129    .text.BusFault_Handler  stm32f4xx_it.o
    0x080009c8   0x080009c8   0x00000010   Code   RO          135    .text.CAN1_RX0_IRQHandler  stm32f4xx_it.o
    0x080009d8   0x080009d8   0x00000010   Code   RO          137    .text.CAN1_RX1_IRQHandler  stm32f4xx_it.o
    0x080009e8   0x080009e8   0x00000010   Code   RO          147    .text.CAN2_RX0_IRQHandler  stm32f4xx_it.o
    0x080009f8   0x080009f8   0x00000010   Code   RO          149    .text.CAN2_RX1_IRQHandler  stm32f4xx_it.o
    0x08000a08   0x08000a08   0x0000004a   Code   RO         2247    .text.Control       controltask.o
    0x08000a52   0x08000a52   0x00000002   PAD
    0x08000a54   0x08000a54   0x00000010   Code   RO          143    .text.DMA2_Stream1_IRQHandler  stm32f4xx_it.o
    0x08000a64   0x08000a64   0x00000010   Code   RO          145    .text.DMA2_Stream2_IRQHandler  stm32f4xx_it.o
    0x08000a74   0x08000a74   0x00000010   Code   RO          151    .text.DMA2_Stream6_IRQHandler  stm32f4xx_it.o
    0x08000a84   0x08000a84   0x00000056   Code   RO          797    .text.DMA_CalcBaseAndBitshift  stm32f4xx_hal_dma.o
    0x08000ada   0x08000ada   0x00000002   PAD
    0x08000adc   0x08000adc   0x000000f8   Code   RO          795    .text.DMA_CheckFifoParam  stm32f4xx_hal_dma.o
    0x08000bd4   0x08000bd4   0x00000050   Code   RO          803    .text.DMA_SetConfig  stm32f4xx_hal_dma.o
    0x08000c24   0x08000c24   0x00000002   Code   RO          133    .text.DebugMon_Handler  stm32f4xx_it.o
    0x08000c26   0x08000c26   0x00000002   PAD
    0x08000c28   0x08000c28   0x00000006   Code   RO           15    .text.Error_Handler  main.o
    0x08000c2e   0x08000c2e   0x00000002   PAD
    0x08000c30   0x08000c30   0x00000052   Code   RO          554    .text.HAL_CAN_ActivateNotification  stm32f4xx_hal_can.o
    0x08000c82   0x08000c82   0x00000002   PAD
    0x08000c84   0x08000c84   0x0000015c   Code   RO          540    .text.HAL_CAN_AddTxMessage  stm32f4xx_hal_can.o
    0x08000de0   0x08000de0   0x000001ae   Code   RO          530    .text.HAL_CAN_ConfigFilter  stm32f4xx_hal_can.o
    0x08000f8e   0x08000f8e   0x00000002   PAD
    0x08000f90   0x08000f90   0x00000008   Code   RO          584    .text.HAL_CAN_ErrorCallback  stm32f4xx_hal_can.o
    0x08000f98   0x08000f98   0x00000054   Code   RO          552    .text.HAL_CAN_GetRxFifoFillLevel  stm32f4xx_hal_can.o
    0x08000fec   0x08000fec   0x0000021c   Code   RO          550    .text.HAL_CAN_GetRxMessage  stm32f4xx_hal_can.o
    0x08001208   0x08001208   0x00000070   Code   RO          544    .text.HAL_CAN_GetTxMailboxesFreeLevel  stm32f4xx_hal_can.o
    0x08001278   0x08001278   0x00000404   Code   RO          558    .text.HAL_CAN_IRQHandler  stm32f4xx_hal_can.o
    0x0800167c   0x0800167c   0x000001e4   Code   RO          520    .text.HAL_CAN_Init  stm32f4xx_hal_can.o
    0x08001860   0x08001860   0x000001b4   Code   RO           62    .text.HAL_CAN_MspInit  can.o
    0x08001a14   0x08001a14   0x00000008   Code   RO          572    .text.HAL_CAN_RxFifo0FullCallback  stm32f4xx_hal_can.o
    0x08001a1c   0x08001a1c   0x00000046   Code   RO         2210    .text.HAL_CAN_RxFifo0MsgPendingCallback  callback.o
    0x08001a62   0x08001a62   0x00000002   PAD
    0x08001a64   0x08001a64   0x00000008   Code   RO          576    .text.HAL_CAN_RxFifo1FullCallback  stm32f4xx_hal_can.o
    0x08001a6c   0x08001a6c   0x00000046   Code   RO         2212    .text.HAL_CAN_RxFifo1MsgPendingCallback  callback.o
    0x08001ab2   0x08001ab2   0x00000002   PAD
    0x08001ab4   0x08001ab4   0x00000008   Code   RO          580    .text.HAL_CAN_SleepCallback  stm32f4xx_hal_can.o
    0x08001abc   0x08001abc   0x0000008c   Code   RO          532    .text.HAL_CAN_Start  stm32f4xx_hal_can.o
    0x08001b48   0x08001b48   0x00000008   Code   RO          562    .text.HAL_CAN_TxMailbox0AbortCallback  stm32f4xx_hal_can.o
    0x08001b50   0x08001b50   0x00000008   Code   RO          560    .text.HAL_CAN_TxMailbox0CompleteCallback  stm32f4xx_hal_can.o
    0x08001b58   0x08001b58   0x00000008   Code   RO          566    .text.HAL_CAN_TxMailbox1AbortCallback  stm32f4xx_hal_can.o
    0x08001b60   0x08001b60   0x00000008   Code   RO          564    .text.HAL_CAN_TxMailbox1CompleteCallback  stm32f4xx_hal_can.o
    0x08001b68   0x08001b68   0x00000008   Code   RO          570    .text.HAL_CAN_TxMailbox2AbortCallback  stm32f4xx_hal_can.o
    0x08001b70   0x08001b70   0x00000008   Code   RO          568    .text.HAL_CAN_TxMailbox2CompleteCallback  stm32f4xx_hal_can.o
    0x08001b78   0x08001b78   0x00000008   Code   RO          582    .text.HAL_CAN_WakeUpFromRxMsgCallback  stm32f4xx_hal_can.o
    0x08001b80   0x08001b80   0x000000f4   Code   RO          807    .text.HAL_DMA_Abort  stm32f4xx_hal_dma.o
    0x08001c74   0x08001c74   0x00000044   Code   RO          809    .text.HAL_DMA_Abort_IT  stm32f4xx_hal_dma.o
    0x08001cb8   0x08001cb8   0x00000344   Code   RO          813    .text.HAL_DMA_IRQHandler  stm32f4xx_hal_dma.o
    0x08001ffc   0x08001ffc   0x00000178   Code   RO          793    .text.HAL_DMA_Init  stm32f4xx_hal_dma.o
    0x08002174   0x08002174   0x000000c6   Code   RO          805    .text.HAL_DMA_Start_IT  stm32f4xx_hal_dma.o
    0x0800223a   0x0800223a   0x00000002   PAD
    0x0800223c   0x0800223c   0x000003fa   Code   RO          755    .text.HAL_GPIO_Init  stm32f4xx_hal_gpio.o
    0x08002636   0x08002636   0x00000002   PAD
    0x08002638   0x08002638   0x0000000c   Code   RO          986    .text.HAL_GetTick   stm32f4xx_hal.o
    0x08002644   0x08002644   0x0000001a   Code   RO          984    .text.HAL_IncTick   stm32f4xx_hal.o
    0x0800265e   0x0800265e   0x00000002   PAD
    0x08002660   0x08002660   0x0000003c   Code   RO          974    .text.HAL_Init      stm32f4xx_hal.o
    0x0800269c   0x0800269c   0x000000e2   Code   RO          170    .text.HAL_InitTick  stm32f4xx_hal_timebase_tim.o
    0x0800277e   0x0800277e   0x00000002   PAD
    0x08002780   0x08002780   0x00000058   Code   RO          162    .text.HAL_MspInit   stm32f4xx_hal_msp.o
    0x080027d8   0x080027d8   0x00000018   Code   RO          909    .text.HAL_NVIC_EnableIRQ  stm32f4xx_hal_cortex.o
    0x080027f0   0x080027f0   0x00000040   Code   RO          901    .text.HAL_NVIC_SetPriority  stm32f4xx_hal_cortex.o
    0x08002830   0x08002830   0x00000010   Code   RO          897    .text.HAL_NVIC_SetPriorityGrouping  stm32f4xx_hal_cortex.o
    0x08002840   0x08002840   0x000000be   Code   RO          884    .text.HAL_PWREx_EnableOverDrive  stm32f4xx_hal_pwr_ex.o
    0x080028fe   0x080028fe   0x00000002   PAD
    0x08002900   0x08002900   0x00000264   Code   RO          603    .text.HAL_RCC_ClockConfig  stm32f4xx_hal_rcc.o
    0x08002b64   0x08002b64   0x00000054   Code   RO          621    .text.HAL_RCC_GetClockConfig  stm32f4xx_hal_rcc.o
    0x08002bb8   0x08002bb8   0x0000000c   Code   RO          613    .text.HAL_RCC_GetHCLKFreq  stm32f4xx_hal_rcc.o
    0x08002bc4   0x08002bc4   0x00000022   Code   RO          615    .text.HAL_RCC_GetPCLK1Freq  stm32f4xx_hal_rcc.o
    0x08002be6   0x08002be6   0x00000002   PAD
    0x08002be8   0x08002be8   0x00000022   Code   RO          617    .text.HAL_RCC_GetPCLK2Freq  stm32f4xx_hal_rcc.o
    0x08002c0a   0x08002c0a   0x00000002   PAD
    0x08002c0c   0x08002c0c   0x000000e8   Code   RO          605    .text.HAL_RCC_GetSysClockFreq  stm32f4xx_hal_rcc.o
    0x08002cf4   0x08002cf4   0x000006ca   Code   RO          601    .text.HAL_RCC_OscConfig  stm32f4xx_hal_rcc.o
    0x080033be   0x080033be   0x00000002   PAD
    0x080033c0   0x080033c0   0x00000008   Code   RO          507    .text.HAL_TIMEx_BreakCallback  stm32f4xx_hal_tim_ex.o
    0x080033c8   0x080033c8   0x00000008   Code   RO          503    .text.HAL_TIMEx_CommutCallback  stm32f4xx_hal_tim_ex.o
    0x080033d0   0x080033d0   0x000000a6   Code   RO          184    .text.HAL_TIM_Base_Init  stm32f4xx_hal_tim.o
    0x08003476   0x08003476   0x00000002   PAD
    0x08003478   0x08003478   0x00000008   Code   RO          186    .text.HAL_TIM_Base_MspInit  stm32f4xx_hal_tim.o
    0x08003480   0x08003480   0x000000f6   Code   RO          198    .text.HAL_TIM_Base_Start_IT  stm32f4xx_hal_tim.o
    0x08003576   0x08003576   0x00000002   PAD
    0x08003578   0x08003578   0x00000008   Code   RO          320    .text.HAL_TIM_IC_CaptureCallback  stm32f4xx_hal_tim.o
    0x08003580   0x08003580   0x00000222   Code   RO          318    .text.HAL_TIM_IRQHandler  stm32f4xx_hal_tim.o
    0x080037a2   0x080037a2   0x00000002   PAD
    0x080037a4   0x080037a4   0x0000006c   Code   RO           86    .text.HAL_TIM_MspPostInit  tim.o
    0x08003810   0x08003810   0x00000008   Code   RO          322    .text.HAL_TIM_OC_DelayElapsedCallback  stm32f4xx_hal_tim.o
    0x08003818   0x08003818   0x00000142   Code   RO          350    .text.HAL_TIM_PWM_ConfigChannel  stm32f4xx_hal_tim.o
    0x0800395a   0x0800395a   0x00000002   PAD
    0x0800395c   0x0800395c   0x000000a6   Code   RO          238    .text.HAL_TIM_PWM_Init  stm32f4xx_hal_tim.o
    0x08003a02   0x08003a02   0x00000002   PAD
    0x08003a04   0x08003a04   0x0000003e   Code   RO           88    .text.HAL_TIM_PWM_MspInit  tim.o
    0x08003a42   0x08003a42   0x00000002   PAD
    0x08003a44   0x08003a44   0x00000008   Code   RO          324    .text.HAL_TIM_PWM_PulseFinishedCallback  stm32f4xx_hal_tim.o
    0x08003a4c   0x08003a4c   0x00000020   Code   RO           17    .text.HAL_TIM_PeriodElapsedCallback  main.o
    0x08003a6c   0x08003a6c   0x00000008   Code   RO          328    .text.HAL_TIM_TriggerCallback  stm32f4xx_hal_tim.o
    0x08003a74   0x08003a74   0x000000be   Code   RO         1121    .text.HAL_UARTEx_ReceiveToIdle_DMA  stm32f4xx_hal_uart.o
    0x08003b32   0x08003b32   0x00000002   PAD
    0x08003b34   0x08003b34   0x00000080   Code   RO         2208    .text.HAL_UARTEx_RxEventCallback  callback.o
    0x08003bb4   0x08003bb4   0x00000008   Code   RO         1157    .text.HAL_UART_ErrorCallback  stm32f4xx_hal_uart.o
    0x08003bbc   0x08003bbc   0x0000046e   Code   RO         1151    .text.HAL_UART_IRQHandler  stm32f4xx_hal_uart.o
    0x0800402a   0x0800402a   0x00000002   PAD
    0x0800402c   0x0800402c   0x000000a4   Code   RO         1067    .text.HAL_UART_Init  stm32f4xx_hal_uart.o
    0x080040d0   0x080040d0   0x000002b6   Code   RO          106    .text.HAL_UART_MspInit  usart.o
    0x08004386   0x08004386   0x00000002   PAD
    0x08004388   0x08004388   0x0000014e   Code   RO         1087    .text.HAL_UART_Receive  stm32f4xx_hal_uart.o
    0x080044d6   0x080044d6   0x00000002   PAD
    0x080044d8   0x080044d8   0x0000005c   Code   RO         1103    .text.HAL_UART_Receive_DMA  stm32f4xx_hal_uart.o
    0x08004534   0x08004534   0x0000005c   Code   RO         1091    .text.HAL_UART_Receive_IT  stm32f4xx_hal_uart.o
    0x08004590   0x08004590   0x00000008   Code   RO         1169    .text.HAL_UART_RxCpltCallback  stm32f4xx_hal_uart.o
    0x08004598   0x08004598   0x00000008   Code   RO         1171    .text.HAL_UART_RxHalfCpltCallback  stm32f4xx_hal_uart.o
    0x080045a0   0x080045a0   0x00000140   Code   RO         1083    .text.HAL_UART_Transmit  stm32f4xx_hal_uart.o
    0x080046e0   0x080046e0   0x0000010a   Code   RO         1095    .text.HAL_UART_Transmit_DMA  stm32f4xx_hal_uart.o
    0x080047ea   0x080047ea   0x00000002   PAD
    0x080047ec   0x080047ec   0x00000078   Code   RO         1089    .text.HAL_UART_Transmit_IT  stm32f4xx_hal_uart.o
    0x08004864   0x08004864   0x00000008   Code   RO         1165    .text.HAL_UART_TxCpltCallback  stm32f4xx_hal_uart.o
    0x0800486c   0x0800486c   0x00000008   Code   RO         1167    .text.HAL_UART_TxHalfCpltCallback  stm32f4xx_hal_uart.o
    0x08004874   0x08004874   0x00000004   Code   RO          125    .text.HardFault_Handler  stm32f4xx_it.o
    0x08004878   0x08004878   0x00000048   Code   RO           58    .text.MX_CAN1_Init  can.o
    0x080048c0   0x080048c0   0x00000048   Code   RO           60    .text.MX_CAN2_Init  can.o
    0x08004908   0x08004908   0x00000064   Code   RO           76    .text.MX_DMA_Init   dma.o
    0x0800496c   0x0800496c   0x00000102   Code   RO           36    .text.MX_FREERTOS_Init  freertos.o
    0x08004a6e   0x08004a6e   0x00000002   PAD
    0x08004a70   0x08004a70   0x000000d2   Code   RO           26    .text.MX_GPIO_Init  gpio.o
    0x08004b42   0x08004b42   0x00000002   PAD
    0x08004b44   0x08004b44   0x00000084   Code   RO           84    .text.MX_TIM12_Init  tim.o
    0x08004bc8   0x08004bc8   0x00000048   Code   RO          100    .text.MX_USART1_UART_Init  usart.o
    0x08004c10   0x08004c10   0x0000003c   Code   RO          102    .text.MX_USART3_UART_Init  usart.o
    0x08004c4c   0x08004c4c   0x0000003c   Code   RO          104    .text.MX_USART6_UART_Init  usart.o
    0x08004c88   0x08004c88   0x00000004   Code   RO          127    .text.MemManage_Handler  stm32f4xx_it.o
    0x08004c8c   0x08004c8c   0x0000001a   Code   RO         2312    .text.Motor         motortask.o
    0x08004ca6   0x08004ca6   0x00000002   PAD
    0x08004ca8   0x08004ca8   0x00000004   Code   RO          123    .text.NMI_Handler   stm32f4xx_it.o
    0x08004cac   0x08004cac   0x0000006e   Code   RO          907    .text.NVIC_EncodePriority  stm32f4xx_hal_cortex.o
    0x08004d1a   0x08004d1a   0x00000006   PAD
    0x08004d20   0x08004d20   0x00000064   Code   RO         1683    .text.PendSV_Handler  port.o
    0x08004d84   0x08004d84   0x0000000c   PAD
    0x08004d90   0x08004d90   0x00000024   Code   RO         1667    .text.SVC_Handler   port.o
    0x08004db4   0x08004db4   0x00000016   Code   RO         2410    .text.Serial        serivaltask.o
    0x08004dca   0x08004dca   0x00000002   PAD
    0x08004dcc   0x08004dcc   0x00000012   Code   RO           38    .text.StartDefaultTask  freertos.o
    0x08004dde   0x08004dde   0x00000002   PAD
    0x08004de0   0x08004de0   0x0000003e   Code   RO         1685    .text.SysTick_Handler  port.o
    0x08004e1e   0x08004e1e   0x00000002   PAD
    0x08004e20   0x08004e20   0x000000d0   Code   RO           13    .text.SystemClock_Config  main.o
    0x08004ef0   0x08004ef0   0x00000012   Code   RO         1198    .text.SystemInit    system_stm32f4xx.o
    0x08004f02   0x08004f02   0x00000002   PAD
    0x08004f04   0x08004f04   0x00000010   Code   RO          139    .text.TIM1_UP_TIM10_IRQHandler  stm32f4xx_it.o
    0x08004f14   0x08004f14   0x000001a4   Code   RO          188    .text.TIM_Base_SetConfig  stm32f4xx_hal_tim.o
    0x080050b8   0x080050b8   0x000000ea   Code   RO          332    .text.TIM_OC1_SetConfig  stm32f4xx_hal_tim.o
    0x080051a2   0x080051a2   0x00000002   PAD
    0x080051a4   0x080051a4   0x000000f4   Code   RO          334    .text.TIM_OC2_SetConfig  stm32f4xx_hal_tim.o
    0x08005298   0x08005298   0x000000f2   Code   RO          336    .text.TIM_OC3_SetConfig  stm32f4xx_hal_tim.o
    0x0800538a   0x0800538a   0x00000002   PAD
    0x0800538c   0x0800538c   0x000000a4   Code   RO          338    .text.TIM_OC4_SetConfig  stm32f4xx_hal_tim.o
    0x08005430   0x08005430   0x0000001c   Code   RO         1155    .text.UART_DMAAbortOnError  stm32f4xx_hal_uart.o
    0x0800544c   0x0800544c   0x00000080   Code   RO         1101    .text.UART_DMAError  stm32f4xx_hal_uart.o
    0x080054cc   0x080054cc   0x000000f4   Code   RO         1187    .text.UART_DMAReceiveCplt  stm32f4xx_hal_uart.o
    0x080055c0   0x080055c0   0x00000034   Code   RO         1189    .text.UART_DMARxHalfCplt  stm32f4xx_hal_uart.o
    0x080055f4   0x080055f4   0x0000007a   Code   RO         1097    .text.UART_DMATransmitCplt  stm32f4xx_hal_uart.o
    0x0800566e   0x0800566e   0x00000002   PAD
    0x08005670   0x08005670   0x00000016   Code   RO         1099    .text.UART_DMATxHalfCplt  stm32f4xx_hal_uart.o
    0x08005686   0x08005686   0x00000002   PAD
    0x08005688   0x08005688   0x00000094   Code   RO         1115    .text.UART_EndRxTransfer  stm32f4xx_hal_uart.o
    0x0800571c   0x0800571c   0x00000026   Code   RO         1163    .text.UART_EndTransmit_IT  stm32f4xx_hal_uart.o
    0x08005742   0x08005742   0x00000002   PAD
    0x08005744   0x08005744   0x00000036   Code   RO         1113    .text.UART_EndTxTransfer  stm32f4xx_hal_uart.o
    0x0800577a   0x0800577a   0x00000002   PAD
    0x0800577c   0x0800577c   0x0000016e   Code   RO         1153    .text.UART_Receive_IT  stm32f4xx_hal_uart.o
    0x080058ea   0x080058ea   0x00000002   PAD
    0x080058ec   0x080058ec   0x00000156   Code   RO         1071    .text.UART_SetConfig  stm32f4xx_hal_uart.o
    0x08005a42   0x08005a42   0x00000002   PAD
    0x08005a44   0x08005a44   0x0000013a   Code   RO         1105    .text.UART_Start_Receive_DMA  stm32f4xx_hal_uart.o
    0x08005b7e   0x08005b7e   0x00000002   PAD
    0x08005b80   0x08005b80   0x00000066   Code   RO         1093    .text.UART_Start_Receive_IT  stm32f4xx_hal_uart.o
    0x08005be6   0x08005be6   0x00000002   PAD
    0x08005be8   0x08005be8   0x00000098   Code   RO         1161    .text.UART_Transmit_IT  stm32f4xx_hal_uart.o
    0x08005c80   0x08005c80   0x000000de   Code   RO         1085    .text.UART_WaitOnFlagUntilTimeout  stm32f4xx_hal_uart.o
    0x08005d5e   0x08005d5e   0x00000002   PAD
    0x08005d60   0x08005d60   0x00000010   Code   RO          141    .text.USART1_IRQHandler  stm32f4xx_it.o
    0x08005d70   0x08005d70   0x00000010   Code   RO          153    .text.USART6_IRQHandler  stm32f4xx_it.o
    0x08005d80   0x08005d80   0x00000004   Code   RO          131    .text.UsageFault_Handler  stm32f4xx_it.o
    0x08005d84   0x08005d84   0x00000010   Code   RO         2249    .text._GLOBAL__sub_I_ControlTask.cpp  controltask.o
    0x08005d94   0x08005d94   0x0000000c   Code   RO         2334    .text._GLOBAL__sub_I_MotorTask.cpp  motortask.o
    0x08005da0   0x08005da0   0x00000008   Code   RO         2430    .text._GLOBAL__sub_I_SerivalTask.cpp  serivaltask.o
    0x08005da8   0x08005da8   0x0000005e   Code   RO         2241    .text._Z11gimbal_stopv  controltask.o
    0x08005e06   0x08005e06   0x00000002   PAD
    0x08005e08   0x08005e08   0x00000062   Code   RO         2406    .text._Z11serivalInitv  serivaltask.o
    0x08005e6a   0x08005e6a   0x00000002   PAD
    0x08005e6c   0x08005e6c   0x00000044   Code   RO         2237    .text._Z12check_onlinev  controltask.o
    0x08005eb0   0x08005eb0   0x000000d8   Code   RO         2308    .text._Z13MotorTaskInitv  motortask.o
    0x08005f88   0x08005f88   0x000000c8   Code   RO         2243    .text._Z13gimbal_manualv  controltask.o
    0x08006050   0x08006050   0x00000010   Code   RO         2235    .text._Z15gimbal_fsm_initv  controltask.o
    0x08006060   0x08006060   0x00000104   Code   RO         2239    .text._Z16SetTarget_gimbalv  controltask.o
    0x08006164   0x08006164   0x00000078   Code   RO         2245    .text._Z16main_loop_gimbalhhb  controltask.o
    0x080061dc   0x080061dc   0x0000003a   Code   RO         2314    .text._ZL19motor_control_logicv  motortask.o
    0x08006216   0x08006216   0x00000002   PAD
    0x08006218   0x08006218   0x0000013c   Code   RO         1762    .text._ZN10Gimbal_FSM11StateUpdateEhhb  finitestatemachine_gimbal.o
    0x08006354   0x08006354   0x0000000e   Code   RO         2288    .text._ZN10Gimbal_FSM13Get_Now_StateEv  controltask.o
    0x08006362   0x08006362   0x00000002   PAD
    0x08006364   0x08006364   0x00000076   Code   RO         1758    .text._ZN10Gimbal_FSM4InitEv  finitestatemachine_gimbal.o
    0x080063da   0x080063da   0x00000002   PAD
    0x080063dc   0x080063dc   0x0000003a   Code   RO         1760    .text._ZN10Gimbal_FSM8SetStateEhhb  finitestatemachine_gimbal.o
    0x08006416   0x08006416   0x00000002   PAD
    0x08006418   0x08006418   0x00000042   Code   RO         2264    .text._ZN10Gimbal_FSMC2Ev  controltask.o
    0x0800645a   0x0800645a   0x00000002   PAD
    0x0800645c   0x0800645c   0x00000012   Code   RO         1754    .text._ZN3ALG3PID3PID11setFeedbackEf  pid.o
    0x0800646e   0x0800646e   0x00000002   PAD
    0x08006470   0x08006470   0x0000001a   Code   RO         2280    .text._ZN3ALG3PID3PID5resetEv  controltask.o
    0x0800648a   0x0800648a   0x00000002   PAD
    0x0800648c   0x0800648c   0x00000308   Code   RO         1744    .text._ZN3ALG3PID3PID6UpDateEff  pid.o
    0x08006794   0x08006794   0x0000000e   Code   RO         2284    .text._ZN3ALG3PID3PID9getOutputEv  controltask.o
    0x080067a2   0x080067a2   0x00000002   PAD
    0x080067a4   0x080067a4   0x00000012   Code   RO         1752    .text._ZN3ALG3PID3PID9setTargetEf  pid.o
    0x080067b6   0x080067b6   0x00000002   PAD
    0x080067b8   0x080067b8   0x00000046   Code   RO         1742    .text._ZN3ALG3PID3PIDC2Effffff  pid.o
    0x080067fe   0x080067fe   0x00000002   PAD
    0x08006800   0x08006800   0x00000016   Code   RO         1848    .text._ZN3BSP11WATCH_STATE10StateWatch10UpdateTimeEv  state_watch.o
    0x08006816   0x08006816   0x00000002   PAD
    0x08006818   0x08006818   0x00000064   Code   RO         1852    .text._ZN3BSP11WATCH_STATE10StateWatch11CheckStatusEv  state_watch.o
    0x0800687c   0x0800687c   0x00000016   Code   RO         1850    .text._ZN3BSP11WATCH_STATE10StateWatch14UpdateLastTimeEv  state_watch.o
    0x08006892   0x08006892   0x00000002   PAD
    0x08006894   0x08006894   0x0000001a   Code   RO         2372    .text._ZN3BSP11WATCH_STATE10StateWatchC2Ej  motortask.o
    0x080068ae   0x080068ae   0x00000002   PAD
    0x080068b0   0x080068b0   0x00000018   Code   RO         2370    .text._ZN3BSP11WATCH_STATE10StateWatchC2Ev  motortask.o
    0x080068c8   0x080068c8   0x00000056   Code   RO         1814    .text._ZN3BSP11WATCH_STATE19BuzzerManagerSimple11getInstanceEv  buzzer_manager.o
    0x0800691e   0x0800691e   0x00000002   PAD
    0x08006920   0x08006920   0x0000007c   Code   RO         1820    .text._ZN3BSP11WATCH_STATE19BuzzerManagerSimple16requestMotorRingEh  buzzer_manager.o
    0x0800699c   0x0800699c   0x00000064   Code   RO         1822    .text._ZN3BSP11WATCH_STATE19BuzzerManagerSimple17requestRemoteRingEv  buzzer_manager.o
    0x08006a00   0x08006a00   0x00000012   Code   RO         1818    .text._ZN3BSP11WATCH_STATE19BuzzerManagerSimple4initEv  buzzer_manager.o
    0x08006a12   0x08006a12   0x00000002   PAD
    0x08006a14   0x08006a14   0x00000012   Code   RO         1816    .text._ZN3BSP11WATCH_STATE19BuzzerManagerSimpleC2Ev  buzzer_manager.o
    0x08006a26   0x08006a26   0x00000002   PAD
    0x08006a28   0x08006a28   0x00000044   Code   RO         2268    .text._ZN3BSP14REMOTE_CONTROL16RemoteController11isConnectedEv  controltask.o
    0x08006a6c   0x08006a6c   0x00000012   Code   RO         1914    .text._ZN3BSP14REMOTE_CONTROL16RemoteController15updateTimestampEv  dt7.o
    0x08006a7e   0x08006a7e   0x00000002   PAD
    0x08006a80   0x08006a80   0x000001ae   Code   RO         1896    .text._ZN3BSP14REMOTE_CONTROL16RemoteController9parseDataEPKh  dt7.o
    0x08006c2e   0x08006c2e   0x00000002   PAD
    0x08006c30   0x08006c30   0x0000003c   Code   RO         2445    .text._ZN3BSP14REMOTE_CONTROL16RemoteControllerC2Ei  serivaltask.o
    0x08006c6c   0x08006c6c   0x00000080   Code   RO         1904    .text._ZN3BSP14REMOTE_CONTROLL12discreteAxisEss  dt7.o
    0x08006cec   0x08006cec   0x0000005a   Code   RO         2378    .text._ZN3BSP5Motor2DM10ParametersC2Effffffffff  motortask.o
    0x08006d46   0x08006d46   0x00000002   PAD
    0x08006d48   0x08006d48   0x00000056   Code   RO         2386    .text._ZN3BSP5Motor2DM11DMMotorBaseILh1EE13uint_to_floatEiffi  motortask.o
    0x08006d9e   0x08006d9e   0x00000002   PAD
    0x08006da0   0x08006da0   0x000000ae   Code   RO         2276    .text._ZN3BSP5Motor2DM11DMMotorBaseILh1EE3OffEhNS1_5ModelE  controltask.o
    0x08006e4e   0x08006e4e   0x00000002   PAD
    0x08006e50   0x08006e50   0x00000112   Code   RO         2382    .text._ZN3BSP5Motor2DM11DMMotorBaseILh1EE5ParseERKN3HAL3CAN5FrameE  motortask.o
    0x08006f62   0x08006f62   0x00000006   PAD
    0x08006f68   0x08006f68   0x000002e0   Code   RO         2384    .text._ZN3BSP5Motor2DM11DMMotorBaseILh1EE9ConfigureEj  motortask.o
    0x08007248   0x08007248   0x00000106   Code   RO         2380    .text._ZN3BSP5Motor2DM11DMMotorBaseILh1EEC2EtRA1_KhRA1_KjNS1_10ParametersE  motortask.o
    0x0800734e   0x0800734e   0x00000002   PAD
    0x08007350   0x08007350   0x000000dc   Code   RO         2354    .text._ZN3BSP5Motor2DM5J4310ILh1EEC2EtRA1_KhRA1_Kj  motortask.o
    0x0800742c   0x0800742c   0x00000004   PAD
    0x08007430   0x08007430   0x000001a0   Code   RO         2362    .text._ZN3BSP5Motor3Dji10ParametersC2Eddddd  motortask.o
    0x080075d0   0x080075d0   0x000000be   Code   RO         2366    .text._ZN3BSP5Motor3Dji12DjiMotorBaseILh1EE5ParseERKN3HAL3CAN5FrameE  motortask.o
    0x0800768e   0x0800768e   0x00000002   PAD
    0x08007690   0x08007690   0x00000030   Code   RO         2356    .text._ZN3BSP5Motor3Dji12DjiMotorBaseILh1EE6setCANEsi  motortask.o
    0x080076c0   0x080076c0   0x0000003e   Code   RO         2358    .text._ZN3BSP5Motor3Dji12DjiMotorBaseILh1EE7sendCANEv  motortask.o
    0x080076fe   0x080076fe   0x00000002   PAD
    0x08007700   0x08007700   0x00000390   Code   RO         2374    .text._ZN3BSP5Motor3Dji12DjiMotorBaseILh1EE9ConfigureEj  motortask.o
    0x08007a90   0x08007a90   0x0000008a   Code   RO         2364    .text._ZN3BSP5Motor3Dji12DjiMotorBaseILh1EEC2EtRA1_KhjNS1_10ParametersE  motortask.o
    0x08007b1a   0x08007b1a   0x00000006   PAD
    0x08007b20   0x08007b20   0x000000b8   Code   RO         2352    .text._ZN3BSP5Motor3Dji6GM6020ILh1EEC2EtRA1_Khj  motortask.o
    0x08007bd8   0x08007bd8   0x00000030   Code   RO         2282    .text._ZN3BSP5Motor9MotorBaseILh1EE11getAngleDegEh  controltask.o
    0x08007c08   0x08007c08   0x00000012   Code   RO         2274    .text._ZN3BSP5Motor9MotorBaseILh1EE11getIsenableEv  controltask.o
    0x08007c1a   0x08007c1a   0x00000002   PAD
    0x08007c1c   0x08007c1c   0x000000b2   Code   RO         2266    .text._ZN3BSP5Motor9MotorBaseILh1EE11isConnectedEhh  controltask.o
    0x08007cce   0x08007cce   0x00000002   PAD
    0x08007cd0   0x08007cd0   0x0000001c   Code   RO         2278    .text._ZN3BSP5Motor9MotorBaseILh1EE11setIsenableEb  controltask.o
    0x08007cec   0x08007cec   0x00000030   Code   RO         2286    .text._ZN3BSP5Motor9MotorBaseILh1EE14getVelocityRpmEh  controltask.o
    0x08007d1c   0x08007d1c   0x0000003e   Code   RO         2376    .text._ZN3BSP5Motor9MotorBaseILh1EE15updateTimestampEh  motortask.o
    0x08007d5a   0x08007d5a   0x00000002   PAD
    0x08007d5c   0x08007d5c   0x00000096   Code   RO         2368    .text._ZN3BSP5Motor9MotorBaseILh1EEC2Ej  motortask.o
    0x08007df2   0x08007df2   0x00000002   PAD
    0x08007df4   0x08007df4   0x00000016   Code   RO         2003    .text._ZN3HAL3CAN10ICanDeviceC2Ev  can_device_impl.o
    0x08007e0a   0x08007e0a   0x00000002   PAD
    0x08007e0c   0x08007e0c   0x00000006   Code   RO         2009    .text._ZN3HAL3CAN10ICanDeviceD0Ev  can_device_impl.o
    0x08007e12   0x08007e12   0x00000002   PAD
    0x08007e14   0x08007e14   0x0000000a   Code   RO         1951    .text._ZN3HAL3CAN10ICanDeviceD2Ev  can_bus_impl.o
    0x08007e1e   0x08007e1e   0x00000002   PAD
    0x08007e20   0x08007e20   0x00000008   Code   RO         2037    .text._ZN3HAL3CAN20get_can_bus_instanceEv  can_bus.o
    0x08007e28   0x08007e28   0x0000004a   Code   RO         1930    .text._ZN3HAL3CAN6CanBus10get_deviceENS0_11CanDeviceIdE  can_bus_impl.o
    0x08007e72   0x08007e72   0x00000002   PAD
    0x08007e74   0x08007e74   0x00000036   Code   RO         1928    .text._ZN3HAL3CAN6CanBus15register_deviceENS0_11CanDeviceIdEPNS0_9CanDeviceE  can_bus_impl.o
    0x08007eaa   0x08007eaa   0x00000002   PAD
    0x08007eac   0x08007eac   0x0000005c   Code   RO         1924    .text._ZN3HAL3CAN6CanBus4initEv  can_bus_impl.o
    0x08007f08   0x08007f08   0x0000009a   Code   RO         1922    .text._ZN3HAL3CAN6CanBus8instanceEv  can_bus_impl.o
    0x08007fa2   0x08007fa2   0x00000002   PAD
    0x08007fa4   0x08007fa4   0x000000a4   Code   RO         1926    .text._ZN3HAL3CAN6CanBusC2Ev  can_bus_impl.o
    0x08008048   0x08008048   0x00000018   Code   RO         1947    .text._ZN3HAL3CAN6CanBusD0Ev  can_bus_impl.o
    0x08008060   0x08008060   0x00000038   Code   RO         1943    .text._ZN3HAL3CAN6CanBusD2Ev  can_bus_impl.o
    0x08008098   0x08008098   0x0000001a   Code   RO         2360    .text._ZN3HAL3CAN7ICanBus8get_can1Ev  motortask.o
    0x080080b2   0x080080b2   0x00000002   PAD
    0x080080b4   0x080080b4   0x0000001a   Code   RO         2296    .text._ZN3HAL3CAN7ICanBus8get_can2Ev  controltask.o
    0x080080ce   0x080080ce   0x00000002   PAD
    0x080080d0   0x080080d0   0x00000016   Code   RO         1945    .text._ZN3HAL3CAN7ICanBusC2Ev  can_bus_impl.o
    0x080080e6   0x080080e6   0x00000002   PAD
    0x080080e8   0x080080e8   0x00000006   Code   RO         1967    .text._ZN3HAL3CAN7ICanBusD0Ev  can_bus_impl.o
    0x080080ee   0x080080ee   0x00000002   PAD
    0x080080f0   0x080080f0   0x0000000a   Code   RO         1965    .text._ZN3HAL3CAN7ICanBusD2Ev  can_bus_impl.o
    0x080080fa   0x080080fa   0x00000002   PAD
    0x080080fc   0x080080fc   0x00000032   Code   RO         1980    .text._ZN3HAL3CAN9CanDevice16configure_filterEv  can_device_impl.o
    0x0800812e   0x0800812e   0x00000002   PAD
    0x08008130   0x08008130   0x00000228   Code   RO         1990    .text._ZN3HAL3CAN9CanDevice20register_rx_callbackENSt3__18functionIFvRKNS0_5FrameEEEE  can_device_impl.o
    0x08008358   0x08008358   0x000000b4   Code   RO         1992    .text._ZN3HAL3CAN9CanDevice20trigger_rx_callbacksERKNS0_5FrameE  can_device_impl.o
    0x0800840c   0x0800840c   0x00000010   Code   RO         1978    .text._ZN3HAL3CAN9CanDevice4initEv  can_device_impl.o
    0x0800841c   0x0800841c   0x000000a6   Code   RO         1984    .text._ZN3HAL3CAN9CanDevice4sendERKNS0_5FrameE  can_device_impl.o
    0x080084c2   0x080084c2   0x00000002   PAD
    0x080084c4   0x080084c4   0x00000044   Code   RO         1982    .text._ZN3HAL3CAN9CanDevice5startEv  can_device_impl.o
    0x08008508   0x08008508   0x0000009a   Code   RO         1986    .text._ZN3HAL3CAN9CanDevice7receiveERNS0_5FrameE  can_device_impl.o
    0x080085a2   0x080085a2   0x00000002   PAD
    0x080085a4   0x080085a4   0x0000007a   Code   RO         1976    .text._ZN3HAL3CAN9CanDeviceC2EP17CAN_HandleTypeDefjj  can_device_impl.o
    0x0800861e   0x0800861e   0x00000002   PAD
    0x08008620   0x08008620   0x00000018   Code   RO         2007    .text._ZN3HAL3CAN9CanDeviceD0Ev  can_device_impl.o
    0x08008638   0x08008638   0x000000ce   Code   RO         1949    .text._ZN3HAL3CAN9CanDeviceD2Ev  can_bus_impl.o
    0x08008706   0x08008706   0x00000002   PAD
    0x08008708   0x08008708   0x00000062   Code   RO         2131    .text._ZN3HAL4UART10UartDevice11receive_dmaERNS0_4DataE  uart_device_impl.o
    0x0800876a   0x0800876a   0x00000002   PAD
    0x0800876c   0x0800876c   0x00000028   Code   RO         2127    .text._ZN3HAL4UART10UartDevice12receive_byteERh  uart_device_impl.o
    0x08008794   0x08008794   0x00000062   Code   RO         2129    .text._ZN3HAL4UART10UartDevice12transmit_dmaERKNS0_4DataE  uart_device_impl.o
    0x080087f6   0x080087f6   0x00000002   PAD
    0x080087f8   0x080087f8   0x00000036   Code   RO         2125    .text._ZN3HAL4UART10UartDevice13transmit_byteEh  uart_device_impl.o
    0x0800882e   0x0800882e   0x00000002   PAD
    0x08008830   0x08008830   0x00000056   Code   RO         2139    .text._ZN3HAL4UART10UartDevice15clear_ore_errorERNS0_4DataE  uart_device_impl.o
    0x08008886   0x08008886   0x00000002   PAD
    0x08008888   0x08008888   0x00000062   Code   RO         2133    .text._ZN3HAL4UART10UartDevice16receive_dma_idleERNS0_4DataE  uart_device_impl.o
    0x080088ea   0x080088ea   0x00000002   PAD
    0x080088ec   0x080088ec   0x00000228   Code   RO         2135    .text._ZN3HAL4UART10UartDevice20register_rx_callbackENSt3__18functionIFvRKNS0_4DataEEEE  uart_device_impl.o
    0x08008b14   0x08008b14   0x000000b4   Code   RO         2137    .text._ZN3HAL4UART10UartDevice20trigger_rx_callbacksERKNS0_4DataE  uart_device_impl.o
    0x08008bc8   0x08008bc8   0x00000008   Code   RO         2117    .text._ZN3HAL4UART10UartDevice4initEv  uart_device_impl.o
    0x08008bd0   0x08008bd0   0x00000016   Code   RO         2119    .text._ZN3HAL4UART10UartDevice5startEv  uart_device_impl.o
    0x08008be6   0x08008be6   0x00000002   PAD
    0x08008be8   0x08008be8   0x00000062   Code   RO         2123    .text._ZN3HAL4UART10UartDevice7receiveERNS0_4DataE  uart_device_impl.o
    0x08008c4a   0x08008c4a   0x00000002   PAD
    0x08008c4c   0x08008c4c   0x00000058   Code   RO         2121    .text._ZN3HAL4UART10UartDevice8transmitERKNS0_4DataE  uart_device_impl.o
    0x08008ca4   0x08008ca4   0x00000074   Code   RO         2115    .text._ZN3HAL4UART10UartDeviceC2EP20__UART_HandleTypeDef  uart_device_impl.o
    0x08008d18   0x08008d18   0x00000018   Code   RO         2156    .text._ZN3HAL4UART10UartDeviceD0Ev  uart_device_impl.o
    0x08008d30   0x08008d30   0x000000ce   Code   RO         2096    .text._ZN3HAL4UART10UartDeviceD2Ev  uart_bus_impl.o
    0x08008dfe   0x08008dfe   0x00000002   PAD
    0x08008e00   0x08008e00   0x00000016   Code   RO         2152    .text._ZN3HAL4UART11IUartDeviceC2Ev  uart_device_impl.o
    0x08008e16   0x08008e16   0x00000002   PAD
    0x08008e18   0x08008e18   0x00000006   Code   RO         2158    .text._ZN3HAL4UART11IUartDeviceD0Ev  uart_device_impl.o
    0x08008e1e   0x08008e1e   0x00000002   PAD
    0x08008e20   0x08008e20   0x0000000a   Code   RO         2098    .text._ZN3HAL4UART11IUartDeviceD2Ev  uart_bus_impl.o
    0x08008e2a   0x08008e2a   0x00000002   PAD
    0x08008e2c   0x08008e2c   0x00000008   Code   RO         2185    .text._ZN3HAL4UART21get_uart_bus_instanceEv  uart_bus.o
    0x08008e34   0x08008e34   0x0000004a   Code   RO         2077    .text._ZN3HAL4UART7UartBus10get_deviceENS0_12UartDeviceIdE  uart_bus_impl.o
    0x08008e7e   0x08008e7e   0x00000002   PAD
    0x08008e80   0x08008e80   0x00000036   Code   RO         2075    .text._ZN3HAL4UART7UartBus15register_deviceENS0_12UartDeviceIdEPNS0_10UartDeviceE  uart_bus_impl.o
    0x08008eb6   0x08008eb6   0x00000002   PAD
    0x08008eb8   0x08008eb8   0x0000005c   Code   RO         2071    .text._ZN3HAL4UART7UartBus4initEv  uart_bus_impl.o
    0x08008f14   0x08008f14   0x0000009a   Code   RO         2069    .text._ZN3HAL4UART7UartBus8instanceEv  uart_bus_impl.o
    0x08008fae   0x08008fae   0x00000002   PAD
    0x08008fb0   0x08008fb0   0x000000b2   Code   RO         2073    .text._ZN3HAL4UART7UartBusC2Ev  uart_bus_impl.o
    0x08009062   0x08009062   0x00000002   PAD
    0x08009064   0x08009064   0x00000018   Code   RO         2094    .text._ZN3HAL4UART7UartBusD0Ev  uart_bus_impl.o
    0x0800907c   0x0800907c   0x00000040   Code   RO         2090    .text._ZN3HAL4UART7UartBusD2Ev  uart_bus_impl.o
    0x080090bc   0x080090bc   0x00000016   Code   RO         2092    .text._ZN3HAL4UART8IUartBusC2Ev  uart_bus_impl.o
    0x080090d2   0x080090d2   0x00000002   PAD
    0x080090d4   0x080090d4   0x00000006   Code   RO         2106    .text._ZN3HAL4UART8IUartBusD0Ev  uart_bus_impl.o
    0x080090da   0x080090da   0x00000002   PAD
    0x080090dc   0x080090dc   0x0000000a   Code   RO         2104    .text._ZN3HAL4UART8IUartBusD2Ev  uart_bus_impl.o
    0x080090e6   0x080090e6   0x00000002   PAD
    0x080090e8   0x080090e8   0x0000000c   Code   RO         2294    .text._ZNK3BSP11WATCH_STATE10StateWatch9GetStatusEv  controltask.o
    0x080090f4   0x080090f4   0x00000098   Code   RO         1900    .text._ZNK3BSP14REMOTE_CONTROL16RemoteController11extractBitsEPKhjh  dt7.o
    0x0800918c   0x0800918c   0x00000018   Code   RO         1906    .text._ZNK3BSP14REMOTE_CONTROL16RemoteController11extractBoolEh  dt7.o
    0x080091a4   0x080091a4   0x0000000e   Code   RO         2270    .text._ZNK3BSP14REMOTE_CONTROL16RemoteController11get_right_xEv  controltask.o
    0x080091b2   0x080091b2   0x00000002   PAD
    0x080091b4   0x080091b4   0x0000000e   Code   RO         2272    .text._ZNK3BSP14REMOTE_CONTROL16RemoteController11get_right_yEv  controltask.o
    0x080091c2   0x080091c2   0x00000002   PAD
    0x080091c4   0x080091c4   0x00000022   Code   RO         1902    .text._ZNK3BSP14REMOTE_CONTROL16RemoteController13extract16BitsEhh  dt7.o
    0x080091e6   0x080091e6   0x00000002   PAD
    0x080091e8   0x080091e8   0x000000a2   Code   RO         1898    .text._ZNK3BSP14REMOTE_CONTROL16RemoteController15mapChannelValueEt  dt7.o
    0x0800928a   0x0800928a   0x00000002   PAD
    0x0800928c   0x0800928c   0x0000000c   Code   RO         2290    .text._ZNK3BSP14REMOTE_CONTROL16RemoteController6get_s1Ev  controltask.o
    0x08009298   0x08009298   0x0000000c   Code   RO         2292    .text._ZNK3BSP14REMOTE_CONTROL16RemoteController6get_s2Ev  controltask.o
    0x080092a4   0x080092a4   0x0000003c   Code   RO         1932    .text._ZNK3HAL3CAN6CanBus10has_deviceENS0_11CanDeviceIdE  can_bus_impl.o
    0x080092e0   0x080092e0   0x0000000c   Code   RO         1988    .text._ZNK3HAL3CAN9CanDevice10get_handleEv  can_device_impl.o
    0x080092ec   0x080092ec   0x0000000c   Code   RO         2141    .text._ZNK3HAL4UART10UartDevice10get_handleEv  uart_device_impl.o
    0x080092f8   0x080092f8   0x0000003c   Code   RO         2079    .text._ZNK3HAL4UART7UartBus10has_deviceENS0_12UartDeviceIdE  uart_bus_impl.o
    0x08009334   0x08009334   0x00000106   Code   RO         2418    .text._ZNKSt3__110__function6__funcIZ11serivalInitvE3$_0NS_9allocatorIS2_EEFvRKN3HAL4UART4DataEEE7__cloneEPNS0_6__baseISA_EE  serivaltask.o
    0x0800943a   0x0800943a   0x00000002   PAD
    0x0800943c   0x0800943c   0x00000322   Code   RO         2416    .text._ZNKSt3__110__function6__funcIZ11serivalInitvE3$_0NS_9allocatorIS2_EEFvRKN3HAL4UART4DataEEE7__cloneEv  serivaltask.o
    0x0800975e   0x0800975e   0x00000002   PAD
    0x08009760   0x08009760   0x00000106   Code   RO         2322    .text._ZNKSt3__110__function6__funcIZ13MotorTaskInitvE3$_0NS_9allocatorIS2_EEFvRKN3HAL3CAN5FrameEEE7__cloneEPNS0_6__baseISA_EE  motortask.o
    0x08009866   0x08009866   0x00000002   PAD
    0x08009868   0x08009868   0x00000322   Code   RO         2320    .text._ZNKSt3__110__function6__funcIZ13MotorTaskInitvE3$_0NS_9allocatorIS2_EEFvRKN3HAL3CAN5FrameEEE7__cloneEv  motortask.o
    0x08009b8a   0x08009b8a   0x00000004   Code   RO         2560    .text._ZNKSt3__120__vector_base_commonILb1EE20__throw_length_errorEv  libcpp_w.l(vector.cpp.o)
    0x08009b8e   0x08009b8e   0x00000002   PAD
    0x08009b90   0x08009b90   0x0000006c   Code   RO         2025    .text._ZNKSt3__16vectorINS_8functionIFvRKN3HAL3CAN5FrameEEEENS_9allocatorIS8_EEE8max_sizeEv  can_device_impl.o
    0x08009bfc   0x08009bfc   0x0000006c   Code   RO         2174    .text._ZNKSt3__16vectorINS_8functionIFvRKN3HAL4UART4DataEEEENS_9allocatorIS8_EEE8max_sizeEv  uart_device_impl.o
    0x08009c68   0x08009c68   0x0000003c   Code   RO         2005    .text._ZNKSt3__18functionIFvRKN3HAL3CAN5FrameEEEclES5_  can_device_impl.o
    0x08009ca4   0x08009ca4   0x0000003c   Code   RO         2154    .text._ZNKSt3__18functionIFvRKN3HAL4UART4DataEEEclES5_  uart_device_impl.o
    0x08009ce0   0x08009ce0   0x0000000a   Code   RO         2017    .text._ZNSt3__110__function12__value_funcIFvRKN3HAL3CAN5FrameEEE9__as_baseEPv  can_device_impl.o
    0x08009cea   0x08009cea   0x00000002   PAD
    0x08009cec   0x08009cec   0x0000000a   Code   RO         2166    .text._ZNSt3__110__function12__value_funcIFvRKN3HAL4UART4DataEEE9__as_baseEPv  uart_device_impl.o
    0x08009cf6   0x08009cf6   0x00000002   PAD
    0x08009cf8   0x08009cf8   0x00000006   Code   RO         2390    .text._ZNSt3__110__function6__baseIFvRKN3HAL3CAN5FrameEEED0Ev  motortask.o
    0x08009cfe   0x08009cfe   0x00000002   PAD
    0x08009d00   0x08009d00   0x0000000a   Code   RO         2388    .text._ZNSt3__110__function6__baseIFvRKN3HAL3CAN5FrameEEED2Ev  motortask.o
    0x08009d0a   0x08009d0a   0x00000002   PAD
    0x08009d0c   0x08009d0c   0x00000006   Code   RO         2449    .text._ZNSt3__110__function6__baseIFvRKN3HAL4UART4DataEEED0Ev  serivaltask.o
    0x08009d12   0x08009d12   0x00000002   PAD
    0x08009d14   0x08009d14   0x0000000a   Code   RO         2447    .text._ZNSt3__110__function6__baseIFvRKN3HAL4UART4DataEEED2Ev  serivaltask.o
    0x08009d1e   0x08009d1e   0x00000002   PAD
    0x08009d20   0x08009d20   0x0000006a   Code   RO         2422    .text._ZNSt3__110__function6__funcIZ11serivalInitvE3$_0NS_9allocatorIS2_EEFvRKN3HAL4UART4DataEEE18destroy_deallocateEv  serivaltask.o
    0x08009d8a   0x08009d8a   0x00000002   PAD
    0x08009d8c   0x08009d8c   0x0000000e   Code   RO         2420    .text._ZNSt3__110__function6__funcIZ11serivalInitvE3$_0NS_9allocatorIS2_EEFvRKN3HAL4UART4DataEEE7destroyEv  serivaltask.o
    0x08009d9a   0x08009d9a   0x00000002   PAD
    0x08009d9c   0x08009d9c   0x00000018   Code   RO         2414    .text._ZNSt3__110__function6__funcIZ11serivalInitvE3$_0NS_9allocatorIS2_EEFvRKN3HAL4UART4DataEEED0Ev  serivaltask.o
    0x08009db4   0x08009db4   0x0000000c   Code   RO         2412    .text._ZNSt3__110__function6__funcIZ11serivalInitvE3$_0NS_9allocatorIS2_EEFvRKN3HAL4UART4DataEEED2Ev  serivaltask.o
    0x08009dc0   0x08009dc0   0x0000002e   Code   RO         2424    .text._ZNSt3__110__function6__funcIZ11serivalInitvE3$_0NS_9allocatorIS2_EEFvRKN3HAL4UART4DataEEEclES9_  serivaltask.o
    0x08009dee   0x08009dee   0x00000002   PAD
    0x08009df0   0x08009df0   0x0000006a   Code   RO         2326    .text._ZNSt3__110__function6__funcIZ13MotorTaskInitvE3$_0NS_9allocatorIS2_EEFvRKN3HAL3CAN5FrameEEE18destroy_deallocateEv  motortask.o
    0x08009e5a   0x08009e5a   0x00000002   PAD
    0x08009e5c   0x08009e5c   0x0000000e   Code   RO         2324    .text._ZNSt3__110__function6__funcIZ13MotorTaskInitvE3$_0NS_9allocatorIS2_EEFvRKN3HAL3CAN5FrameEEE7destroyEv  motortask.o
    0x08009e6a   0x08009e6a   0x00000002   PAD
    0x08009e6c   0x08009e6c   0x00000018   Code   RO         2318    .text._ZNSt3__110__function6__funcIZ13MotorTaskInitvE3$_0NS_9allocatorIS2_EEFvRKN3HAL3CAN5FrameEEED0Ev  motortask.o
    0x08009e84   0x08009e84   0x0000000c   Code   RO         2316    .text._ZNSt3__110__function6__funcIZ13MotorTaskInitvE3$_0NS_9allocatorIS2_EEFvRKN3HAL3CAN5FrameEEED2Ev  motortask.o
    0x08009e90   0x08009e90   0x0000002e   Code   RO         2328    .text._ZNSt3__110__function6__funcIZ13MotorTaskInitvE3$_0NS_9allocatorIS2_EEFvRKN3HAL3CAN5FrameEEEclES9_  motortask.o
    0x08009ebe   0x08009ebe   0x00000002   PAD
    0x08009ec0   0x08009ec0   0x0000012a   Code   RO         1953    .text._ZNSt3__113__vector_baseINS_8functionIFvRKN3HAL3CAN5FrameEEEENS_9allocatorIS8_EEED2Ev  can_bus_impl.o
    0x08009fea   0x08009fea   0x00000002   PAD
    0x08009fec   0x08009fec   0x0000012a   Code   RO         2100    .text._ZNSt3__113__vector_baseINS_8functionIFvRKN3HAL4UART4DataEEEENS_9allocatorIS8_EEED2Ev  uart_bus_impl.o
    0x0800a116   0x0800a116   0x00000002   PAD
    0x0800a118   0x0800a118   0x0000011a   Code   RO         2019    .text._ZNSt3__114__split_bufferINS_8functionIFvRKN3HAL3CAN5FrameEEEERNS_9allocatorIS8_EEEC2EjjSB_  can_device_impl.o
    0x0800a232   0x0800a232   0x00000002   PAD
    0x0800a234   0x0800a234   0x0000011e   Code   RO         2023    .text._ZNSt3__114__split_bufferINS_8functionIFvRKN3HAL3CAN5FrameEEEERNS_9allocatorIS8_EEED2Ev  can_device_impl.o
    0x0800a352   0x0800a352   0x00000002   PAD
    0x0800a354   0x0800a354   0x0000011a   Code   RO         2168    .text._ZNSt3__114__split_bufferINS_8functionIFvRKN3HAL4UART4DataEEEERNS_9allocatorIS8_EEEC2EjjSB_  uart_device_impl.o
    0x0800a46e   0x0800a46e   0x00000002   PAD
    0x0800a470   0x0800a470   0x0000011e   Code   RO         2172    .text._ZNSt3__114__split_bufferINS_8functionIFvRKN3HAL4UART4DataEEEERNS_9allocatorIS8_EEED2Ev  uart_device_impl.o
    0x0800a58e   0x0800a58e   0x00000002   PAD
    0x0800a590   0x0800a590   0x00000012   Code   RO         1959    .text._ZNSt3__117_DeallocateCaller27__do_deallocate_handle_sizeEPvj  can_bus_impl.o
    0x0800a5a2   0x0800a5a2   0x00000002   PAD
    0x0800a5a4   0x0800a5a4   0x00000016   Code   RO         1957    .text._ZNSt3__117_DeallocateCaller27__do_deallocate_handle_sizeEPvjSt11align_val_t  can_bus_impl.o
    0x0800a5ba   0x0800a5ba   0x00000002   PAD
    0x0800a5bc   0x0800a5bc   0x00000010   Code   RO         1963    .text._ZNSt3__117_DeallocateCaller9__do_callEPv  can_bus_impl.o
    0x0800a5cc   0x0800a5cc   0x00000014   Code   RO         1961    .text._ZNSt3__117_DeallocateCaller9__do_callISt11align_val_tEEvPvT_  can_bus_impl.o
    0x0800a5e0   0x0800a5e0   0x00000038   Code   RO         2426    .text._ZNSt3__128__invoke_void_return_wrapperIvE6__callIJRZ11serivalInitvE3$_0RKN3HAL4UART4DataEEEEvDpOT_  serivaltask.o
    0x0800a618   0x0800a618   0x00000068   Code   RO         2330    .text._ZNSt3__128__invoke_void_return_wrapperIvE6__callIJRZ13MotorTaskInitvE3$_0RKN3HAL3CAN5FrameEEEEvDpOT_  motortask.o
    0x0800a680   0x0800a680   0x00000028   Code   RO         2011    .text._ZNSt3__16vectorINS_8functionIFvRKN3HAL3CAN5FrameEEEENS_9allocatorIS8_EEE21_ConstructTransactionC2ERSB_j  can_device_impl.o
    0x0800a6a8   0x0800a6a8   0x00000010   Code   RO         2013    .text._ZNSt3__16vectorINS_8functionIFvRKN3HAL3CAN5FrameEEEENS_9allocatorIS8_EEE21_ConstructTransactionD2Ev  can_device_impl.o
    0x0800a6b8   0x0800a6b8   0x000002b8   Code   RO         2021    .text._ZNSt3__16vectorINS_8functionIFvRKN3HAL3CAN5FrameEEEENS_9allocatorIS8_EEE26__swap_out_circular_bufferERNS_14__split_bufferIS8_RSA_EE  can_device_impl.o
    0x0800a970   0x0800a970   0x00000028   Code   RO         2160    .text._ZNSt3__16vectorINS_8functionIFvRKN3HAL4UART4DataEEEENS_9allocatorIS8_EEE21_ConstructTransactionC2ERSB_j  uart_device_impl.o
    0x0800a998   0x0800a998   0x00000010   Code   RO         2162    .text._ZNSt3__16vectorINS_8functionIFvRKN3HAL4UART4DataEEEENS_9allocatorIS8_EEE21_ConstructTransactionD2Ev  uart_device_impl.o
    0x0800a9a8   0x0800a9a8   0x000002b8   Code   RO         2170    .text._ZNSt3__16vectorINS_8functionIFvRKN3HAL4UART4DataEEEENS_9allocatorIS8_EEE26__swap_out_circular_bufferERNS_14__split_bufferIS8_RSA_EE  uart_device_impl.o
    0x0800ac60   0x0800ac60   0x00000068   Code   RO         2027    .text._ZNSt3__18functionIFvRKN3HAL3CAN5FrameEEEC2EOS7_  can_device_impl.o
    0x0800acc8   0x0800acc8   0x00000064   Code   RO         2015    .text._ZNSt3__18functionIFvRKN3HAL3CAN5FrameEEEC2ERKS7_  can_device_impl.o
    0x0800ad2c   0x0800ad2c   0x0000018c   Code   RO         2310    .text._ZNSt3__18functionIFvRKN3HAL3CAN5FrameEEEC2IZ13MotorTaskInitvE3$_0vEET_  motortask.o
    0x0800aeb8   0x0800aeb8   0x00000048   Code   RO         1955    .text._ZNSt3__18functionIFvRKN3HAL3CAN5FrameEEED2Ev  can_bus_impl.o
    0x0800af00   0x0800af00   0x00000068   Code   RO         2176    .text._ZNSt3__18functionIFvRKN3HAL4UART4DataEEEC2EOS7_  uart_device_impl.o
    0x0800af68   0x0800af68   0x00000064   Code   RO         2164    .text._ZNSt3__18functionIFvRKN3HAL4UART4DataEEEC2ERKS7_  uart_device_impl.o
    0x0800afcc   0x0800afcc   0x0000018c   Code   RO         2408    .text._ZNSt3__18functionIFvRKN3HAL4UART4DataEEEC2IZ11serivalInitvE3$_0vEET_  serivaltask.o
    0x0800b158   0x0800b158   0x00000048   Code   RO         2102    .text._ZNSt3__18functionIFvRKN3HAL4UART4DataEEED2Ev  uart_bus_impl.o
    0x0800b1a0   0x0800b1a0   0x0000000c   Code   RO         2748    .text._ZSt15get_new_handlerv  libcppabi_w.l(cxa_handlers.cpp.o)
    0x0800b1ac   0x0800b1ac   0x00000034   Code   RO         2428    .text._ZZ11serivalInitvENK3$_0clEN3HAL4UART4DataE  serivaltask.o
    0x0800b1e0   0x0800b1e0   0x0000003e   Code   RO         2332    .text._ZZ13MotorTaskInitvENK3$_0clEN3HAL3CAN5FrameE  motortask.o
    0x0800b21e   0x0800b21e   0x00000004   Code   RO         2522    .text._ZdlPv        libcpp_w.l(new.cpp.o)
    0x0800b222   0x0800b222   0x00000004   Code   RO         2542    .text._ZdlPvSt11align_val_t  libcpp_w.l(new.cpp.o)
    0x0800b226   0x0800b226   0x00000002   PAD
    0x0800b228   0x0800b228   0x00000026   Code   RO         2514    .text._Znwj         libcpp_w.l(new.cpp.o)
    0x0800b24e   0x0800b24e   0x00000002   PAD
    0x0800b250   0x0800b250   0x00000046   Code   RO         2534    .text._ZnwjSt11align_val_t  libcpp_w.l(new.cpp.o)
    0x0800b296   0x0800b296   0x00000002   PAD
    0x0800b298   0x0800b298   0x00000034   Code   RO          911    .text.__NVIC_EnableIRQ  stm32f4xx_hal_cortex.o
    0x0800b2cc   0x0800b2cc   0x00000010   Code   RO          903    .text.__NVIC_GetPriorityGrouping  stm32f4xx_hal_cortex.o
    0x0800b2dc   0x0800b2dc   0x00000044   Code   RO          905    .text.__NVIC_SetPriority  stm32f4xx_hal_cortex.o
    0x0800b320   0x0800b320   0x0000003c   Code   RO          899    .text.__NVIC_SetPriorityGrouping  stm32f4xx_hal_cortex.o
    0x0800b35c   0x0800b35c   0x0000005c   Code   RO         2565    .text.__cxa_guard_acquire  libcppabi_w.l(cxa_guard.cpp.o)
    0x0800b3b8   0x0800b3b8   0x00000008   Code   RO         2567    .text.__cxa_guard_release  libcppabi_w.l(cxa_guard.cpp.o)
    0x0800b3c0   0x0800b3c0   0x00000028   Code   RO         2573    .text.__cxa_pure_virtual  libcppabi_w.l(cxa_virtual.cpp.o)
    0x0800b3e8   0x0800b3e8   0x00000010   Code   RO         2229    .text.__cxx_global_var_init  controltask.o
    0x0800b3f8   0x0800b3f8   0x00000026   Code   RO         2304    .text.__cxx_global_var_init  motortask.o
    0x0800b41e   0x0800b41e   0x00000002   PAD
    0x0800b420   0x0800b420   0x00000012   Code   RO         2404    .text.__cxx_global_var_init  serivaltask.o
    0x0800b432   0x0800b432   0x00000002   PAD
    0x0800b434   0x0800b434   0x00000038   Code   RO         2231    .text.__cxx_global_var_init.1  controltask.o
    0x0800b46c   0x0800b46c   0x00000026   Code   RO         2306    .text.__cxx_global_var_init.1  motortask.o
    0x0800b492   0x0800b492   0x00000002   PAD
    0x0800b494   0x0800b494   0x0000003c   Code   RO         2233    .text.__cxx_global_var_init.2  controltask.o
    0x0800b4d0   0x0800b4d0   0x00000004   Code   RO         2730    .text.abort_message  libcppabi_w.l(abort_message.cpp.o)
    0x0800b4d4   0x0800b4d4   0x0000003e   Code   RO           11    .text.main          main.o
    0x0800b512   0x0800b512   0x00000002   PAD
    0x0800b514   0x0800b514   0x0000002a   Code   RO         1522    .text.makeFreeRtosPriority  cmsis_os.o
    0x0800b53e   0x0800b53e   0x00000002   PAD
    0x0800b540   0x0800b540   0x0000002a   Code   RO         1536    .text.osDelay       cmsis_os.o
    0x0800b56a   0x0800b56a   0x00000002   PAD
    0x0800b56c   0x0800b56c   0x0000000a   Code   RO         1512    .text.osKernelStart  cmsis_os.o
    0x0800b576   0x0800b576   0x00000002   PAD
    0x0800b578   0x0800b578   0x000000a4   Code   RO         1520    .text.osThreadCreate  cmsis_os.o
    0x0800b61c   0x0800b61c   0x000000fc   Code   RO         1396    .text.prvAddCurrentTaskToDelayedList  tasks.o
    0x0800b718   0x0800b718   0x0000011c   Code   RO         1382    .text.prvAddNewTaskToReadyList  tasks.o
    0x0800b834   0x0800b834   0x0000005e   Code   RO         1480    .text.prvCheckTasksWaitingTermination  tasks.o
    0x0800b892   0x0800b892   0x00000002   PAD
    0x0800b894   0x0800b894   0x00000060   Code   RO         1388    .text.prvDeleteTCB  tasks.o
    0x0800b8f4   0x0800b8f4   0x000000be   Code   RO         1634    .text.prvHeapInit   heap_4.o
    0x0800b9b2   0x0800b9b2   0x00000002   PAD
    0x0800b9b4   0x0800b9b4   0x00000038   Code   RO         1418    .text.prvIdleTask   tasks.o
    0x0800b9ec   0x0800b9ec   0x00000118   Code   RO         1380    .text.prvInitialiseNewTask  tasks.o
    0x0800bb04   0x0800bb04   0x0000008e   Code   RO         1478    .text.prvInitialiseTaskLists  tasks.o
    0x0800bb92   0x0800bb92   0x00000002   PAD
    0x0800bb94   0x0800bb94   0x000000c6   Code   RO         1636    .text.prvInsertBlockIntoFreeList  heap_4.o
    0x0800bc5a   0x0800bc5a   0x00000002   PAD
    0x0800bc5c   0x0800bc5c   0x00000028   Code   RO         1675    .text.prvPortStartFirstTask  port.o
    0x0800bc84   0x0800bc84   0x00000048   Code   RO         1390    .text.prvResetNextTaskUnblockTime  tasks.o
    0x0800bccc   0x0800bccc   0x00000050   Code   RO         1665    .text.prvTaskExitError  port.o
    0x0800bd1c   0x0800bd1c   0x000001fa   Code   RO         1632    .text.pvPortMalloc  heap_4.o
    0x0800bf16   0x0800bf16   0x00000002   PAD
    0x0800bf18   0x0800bf18   0x0000005e   Code   RO         1663    .text.pxPortInitialiseStack  port.o
    0x0800bf76   0x0800bf76   0x00000002   PAD
    0x0800bf78   0x0800bf78   0x00000048   Code   RO         1250    .text.uxListRemove  list.o
    0x0800bfc0   0x0800bfc0   0x0000002a   Code   RO           34    .text.vApplicationGetIdleTaskMemory  freertos.o
    0x0800bfea   0x0800bfea   0x00000002   PAD
    0x0800bfec   0x0800bfec   0x0000002e   Code   RO         1242    .text.vListInitialise  list.o
    0x0800c01a   0x0800c01a   0x00000002   PAD
    0x0800c01c   0x0800c01c   0x0000000e   Code   RO         1244    .text.vListInitialiseItem  list.o
    0x0800c02a   0x0800c02a   0x00000002   PAD
    0x0800c02c   0x0800c02c   0x0000006c   Code   RO         1248    .text.vListInsert   list.o
    0x0800c098   0x0800c098   0x0000003a   Code   RO         1246    .text.vListInsertEnd  list.o
    0x0800c0d2   0x0800c0d2   0x00000002   PAD
    0x0800c0d4   0x0800c0d4   0x00000014   Code   RO         1673    .text.vPortEnableVFP  port.o
    0x0800c0e8   0x0800c0e8   0x00000058   Code   RO         1679    .text.vPortEnterCritical  port.o
    0x0800c140   0x0800c140   0x0000004e   Code   RO         1681    .text.vPortExitCritical  port.o
    0x0800c18e   0x0800c18e   0x00000002   PAD
    0x0800c190   0x0800c190   0x000000d4   Code   RO         1638    .text.vPortFree     heap_4.o
    0x0800c264   0x0800c264   0x00000044   Code   RO         1671    .text.vPortSetupTimerInterrupt  port.o
    0x0800c2a8   0x0800c2a8   0x00000074   Code   RO         1392    .text.vTaskDelay    tasks.o
    0x0800c31c   0x0800c31c   0x000000d6   Code   RO         1416    .text.vTaskStartScheduler  tasks.o
    0x0800c3f2   0x0800c3f2   0x00000002   PAD
    0x0800c3f4   0x0800c3f4   0x00000010   Code   RO         1394    .text.vTaskSuspendAll  tasks.o
    0x0800c404   0x0800c404   0x000000c2   Code   RO         1408    .text.vTaskSwitchContext  tasks.o
    0x0800c4c6   0x0800c4c6   0x00000002   PAD
    0x0800c4c8   0x0800c4c8   0x00000156   Code   RO         1669    .text.xPortStartScheduler  port.o
    0x0800c61e   0x0800c61e   0x00000002   PAD
    0x0800c620   0x0800c620   0x000000b2   Code   RO         1384    .text.xTaskCreate   tasks.o
    0x0800c6d2   0x0800c6d2   0x00000002   PAD
    0x0800c6d4   0x0800c6d4   0x000000d6   Code   RO         1378    .text.xTaskCreateStatic  tasks.o
    0x0800c7aa   0x0800c7aa   0x00000002   PAD
    0x0800c7ac   0x0800c7ac   0x000001c8   Code   RO         1422    .text.xTaskIncrementTick  tasks.o
    0x0800c974   0x0800c974   0x0000018c   Code   RO         1398    .text.xTaskResumeAll  tasks.o
    0x0800cb00   0x0800cb00   0x00000062   Code   RO         2487    x$fpl$d2f           fz_wm.l(d2f.o)
    0x0800cb62   0x0800cb62   0x00000002   PAD
    0x0800cb64   0x0800cb64   0x00000150   Code   RO         2489    x$fpl$dadd          fz_wm.l(daddsub_clz.o)
    0x0800ccb4   0x0800ccb4   0x00000018   Code   RO         2815    x$fpl$dcmpinf       fz_wm.l(dcmpi.o)
    0x0800cccc   0x0800cccc   0x000002b0   Code   RO         2498    x$fpl$ddiv          fz_wm.l(ddiv.o)
    0x0800cf7c   0x0800cf7c   0x00000078   Code   RO         2714    x$fpl$deqf          fz_wm.l(deqf.o)
    0x0800cff4   0x0800cff4   0x0000002e   Code   RO         2502    x$fpl$dflt          fz_wm.l(dflt_clz.o)
    0x0800d022   0x0800d022   0x00000026   Code   RO         2501    x$fpl$dfltu         fz_wm.l(dflt_clz.o)
    0x0800d048   0x0800d048   0x00000078   Code   RO         2716    x$fpl$dgeqf         fz_wm.l(dgeqf.o)
    0x0800d0c0   0x0800d0c0   0x00000078   Code   RO         2718    x$fpl$dleqf         fz_wm.l(dleqf.o)
    0x0800d138   0x0800d138   0x00000154   Code   RO         2507    x$fpl$dmul          fz_wm.l(dmul.o)
    0x0800d28c   0x0800d28c   0x0000009c   Code   RO         2720    x$fpl$dnaninf       fz_wm.l(dnaninf.o)
    0x0800d328   0x0800d328   0x0000000c   Code   RO         2722    x$fpl$dretinf       fz_wm.l(dretinf.o)
    0x0800d334   0x0800d334   0x000001d4   Code   RO         2491    x$fpl$dsub          fz_wm.l(daddsub_clz.o)
    0x0800d508   0x0800d508   0x00000056   Code   RO         2509    x$fpl$f2d           fz_wm.l(f2d.o)
    0x0800d55e   0x0800d55e   0x00000054   Code   RO         2495    x$fpl$fcmp          fz_wm.l(dcmp.o)
    0x0800d5b2   0x0800d5b2   0x0000008c   Code   RO         2724    x$fpl$fnaninf       fz_wm.l(fnaninf.o)
    0x0800d63e   0x0800d63e   0x0000001a   Code   RO         2817    x$fpl$fpinit        fz_wm.l(fpinit.o)
    0x0800d658   0x0800d658   0x0000000a   Code   RO         2726    x$fpl$fretinf       fz_wm.l(fretinf.o)
    0x0800d662   0x0800d662   0x00000000   Code   RO         2728    x$fpl$usenofp       fz_wm.l(usenofp.o)
    0x0800d662   0x0800d662   0x00000002   PAD
    0x0800d664   0x0800d664   0x00000008   Data   RO         2214    .rodata..L__const.HAL_UARTEx_RxEventCallback.rx_data  callback.o
    0x0800d66c   0x0800d66c   0x0000001c   Data   RO           49    .rodata..L__const.MX_FREERTOS_Init.os_thread_def_ALG  freertos.o
    0x0800d688   0x0800d688   0x0000001c   Data   RO           47    .rodata..L__const.MX_FREERTOS_Init.os_thread_def_CAN  freertos.o
    0x0800d6a4   0x0800d6a4   0x0000001c   Data   RO           45    .rodata..L__const.MX_FREERTOS_Init.os_thread_def_SERIAL  freertos.o
    0x0800d6c0   0x0800d6c0   0x0000001c   Data   RO           43    .rodata..L__const.MX_FREERTOS_Init.os_thread_def_defaultTask  freertos.o
    0x0800d6dc   0x0800d6dc   0x00000008   Data   RO         2434    .rodata..L__const._Z11serivalInitv.dr16_rx_data  serivaltask.o
    0x0800d6e4   0x0800d6e4   0x00000010   Data   RO         1203    .rodata.AHBPrescTable  system_stm32f4xx.o
    0x0800d6f4   0x0800d6f4   0x00000008   Data   RO         1204    .rodata.APBPrescTable  system_stm32f4xx.o
    0x0800d6fc   0x0800d6fc   0x00000008   Data   RO          823    .rodata.DMA_CalcBaseAndBitshift.flagBitshiftOffset  stm32f4xx_hal_dma.o
    0x0800d704   0x0800d704   0x0000000c   Data   RO         2396    .rodata._ZTVN3BSP5Motor2DM11DMMotorBaseILh1EEE  motortask.o
    0x0800d710   0x0800d710   0x0000000c   Data   RO         2395    .rodata._ZTVN3BSP5Motor2DM5J4310ILh1EEE  motortask.o
    0x0800d71c   0x0800d71c   0x0000000c   Data   RO         2393    .rodata._ZTVN3BSP5Motor3Dji12DjiMotorBaseILh1EEE  motortask.o
    0x0800d728   0x0800d728   0x0000000c   Data   RO         2392    .rodata._ZTVN3BSP5Motor3Dji6GM6020ILh1EEE  motortask.o
    0x0800d734   0x0800d734   0x0000000c   Data   RO         2394    .rodata._ZTVN3BSP5Motor9MotorBaseILh1EEE  motortask.o
    0x0800d740   0x0800d740   0x0000002c   Data   RO         2029    .rodata._ZTVN3HAL3CAN10ICanDeviceE  can_device_impl.o
    0x0800d76c   0x0800d76c   0x00000018   Data   RO         1936    .rodata._ZTVN3HAL3CAN6CanBusE  can_bus_impl.o
    0x0800d784   0x0800d784   0x00000018   Data   RO         1969    .rodata._ZTVN3HAL3CAN7ICanBusE  can_bus_impl.o
    0x0800d79c   0x0800d79c   0x0000002c   Data   RO         1994    .rodata._ZTVN3HAL3CAN9CanDeviceE  can_device_impl.o
    0x0800d7c8   0x0800d7c8   0x00000044   Data   RO         2143    .rodata._ZTVN3HAL4UART10UartDeviceE  uart_device_impl.o
    0x0800d80c   0x0800d80c   0x00000044   Data   RO         2178    .rodata._ZTVN3HAL4UART11IUartDeviceE  uart_device_impl.o
    0x0800d850   0x0800d850   0x00000018   Data   RO         2083    .rodata._ZTVN3HAL4UART7UartBusE  uart_bus_impl.o
    0x0800d868   0x0800d868   0x00000018   Data   RO         2108    .rodata._ZTVN3HAL4UART8IUartBusE  uart_bus_impl.o
    0x0800d880   0x0800d880   0x00000024   Data   RO         2397    .rodata._ZTVNSt3__110__function6__baseIFvRKN3HAL3CAN5FrameEEEE  motortask.o
    0x0800d8a4   0x0800d8a4   0x00000024   Data   RO         2451    .rodata._ZTVNSt3__110__function6__baseIFvRKN3HAL4UART4DataEEEE  serivaltask.o
    0x0800d8c8   0x0800d8c8   0x00000024   Data   RO         2435    .rodata._ZTVNSt3__110__function6__funcIZ11serivalInitvE3$_0NS_9allocatorIS2_EEFvRKN3HAL4UART4DataEEEE  serivaltask.o
    0x0800d8ec   0x0800d8ec   0x00000024   Data   RO         2342    .rodata._ZTVNSt3__110__function6__funcIZ13MotorTaskInitvE3$_0NS_9allocatorIS2_EEFvRKN3HAL3CAN5FrameEEEE  motortask.o
    0x0800d910   0x0800d910   0x0000001b   Data   RO           42    .rodata.str1.1      freertos.o
    0x0800d92b   0x0800d92b   0x00000005   Data   RO         1493    .rodata.str1.1      tasks.o
    0x0800d930   0x0800d930   0x0000001c   Data   RO         1773    .rodata.str1.1      finitestatemachine_gimbal.o
    0x0800d94c   0x0800d94c   0x00000044   Data   RO         1995    .rodata.str1.1      can_device_impl.o
    0x0800d990   0x0800d990   0x00000020   Data   RO         2927    Region$$Table       anon$$obj.o
    0x0800d9b0   0x0800d9b0   0x00000004   Data   RO         2257    .init_array         controltask.o
    0x0800d9b4   0x0800d9b0   0x00000004   Data   RO         2345    .init_array         motortask.o
    0x0800d9b8   0x0800d9b0   0x00000004   Data   RO         2438    .init_array         serivaltask.o
    0x0800d9bc   0x0800d9b0   0x00000000   Data   RO         2482    .init_array         c_w.l(init_aeabi.o)


    Execution Region RW_IRAM2 (Exec base: 0x10000000, Load base: 0x0800d9e0, Size: 0x00000000, Max: 0x00010000, ABSOLUTE)

    **** No section assigned to this execution region ****


    Execution Region RW_IRAM1 (Exec base: 0x20000000, Load base: 0x0800d9c0, Size: 0x00004d60, Max: 0x00030000, ABSOLUTE)

    Exec Addr    Load Addr    Size         Type   Attr      Idx    E Section Name        Object

    0x20000000   0x0800d9c0   0x00000004   Data   RW         1202    .data.SystemCoreClock  system_stm32f4xx.o
    0x20000004   0x0800d9c4   0x00000010   Data   RW         1772    .data._ZL11State_Names  finitestatemachine_gimbal.o
    0x20000014   0x0800d9d4   0x00000001   Data   RW         1033    .data.uwTickFreq    stm32f4xx_hal.o
    0x20000015   0x0800d9d5   0x00000003   PAD
    0x20000018   0x0800d9d8   0x00000004   Data   RW         1032    .data.uwTickPrio    stm32f4xx_hal.o
    0x2000001c   0x0800d9dc   0x00000004   Data   RW         1691    .data.uxCriticalNesting  port.o
    0x20000020        -       0x00000060   Zero   RW         2832    .bss                c_w.l(libspace.o)
    0x20000080        -       0x00000004   Zero   RW           50    .bss.ALGHandle      freertos.o
    0x20000084        -       0x00000004   Zero   RW           48    .bss.CANHandle      freertos.o
    0x20000088        -       0x00000048   Zero   RW         2432    .bss.DR16           serivaltask.o
    0x200000d0        -       0x00000004   Zero   RW           68    .bss.HAL_RCC_CAN1_CLK_ENABLED  can.o
    0x200000d4   0x0800d9e0   0x00000004   PAD
    0x200000d8        -       0x000000e8   Zero   RW         2336    .bss.Motor6020      motortask.o
    0x200001c0        -       0x000000a8   Zero   RW         2337    .bss.MotorJ4310     motortask.o
    0x20000268        -       0x00000004   Zero   RW           46    .bss.SERIALHandle   freertos.o
    0x2000026c        -       0x00000004   Zero   RW         2339    .bss._ZGVZ13MotorTaskInitvE4can1  motortask.o
    0x20000270        -       0x00000004   Zero   RW         2341    .bss._ZGVZ13MotorTaskInitvE4can2  motortask.o
    0x20000274        -       0x00000004   Zero   RW         1835    .bss._ZGVZN3BSP11WATCH_STATE19BuzzerManagerSimple11getInstanceEvE8instance  buzzer_manager.o
    0x20000278        -       0x00000004   Zero   RW         1935    .bss._ZGVZN3HAL3CAN6CanBus8instanceEvE8instance  can_bus_impl.o
    0x2000027c        -       0x00000004   Zero   RW         2082    .bss._ZGVZN3HAL4UART7UartBus8instanceEvE8instance  uart_bus_impl.o
    0x20000280        -       0x00000004   Zero   RW         2338    .bss._ZZ13MotorTaskInitvE4can1  motortask.o
    0x20000284        -       0x00000004   Zero   RW         2340    .bss._ZZ13MotorTaskInitvE4can2  motortask.o
    0x20000288        -       0x00000018   Zero   RW         1834    .bss._ZZN3BSP11WATCH_STATE19BuzzerManagerSimple11getInstanceEvE8instance  buzzer_manager.o
    0x200002a0        -       0x00000054   Zero   RW         1934    .bss._ZZN3HAL3CAN6CanBus8instanceEvE8instance  can_bus_impl.o
    0x200002f4        -       0x0000005c   Zero   RW         2081    .bss._ZZN3HAL4UART7UartBus8instanceEvE8instance  uart_bus_impl.o
    0x20000350        -       0x00000004   Zero   RW         2750    .bss.__cxa_new_handler  libcppabi_w.l(cxa_handlers.cpp.o)
    0x20000354        -       0x00000004   Zero   RW           44    .bss.defaultTaskHandle  freertos.o
    0x20000358        -       0x00000012   Zero   RW         2433    .bss.dr16_rx_buffer  serivaltask.o
    0x2000036a   0x0800d9e0   0x00000002   PAD
    0x2000036c        -       0x000000cc   Zero   RW         2251    .bss.gimbal_fsm     controltask.o
    0x20000438        -       0x00000008   Zero   RW         2255    .bss.gimbal_output  controltask.o
    0x20000440        -       0x0000001c   Zero   RW         2254    .bss.gimbal_target  controltask.o
    0x2000045c        -       0x00000028   Zero   RW           66    .bss.hcan1          can.o
    0x20000484        -       0x00000028   Zero   RW           67    .bss.hcan2          can.o
    0x200004ac        -       0x00000060   Zero   RW          113    .bss.hdma_usart1_rx  usart.o
    0x2000050c        -       0x00000060   Zero   RW          114    .bss.hdma_usart6_rx  usart.o
    0x2000056c        -       0x00000060   Zero   RW          115    .bss.hdma_usart6_tx  usart.o
    0x200005cc        -       0x00000048   Zero   RW          176    .bss.htim1          stm32f4xx_hal_timebase_tim.o
    0x20000614        -       0x00000048   Zero   RW           92    .bss.htim12         tim.o
    0x2000065c        -       0x00000048   Zero   RW          110    .bss.huart1         usart.o
    0x200006a4        -       0x00000048   Zero   RW          111    .bss.huart3         usart.o
    0x200006ec        -       0x00000048   Zero   RW          112    .bss.huart6         usart.o
    0x20000734        -       0x00000004   Zero   RW         1482    .bss.pxCurrentTCB   tasks.o
    0x20000738        -       0x00000004   Zero   RW         1499    .bss.pxDelayedTaskList  tasks.o
    0x2000073c        -       0x00000004   Zero   RW         1648    .bss.pxEnd          heap_4.o
    0x20000740        -       0x00000004   Zero   RW         1500    .bss.pxOverflowDelayedTaskList  tasks.o
    0x20000744        -       0x0000008c   Zero   RW         1483    .bss.pxReadyTasksLists  tasks.o
    0x200007d0        -       0x00003c00   Zero   RW         1655    .bss.ucHeap         heap_4.o
    0x200043d0        -       0x00000001   Zero   RW         1689    .bss.ucMaxSysCallPriority  port.o
    0x200043d1   0x0800d9e0   0x00000003   PAD
    0x200043d4        -       0x00000004   Zero   RW         1690    .bss.ulMaxPRIGROUPValue  port.o
    0x200043d8        -       0x00000004   Zero   RW         1034    .bss.uwTick         stm32f4xx_hal.o
    0x200043dc        -       0x00000004   Zero   RW         1488    .bss.uxCurrentNumberOfTasks  tasks.o
    0x200043e0        -       0x00000004   Zero   RW         1487    .bss.uxDeletedTasksWaitingCleanUp  tasks.o
    0x200043e4        -       0x00000004   Zero   RW         1490    .bss.uxSchedulerSuspended  tasks.o
    0x200043e8        -       0x00000004   Zero   RW         1485    .bss.uxTaskNumber   tasks.o
    0x200043ec        -       0x00000004   Zero   RW         1484    .bss.uxTopReadyPriority  tasks.o
    0x200043f0        -       0x00000004   Zero   RW         1649    .bss.xBlockAllocatedBit  heap_4.o
    0x200043f4        -       0x00000014   Zero   RW         1502    .bss.xDelayedTaskList1  tasks.o
    0x20004408        -       0x00000014   Zero   RW         1503    .bss.xDelayedTaskList2  tasks.o
    0x2000441c        -       0x00000004   Zero   RW         1650    .bss.xFreeBytesRemaining  heap_4.o
    0x20004420        -       0x00000200   Zero   RW           41    .bss.xIdleStack     freertos.o
    0x20004620        -       0x00000004   Zero   RW         1494    .bss.xIdleTaskHandle  tasks.o
    0x20004624        -       0x00000054   Zero   RW           40    .bss.xIdleTaskTCBBuffer  freertos.o
    0x20004678        -       0x00000004   Zero   RW         1652    .bss.xMinimumEverFreeBytesRemaining  heap_4.o
    0x2000467c        -       0x00000004   Zero   RW         1495    .bss.xNextTaskUnblockTime  tasks.o
    0x20004680        -       0x00000004   Zero   RW         1501    .bss.xNumOfOverflows  tasks.o
    0x20004684        -       0x00000004   Zero   RW         1653    .bss.xNumberOfSuccessfulAllocations  heap_4.o
    0x20004688        -       0x00000004   Zero   RW         1654    .bss.xNumberOfSuccessfulFrees  heap_4.o
    0x2000468c        -       0x00000004   Zero   RW         1498    .bss.xPendedTicks   tasks.o
    0x20004690        -       0x00000014   Zero   RW         1492    .bss.xPendingReadyList  tasks.o
    0x200046a4        -       0x00000004   Zero   RW         1489    .bss.xSchedulerRunning  tasks.o
    0x200046a8        -       0x00000008   Zero   RW         1651    .bss.xStart         heap_4.o
    0x200046b0        -       0x00000014   Zero   RW         1491    .bss.xSuspendedTaskList  tasks.o
    0x200046c4        -       0x00000014   Zero   RW         1486    .bss.xTasksWaitingTermination  tasks.o
    0x200046d8        -       0x00000004   Zero   RW         1496    .bss.xTickCount     tasks.o
    0x200046dc        -       0x00000004   Zero   RW         1497    .bss.xYieldPending  tasks.o
    0x200046e0        -       0x00000040   Zero   RW         2252    .bss.yaw_angle_pid  controltask.o
    0x20004720        -       0x00000040   Zero   RW         2253    .bss.yaw_velocity_pid  controltask.o
    0x20004760        -       0x00000200   Zero   RW            2    HEAP                startup_stm32f427xx.o
    0x20004960        -       0x00000400   Zero   RW            1    STACK               startup_stm32f427xx.o


==============================================================================

Image component sizes


      Code (inc. data)   RO Data    RW Data    ZI Data      Debug   Object Name

       346          0          0          0         28       5332   buzzer_manager.o
       268          0          8          0          0      21624   callback.o
       580          0          0          0         84       6594   can.o
         8          0          0          0          0      19044   can_bus.o
      1378          0         48          0         88      48629   can_bus_impl.o
      3074          0        156          0          0      78646   can_device_impl.o
       258          0          0          0          0      16190   cmsis_os.o
      1752         44          4          0        368      30412   controltask.o
       100          0          0          0          0       3445   dma.o
       948          4          0          0          0      25231   dt7.o
       492          0         28         16          0       4409   finitestatemachine_gimbal.o
       318          0        139          0        612       2922   freertos.o
       210          0          0          0          0       1610   gpio.o
      1106          0          0          0      15392       4409   heap_4.o
       298          0          0          0          0       2208   list.o
       308          0          0          0          0       5754   main.o
      6138        176        136          0        416      89259   motortask.o
       882          0          0          0          0      22509   pid.o
      1008         16          0          4          5       3836   port.o
      1992          0         84          0         90      82189   serivaltask.o
        64         26        428          0       1536        840   startup_stm32f427xx.o
       144          0          0          0          0       5649   state_watch.o
        98          0          0          5          4       7519   stm32f4xx_hal.o
      3336          0          0          0          0      11546   stm32f4xx_hal_can.o
       410          0          0          0          0       9853   stm32f4xx_hal_cortex.o
      2136          8          8          0          0       8476   stm32f4xx_hal_dma.o
      1018          0          0          0          0       5173   stm32f4xx_hal_gpio.o
        88          0          0          0          0       3508   stm32f4xx_hal_msp.o
       190          0          0          0          0       4446   stm32f4xx_hal_pwr_ex.o
      2746          0          0          0          0       7649   stm32f4xx_hal_rcc.o
      2790         14          0          0          0      36060   stm32f4xx_hal_tim.o
        16          0          0          0          0      15324   stm32f4xx_hal_tim_ex.o
       226          0          0          0         72       7201   stm32f4xx_hal_timebase_tim.o
      5086          0          0          0          0      20407   stm32f4xx_hal_uart.o
       182          0          0          0          0       1761   stm32f4xx_it.o
        18          0         24          4          0       2538   system_stm32f4xx.o
      3060          0          5          0        300      20368   tasks.o
       302          0          0          0         72       5673   tim.o
         8          0          0          0          0      17971   uart_bus.o
      1324          0         48          0         96      47481   uart_bus_impl.o
      3304          0        136          0          0      80866   uart_device_impl.o
       886          0          0          0        504       7807   usart.o

    ----------------------------------------------------------------------
     49248        304       1284         32      19676     802368   Object Totals
         0          0         32          0          0          0   (incl. Generated)
       352         16          0          3          9          0   (incl. Padding)

    ----------------------------------------------------------------------

      Code (inc. data)   RO Data    RW Data    ZI Data      Debug   Library Member Name

         8          0          0          0          0         68   __main.o
         0          0          0          0          0          0   __rtentry.o
        12          0          0          0          0          0   __rtentry2.o
         6          0          0          0          0          0   __rtentry4.o
        52          8          0          0          0          0   __scatter.o
        26          0          0          0          0          0   __scatter_copy.o
        28          0          0          0          0          0   __scatter_zi.o
       264          0          0          0          0         96   _get_argv.o
        22          0          0          0          0         80   abort.o
        46          0          0          0          0         84   aeabi_atexit.o
         4          0          0          0          0         68   argv_veneer.o
        10          0          0          0          0         68   cxa_atexit.o
        66          0          0          0          0         84   cxa_finalize.o
        48         34          0          0          0         76   defsig_abrt_inner.o
        14          0          0          0          0         80   defsig_abrt_outer.o
        10          0          0          0          0         68   defsig_exit.o
        50          0          0          0          0         88   defsig_general.o
        80         58          0          0          0         76   defsig_rtmem_inner.o
        14          0          0          0          0         80   defsig_rtmem_outer.o
        18          0          0          0          0         80   exit.o
        94          0          0          0          0         80   h1_alloc.o
        52          0          0          0          0         68   h1_extend.o
        78          0          0          0          0         80   h1_free.o
        14          0          0          0          0         84   h1_init.o
       180          0          0          0          0         88   h1_memalign.o
         6          0          0          0          0        152   heapauxi.o
         4          0          0          0          0        136   hguard.o
         4          0          0          0          0        136   hrguard.o
         0          0          0          0          0          0   indicate_semi.o
        36          8          0          0          0         80   init_aeabi.o
       138          0          0          0          0        168   init_alloc.o
         2          0          0          0          0          0   libinit.o
        26          0          0          0          0          0   libinit2.o
         2          0          0          0          0          0   libshutdown.o
         8          0          0          0          0          0   libshutdown2.o
         8          4          0          0         96         68   libspace.o
       240          0          0          0          0        100   lludivv7m.o
         0          0          0          0          0          0   maybetermalloc1.o
         8          4          0          0          0         68   rt_ddtor_pointer_addr_intlibspace.o
         8          4          0          0          0         68   rt_heap_descriptor_intlibspace.o
        78          0          0          0          0         80   rt_memclr_w.o
       100          0          0          0          0         80   rt_memcpy_w.o
         2          0          0          0          0          0   rtexit.o
        10          0          0          0          0          0   rtexit2.o
        24          0          0          0          0         76   sys_command.o
        12          4          0          0          0         68   sys_exit.o
        74          0          0          0          0         80   sys_stackheap_outer.o
        14          0          0          0          0         76   sys_wrch.o
         2          0          0          0          0         68   use_no_semi.o
        98          4          0          0          0        140   d2f.o
       804         16          0          0          0        376   daddsub_clz.o
        84          0          0          0          0        244   dcmp.o
        24          0          0          0          0        116   dcmpi.o
       688        140          0          0          0        264   ddiv.o
       120          4          0          0          0        140   deqf.o
        84          0          0          0          0        232   dflt_clz.o
       120          4          0          0          0        140   dgeqf.o
       120          4          0          0          0        140   dleqf.o
       340         12          0          0          0        152   dmul.o
       156          4          0          0          0        140   dnaninf.o
        12          0          0          0          0        116   dretinf.o
        86          4          0          0          0        132   f2d.o
       140          4          0          0          0        132   fnaninf.o
        26          0          0          0          0        116   fpinit.o
        10          0          0          0          0        116   fretinf.o
         0          0          0          0          0          0   usenofp.o
       116          0          0          0          0        380   new.cpp.o
         4          0          0          0          0         68   vector.cpp.o
         4          0          0          0          0         36   abort_message.cpp.o
       100         56          0          0          0         76   cxa_guard.cpp.o
        12          0          0          0          4        148   cxa_handlers.cpp.o
        40         32          0          0          0         52   cxa_virtual.cpp.o

    ----------------------------------------------------------------------
      5208        408          0          0        100       6456   Library Totals
        18          0          0          0          0          0   (incl. Padding)

    ----------------------------------------------------------------------

      Code (inc. data)   RO Data    RW Data    ZI Data      Debug   Library Name

      2002        124          0          0         96       3000   c_w.l
      2912        196          0          0          0       2696   fz_wm.l
       120          0          0          0          0        448   libcpp_w.l
       156         88          0          0          4        312   libcppabi_w.l

    ----------------------------------------------------------------------
      5208        408          0          0        100       6456   Library Totals

    ----------------------------------------------------------------------

==============================================================================


      Code (inc. data)   RO Data    RW Data    ZI Data      Debug   

     54456        712       1284         32      19776     804668   Grand Totals
     54456        712       1284         32      19776     804668   ELF Image Totals
     54456        712       1284         32          0          0   ROM Totals

==============================================================================

    Total RO  Size (Code + RO Data)                55740 (  54.43kB)
    Total RW  Size (RW Data + ZI Data)             19808 (  19.34kB)
    Total ROM Size (Code + RO Data + RW Data)      55772 (  54.46kB)

==============================================================================

