Component: ARM Compiler 6.14.1 Tool: armlink [5db06d00]

==============================================================================

Section Cross References

    startup_stm32f427xx.o(STACK) refers (Special) to heapauxi.o(.text) for __use_two_region_memory
    startup_stm32f427xx.o(HEAP) refers (Special) to heapauxi.o(.text) for __use_two_region_memory
    startup_stm32f427xx.o(RESET) refers (Special) to heapauxi.o(.text) for __use_two_region_memory
    startup_stm32f427xx.o(RESET) refers to startup_stm32f427xx.o(STACK) for __initial_sp
    startup_stm32f427xx.o(RESET) refers to startup_stm32f427xx.o(.text) for Reset_Handler
    startup_stm32f427xx.o(RESET) refers to stm32f4xx_it.o(.text.NMI_Handler) for NMI_Handler
    startup_stm32f427xx.o(RESET) refers to stm32f4xx_it.o(.text.HardFault_Handler) for HardFault_Handler
    startup_stm32f427xx.o(RESET) refers to stm32f4xx_it.o(.text.MemManage_Handler) for MemManage_Handler
    startup_stm32f427xx.o(RESET) refers to stm32f4xx_it.o(.text.BusFault_Handler) for BusFault_Handler
    startup_stm32f427xx.o(RESET) refers to stm32f4xx_it.o(.text.UsageFault_Handler) for UsageFault_Handler
    startup_stm32f427xx.o(RESET) refers to port.o(.text.SVC_Handler) for SVC_Handler
    startup_stm32f427xx.o(RESET) refers to stm32f4xx_it.o(.text.DebugMon_Handler) for DebugMon_Handler
    startup_stm32f427xx.o(RESET) refers to port.o(.text.PendSV_Handler) for PendSV_Handler
    startup_stm32f427xx.o(RESET) refers to port.o(.text.SysTick_Handler) for SysTick_Handler
    startup_stm32f427xx.o(RESET) refers to stm32f4xx_it.o(.text.CAN1_RX0_IRQHandler) for CAN1_RX0_IRQHandler
    startup_stm32f427xx.o(RESET) refers to stm32f4xx_it.o(.text.CAN1_RX1_IRQHandler) for CAN1_RX1_IRQHandler
    startup_stm32f427xx.o(RESET) refers to stm32f4xx_it.o(.text.TIM1_UP_TIM10_IRQHandler) for TIM1_UP_TIM10_IRQHandler
    startup_stm32f427xx.o(RESET) refers to stm32f4xx_it.o(.text.USART1_IRQHandler) for USART1_IRQHandler
    startup_stm32f427xx.o(RESET) refers to stm32f4xx_it.o(.text.DMA2_Stream1_IRQHandler) for DMA2_Stream1_IRQHandler
    startup_stm32f427xx.o(RESET) refers to stm32f4xx_it.o(.text.DMA2_Stream2_IRQHandler) for DMA2_Stream2_IRQHandler
    startup_stm32f427xx.o(RESET) refers to stm32f4xx_it.o(.text.CAN2_RX0_IRQHandler) for CAN2_RX0_IRQHandler
    startup_stm32f427xx.o(RESET) refers to stm32f4xx_it.o(.text.CAN2_RX1_IRQHandler) for CAN2_RX1_IRQHandler
    startup_stm32f427xx.o(RESET) refers to stm32f4xx_it.o(.text.DMA2_Stream6_IRQHandler) for DMA2_Stream6_IRQHandler
    startup_stm32f427xx.o(RESET) refers to stm32f4xx_it.o(.text.USART6_IRQHandler) for USART6_IRQHandler
    startup_stm32f427xx.o(.text) refers (Special) to heapauxi.o(.text) for __use_two_region_memory
    startup_stm32f427xx.o(.text) refers to system_stm32f4xx.o(.text.SystemInit) for SystemInit
    startup_stm32f427xx.o(.text) refers to __main.o(!!!main) for __main
    startup_stm32f427xx.o(.text) refers to startup_stm32f427xx.o(HEAP) for Heap_Mem
    startup_stm32f427xx.o(.text) refers to startup_stm32f427xx.o(STACK) for Stack_Mem
    main.o(.text.main) refers to stm32f4xx_hal.o(.text.HAL_Init) for HAL_Init
    main.o(.text.main) refers to main.o(.text.SystemClock_Config) for SystemClock_Config
    main.o(.text.main) refers to gpio.o(.text.MX_GPIO_Init) for MX_GPIO_Init
    main.o(.text.main) refers to dma.o(.text.MX_DMA_Init) for MX_DMA_Init
    main.o(.text.main) refers to can.o(.text.MX_CAN1_Init) for MX_CAN1_Init
    main.o(.text.main) refers to can.o(.text.MX_CAN2_Init) for MX_CAN2_Init
    main.o(.text.main) refers to usart.o(.text.MX_USART1_UART_Init) for MX_USART1_UART_Init
    main.o(.text.main) refers to usart.o(.text.MX_USART3_UART_Init) for MX_USART3_UART_Init
    main.o(.text.main) refers to usart.o(.text.MX_USART6_UART_Init) for MX_USART6_UART_Init
    main.o(.text.main) refers to tim.o(.text.MX_TIM12_Init) for MX_TIM12_Init
    main.o(.text.main) refers to freertos.o(.text.MX_FREERTOS_Init) for MX_FREERTOS_Init
    main.o(.text.main) refers to cmsis_os.o(.text.osKernelStart) for osKernelStart
    main.o(.ARM.exidx.text.main) refers to main.o(.text.main) for [Anonymous Symbol]
    main.o(.text.SystemClock_Config) refers to rt_memclr_w.o(.text) for __aeabi_memclr4
    main.o(.text.SystemClock_Config) refers to stm32f4xx_hal_rcc.o(.text.HAL_RCC_OscConfig) for HAL_RCC_OscConfig
    main.o(.text.SystemClock_Config) refers to main.o(.text.Error_Handler) for Error_Handler
    main.o(.text.SystemClock_Config) refers to stm32f4xx_hal_pwr_ex.o(.text.HAL_PWREx_EnableOverDrive) for HAL_PWREx_EnableOverDrive
    main.o(.text.SystemClock_Config) refers to stm32f4xx_hal_rcc.o(.text.HAL_RCC_ClockConfig) for HAL_RCC_ClockConfig
    main.o(.ARM.exidx.text.SystemClock_Config) refers to main.o(.text.SystemClock_Config) for [Anonymous Symbol]
    main.o(.ARM.exidx.text.Error_Handler) refers to main.o(.text.Error_Handler) for [Anonymous Symbol]
[...]
    HAL_GPIO_Init                            0x08001a55   Thumb Code  1018  stm32f4xx_hal_gpio.o(.text.HAL_GPIO_Init)
    HAL_GetTick                              0x08001e51   Thumb Code    12  stm32f4xx_hal.o(.text.HAL_GetTick)
    HAL_IncTick                              0x08001e5d   Thumb Code    26  stm32f4xx_hal.o(.text.HAL_IncTick)
    HAL_Init                                 0x08001e79   Thumb Code    60  stm32f4xx_hal.o(.text.HAL_Init)
    HAL_InitTick                             0x08001eb5   Thumb Code   226  stm32f4xx_hal_timebase_tim.o(.text.HAL_InitTick)
    HAL_MspInit                              0x08001f99   Thumb Code    88  stm32f4xx_hal_msp.o(.text.HAL_MspInit)
    HAL_NVIC_EnableIRQ                       0x08001ff1   Thumb Code    24  stm32f4xx_hal_cortex.o(.text.HAL_NVIC_EnableIRQ)
    HAL_NVIC_SetPriority                     0x08002009   Thumb Code    64  stm32f4xx_hal_cortex.o(.text.HAL_NVIC_SetPriority)
    HAL_NVIC_SetPriorityGrouping             0x08002049   Thumb Code    16  stm32f4xx_hal_cortex.o(.text.HAL_NVIC_SetPriorityGrouping)
    HAL_PWREx_EnableOverDrive                0x08002059   Thumb Code   190  stm32f4xx_hal_pwr_ex.o(.text.HAL_PWREx_EnableOverDrive)
    HAL_RCC_ClockConfig                      0x08002119   Thumb Code   612  stm32f4xx_hal_rcc.o(.text.HAL_RCC_ClockConfig)
    HAL_RCC_GetClockConfig                   0x0800237d   Thumb Code    84  stm32f4xx_hal_rcc.o(.text.HAL_RCC_GetClockConfig)
    HAL_RCC_GetHCLKFreq                      0x080023d1   Thumb Code    12  stm32f4xx_hal_rcc.o(.text.HAL_RCC_GetHCLKFreq)
    HAL_RCC_GetPCLK1Freq                     0x080023dd   Thumb Code    34  stm32f4xx_hal_rcc.o(.text.HAL_RCC_GetPCLK1Freq)
    HAL_RCC_GetPCLK2Freq                     0x08002401   Thumb Code    34  stm32f4xx_hal_rcc.o(.text.HAL_RCC_GetPCLK2Freq)
    HAL_RCC_GetSysClockFreq                  0x08002425   Thumb Code   232  stm32f4xx_hal_rcc.o(.text.HAL_RCC_GetSysClockFreq)
    HAL_RCC_OscConfig                        0x0800250d   Thumb Code  1738  stm32f4xx_hal_rcc.o(.text.HAL_RCC_OscConfig)
    HAL_TIMEx_BreakCallback                  0x08002bd9   Thumb Code     8  stm32f4xx_hal_tim_ex.o(.text.HAL_TIMEx_BreakCallback)
    HAL_TIMEx_CommutCallback                 0x08002be1   Thumb Code     8  stm32f4xx_hal_tim_ex.o(.text.HAL_TIMEx_CommutCallback)
    HAL_TIM_Base_Init                        0x08002be9   Thumb Code   166  stm32f4xx_hal_tim.o(.text.HAL_TIM_Base_Init)
    HAL_TIM_Base_MspInit                     0x08002c91   Thumb Code     8  stm32f4xx_hal_tim.o(.text.HAL_TIM_Base_MspInit)
    HAL_TIM_Base_Start_IT                    0x08002c99   Thumb Code   246  stm32f4xx_hal_tim.o(.text.HAL_TIM_Base_Start_IT)
    HAL_TIM_IC_CaptureCallback               0x08002d91   Thumb Code     8  stm32f4xx_hal_tim.o(.text.HAL_TIM_IC_CaptureCallback)
    HAL_TIM_IRQHandler                       0x08002d99   Thumb Code   546  stm32f4xx_hal_tim.o(.text.HAL_TIM_IRQHandler)
    HAL_TIM_MspPostInit                      0x08002fbd   Thumb Code   108  tim.o(.text.HAL_TIM_MspPostInit)
    HAL_TIM_OC_DelayElapsedCallback          0x08003029   Thumb Code     8  stm32f4xx_hal_tim.o(.text.HAL_TIM_OC_DelayElapsedCallback)
    HAL_TIM_PWM_ConfigChannel                0x08003031   Thumb Code   322  stm32f4xx_hal_tim.o(.text.HAL_TIM_PWM_ConfigChannel)
    HAL_TIM_PWM_Init                         0x08003175   Thumb Code   166  stm32f4xx_hal_tim.o(.text.HAL_TIM_PWM_Init)
    HAL_TIM_PWM_MspInit                      0x0800321d   Thumb Code    62  tim.o(.text.HAL_TIM_PWM_MspInit)
    HAL_TIM_PWM_PulseFinishedCallback        0x0800325d   Thumb Code     8  stm32f4xx_hal_tim.o(.text.HAL_TIM_PWM_PulseFinishedCallback)
    HAL_TIM_PeriodElapsedCallback            0x08003265   Thumb Code    32  main.o(.text.HAL_TIM_PeriodElapsedCallback)
    HAL_TIM_TriggerCallback                  0x08003285   Thumb Code     8  stm32f4xx_hal_tim.o(.text.HAL_TIM_TriggerCallback)
    HAL_UARTEx_ReceiveToIdle_DMA             0x0800328d   Thumb Code   190  stm32f4xx_hal_uart.o(.text.HAL_UARTEx_ReceiveToIdle_DMA)
    HAL_UARTEx_RxEventCallback               0x0800334d   Thumb Code   128  callback.o(.text.HAL_UARTEx_RxEventCallback)
    HAL_UART_ErrorCallback                   0x080033cd   Thumb Code     8  stm32f4xx_hal_uart.o(.text.HAL_UART_ErrorCallback)
    HAL_UART_IRQHandler                      0x080033d5   Thumb Code  1134  stm32f4xx_hal_uart.o(.text.HAL_UART_IRQHandler)
    HAL_UART_Init                            0x08003845   Thumb Code   164  stm32f4xx_hal_uart.o(.text.HAL_UART_Init)
    HAL_UART_MspInit                         0x080038e9   Thumb Code   694  usart.o(.text.HAL_UART_MspInit)
    HAL_UART_Receive                         0x08003ba1   Thumb Code   334  stm32f4xx_hal_uart.o(.text.HAL_UART_Receive)
    HAL_UART_Receive_DMA                     0x08003cf1   Thumb Code    92  stm32f4xx_hal_uart.o(.text.HAL_UART_Receive_DMA)
    HAL_UART_Receive_IT                      0x08003d4d   Thumb Code    92  stm32f4xx_hal_uart.o(.text.HAL_UART_Receive_IT)
    HAL_UART_RxCpltCallback                  0x08003da9   Thumb Code     8  stm32f4xx_hal_uart.o(.text.HAL_UART_RxCpltCallback)
    HAL_UART_RxHalfCpltCallback              0x08003db1   Thumb Code     8  stm32f4xx_hal_uart.o(.text.HAL_UART_RxHalfCpltCallback)
    HAL_UART_Transmit                        0x08003db9   Thumb Code   320  stm32f4xx_hal_uart.o(.text.HAL_UART_Transmit)
    HAL_UART_Transmit_DMA                    0x08003ef9   Thumb Code   266  stm32f4xx_hal_uart.o(.text.HAL_UART_Transmit_DMA)
    HAL_UART_Transmit_IT                     0x08004005   Thumb Code   120  stm32f4xx_hal_uart.o(.text.HAL_UART_Transmit_IT)
    HAL_UART_TxCpltCallback                  0x0800407d   Thumb Code     8  stm32f4xx_hal_uart.o(.text.HAL_UART_TxCpltCallback)
    HAL_UART_TxHalfCpltCallback              0x08004085   Thumb Code     8  stm32f4xx_hal_uart.o(.text.HAL_UART_TxHalfCpltCallback)
    HardFault_Handler                        0x0800408d   Thumb Code     4  stm32f4xx_it.o(.text.HardFault_Handler)
    MX_CAN1_Init                             0x08004091   Thumb Code    72  can.o(.text.MX_CAN1_Init)
    MX_CAN2_Init                             0x080040d9   Thumb Code    72  can.o(.text.MX_CAN2_Init)
    MX_DMA_Init                              0x08004121   Thumb Code   100  dma.o(.text.MX_DMA_Init)
    MX_FREERTOS_Init                         0x08004185   Thumb Code   258  freertos.o(.text.MX_FREERTOS_Init)
    MX_GPIO_Init                             0x08004289   Thumb Code   210  gpio.o(.text.MX_GPIO_Init)
    MX_TIM12_Init                            0x0800435d   Thumb Code   132  tim.o(.text.MX_TIM12_Init)
    MX_USART1_UART_Init                      0x080043e1   Thumb Code    72  usart.o(.text.MX_USART1_UART_Init)
    MX_USART3_UART_Init                      0x08004429   Thumb Code    60  usart.o(.text.MX_USART3_UART_Init)
    MX_USART6_UART_Init                      0x08004465   Thumb Code    60  usart.o(.text.MX_USART6_UART_Init)
    MemManage_Handler                        0x080044a1   Thumb Code     4  stm32f4xx_it.o(.text.MemManage_Handler)
    Motor                                    0x080044a5   Thumb Code    18  motortask.o(.text.Motor)
    NMI_Handler                              0x080044b9   Thumb Code     4  stm32f4xx_it.o(.text.NMI_Handler)
    PendSV_Handler                           0x08004531   Thumb Code   100  port.o(.text.PendSV_Handler)
    SVC_Handler                              0x080045a1   Thumb Code    36  port.o(.text.SVC_Handler)
    Serial                                   0x080045c5   Thumb Code    22  serivaltask.o(.text.Serial)
    StartDefaultTask                         0x080045dd   Thumb Code    18  freertos.o(.text.StartDefaultTask)
    SysTick_Handler                          0x080045f1   Thumb Code    62  port.o(.text.SysTick_Handler)
    SystemClock_Config                       0x08004631   Thumb Code   208  main.o(.text.SystemClock_Config)
    SystemInit                               0x08004701   Thumb Code    18  system_stm32f4xx.o(.text.SystemInit)
    TIM1_UP_TIM10_IRQHandler                 0x08004715   Thumb Code    16  stm32f4xx_it.o(.text.TIM1_UP_TIM10_IRQHandler)
    TIM_Base_SetConfig                       0x08004725   Thumb Code   420  stm32f4xx_hal_tim.o(.text.TIM_Base_SetConfig)
    TIM_OC2_SetConfig                        0x080049b5   Thumb Code   244  stm32f4xx_hal_tim.o(.text.TIM_OC2_SetConfig)
    UART_Start_Receive_DMA                   0x08005255   Thumb Code   314  stm32f4xx_hal_uart.o(.text.UART_Start_Receive_DMA)
    UART_Start_Receive_IT                    0x08005391   Thumb Code   102  stm32f4xx_hal_uart.o(.text.UART_Start_Receive_IT)
    USART1_IRQHandler                        0x08005571   Thumb Code    16  stm32f4xx_it.o(.text.USART1_IRQHandler)
    USART6_IRQHandler                        0x08005581   Thumb Code    16  stm32f4xx_it.o(.text.USART6_IRQHandler)
    UsageFault_Handler                       0x08005591   Thumb Code     4  stm32f4xx_it.o(.text.UsageFault_Handler)
    serivalInit()                            0x0800559d   Thumb Code    98  serivaltask.o(.text._Z11serivalInitv)
    BSP::WATCH_STATE::StateWatch::UpdateLastTime() 0x08005601   Thumb Code    22  state_watch.o(.text._ZN3BSP11WATCH_STATE10StateWatch14UpdateLastTimeEv)
    BSP::WATCH_STATE::StateWatch::StateWatch__sub_object(unsigned) 0x08005619   Thumb Code    26  serivaltask.o(.text._ZN3BSP11WATCH_STATE10StateWatchC2Ej)
    BSP::REMOTE_CONTROL::RemoteController::updateTimestamp() 0x08005635   Thumb Code    18  dt7.o(.text._ZN3BSP14REMOTE_CONTROL16RemoteController15updateTimestampEv)
    BSP::REMOTE_CONTROL::RemoteController::parseData(const unsigned char*) 0x08005649   Thumb Code   430  dt7.o(.text._ZN3BSP14REMOTE_CONTROL16RemoteController9parseDataEPKh)
    BSP::REMOTE_CONTROL::RemoteController::RemoteController__sub_object(int) 0x080057f9   Thumb Code    60  serivaltask.o(.text._ZN3BSP14REMOTE_CONTROL16RemoteControllerC2Ei)
    HAL::UART::UartDevice::receive_dma(HAL::UART::Data&) 0x080058b5   Thumb Code    98  uart_device_impl.o(.text._ZN3HAL4UART10UartDevice11receive_dmaERNS0_4DataE)
    HAL::UART::UartDevice::receive_byte(unsigned char&) 0x08005919   Thumb Code    40  uart_device_impl.o(.text._ZN3HAL4UART10UartDevice12receive_byteERh)
    HAL::UART::UartDevice::transmit_dma(const HAL::UART::Data&) 0x08005941   Thumb Code    98  uart_device_impl.o(.text._ZN3HAL4UART10UartDevice12transmit_dmaERKNS0_4DataE)
    HAL::UART::UartDevice::transmit_byte(unsigned char) 0x080059a5   Thumb Code    54  uart_device_impl.o(.text._ZN3HAL4UART10UartDevice13transmit_byteEh)
    HAL::UART::UartDevice::clear_ore_error(HAL::UART::Data&) 0x080059dd   Thumb Code    86  uart_device_impl.o(.text._ZN3HAL4UART10UartDevice15clear_ore_errorERNS0_4DataE)
    HAL::UART::UartDevice::receive_dma_idle(HAL::UART::Data&) 0x08005a35   Thumb Code    98  uart_device_impl.o(.text._ZN3HAL4UART10UartDevice16receive_dma_idleERNS0_4DataE)
    HAL::UART::UartDevice::register_rx_callback(std::__1::function<void(const HAL::UART::Data&)>) 0x08005a99   Thumb Code   552  uart_device_impl.o(.text._ZN3HAL4UART10UartDevice20register_rx_callbackENSt3__18functionIFvRKNS0_4DataEEEE)
    HAL::UART::UartDevice::trigger_rx_callbacks(const HAL::UART::Data&) 0x08005cc1   Thumb Code   180  uart_device_impl.o(.text._ZN3HAL4UART10UartDevice20trigger_rx_callbacksERKNS0_4DataE)
    HAL::UART::UartDevice::init()            0x08005d75   Thumb Code     8  uart_device_impl.o(.text._ZN3HAL4UART10UartDevice4initEv)
    HAL::UART::UartDevice::start()           0x08005d7d   Thumb Code    22  uart_device_impl.o(.text._ZN3HAL4UART10UartDevice5startEv)
    HAL::UART::UartDevice::receive(HAL::UART::Data&) 0x08005d95   Thumb Code    98  uart_device_impl.o(.text._ZN3HAL4UART10UartDevice7receiveERNS0_4DataE)
    HAL::UART::UartDevice::transmit(const HAL::UART::Data&) 0x08005df9   Thumb Code    88  uart_device_impl.o(.text._ZN3HAL4UART10UartDevice8transmitERKNS0_4DataE)
    HAL::UART::UartDevice::UartDevice(__UART_HandleTypeDef*) 0x08005e51   Thumb Code   116  uart_device_impl.o(.text._ZN3HAL4UART10UartDeviceC2EP20__UART_HandleTypeDef)
    HAL::UART::UartDevice::UartDevice__sub_object(__UART_HandleTypeDef*) 0x08005e51   Thumb Code   116  uart_device_impl.o(.text._ZN3HAL4UART10UartDeviceC2EP20__UART_HandleTypeDef)
    HAL::UART::UartDevice::~UartDevice__deallocating() 0x08005ec5   Thumb Code    24  uart_device_impl.o(.text._ZN3HAL4UART10UartDeviceD0Ev)
    HAL::UART::UartDevice::~UartDevice__sub_object() 0x08005edd   Thumb Code   206  uart_bus_impl.o(.text._ZN3HAL4UART10UartDeviceD2Ev)
    HAL::UART::IUartDevice::IUartDevice__sub_object() 0x08005fad   Thumb Code    22  uart_device_impl.o(.text._ZN3HAL4UART11IUartDeviceC2Ev)
    HAL::UART::IUartDevice::~IUartDevice__deallocating() 0x08005fc5   Thumb Code     6  uart_device_impl.o(.text._ZN3HAL4UART11IUartDeviceD0Ev)
    HAL::UART::IUartDevice::~IUartDevice__sub_object() 0x08005fcd   Thumb Code    10  uart_bus_impl.o(.text._ZN3HAL4UART11IUartDeviceD2Ev)
    HAL::UART::get_uart_bus_instance()       0x08005fd9   Thumb Code     8  uart_bus.o(.text._ZN3HAL4UART21get_uart_bus_instanceEv)
    HAL::UART::UartBus::get_device(HAL::UART::UartDeviceId) 0x08005fe1   Thumb Code    74  uart_bus_impl.o(.text._ZN3HAL4UART7UartBus10get_deviceENS0_12UartDeviceIdE)
    HAL::UART::UartBus::register_device(HAL::UART::UartDeviceId, HAL::UART::UartDevice*) 0x0800602d   Thumb Code    54  uart_bus_impl.o(.text._ZN3HAL4UART7UartBus15register_deviceENS0_12UartDeviceIdEPNS0_10UartDeviceE)
    HAL::UART::UartBus::init()               0x08006065   Thumb Code    92  uart_bus_impl.o(.text._ZN3HAL4UART7UartBus4initEv)
    HAL::UART::UartBus::instance()           0x080060c1   Thumb Code   154  uart_bus_impl.o(.text._ZN3HAL4UART7UartBus8instanceEv)
    HAL::UART::UartBus::UartBus()            0x0800615d   Thumb Code   178  uart_bus_impl.o(.text._ZN3HAL4UART7UartBusC2Ev)
    HAL::UART::UartBus::UartBus__sub_object() 0x0800615d   Thumb Code   178  uart_bus_impl.o(.text._ZN3HAL4UART7UartBusC2Ev)
    HAL::UART::UartBus::~UartBus__deallocating() 0x08006211   Thumb Code    24  uart_bus_impl.o(.text._ZN3HAL4UART7UartBusD0Ev)
    HAL::UART::UartBus::~UartBus__sub_object() 0x08006229   Thumb Code    64  uart_bus_impl.o(.text._ZN3HAL4UART7UartBusD2Ev)
    HAL::UART::IUartBus::IUartBus__sub_object() 0x08006269   Thumb Code    22  uart_bus_impl.o(.text._ZN3HAL4UART8IUartBusC2Ev)
    HAL::UART::IUartBus::~IUartBus__deallocating() 0x08006281   Thumb Code     6  uart_bus_impl.o(.text._ZN3HAL4UART8IUartBusD0Ev)
    HAL::UART::IUartBus::~IUartBus__sub_object() 0x08006289   Thumb Code    10  uart_bus_impl.o(.text._ZN3HAL4UART8IUartBusD2Ev)
    BSP::REMOTE_CONTROL::RemoteController::extractBits(const unsigned char*, unsigned, unsigned char) const 0x08006295   Thumb Code   152  dt7.o(.text._ZNK3BSP14REMOTE_CONTROL16RemoteController11extractBitsEPKhjh)
    BSP::REMOTE_CONTROL::RemoteController::extractBool(unsigned char) const 0x0800632d   Thumb Code    24  dt7.o(.text._ZNK3BSP14REMOTE_CONTROL16RemoteController11extractBoolEh)
    BSP::REMOTE_CONTROL::RemoteController::extract16Bits(unsigned char, unsigned char) const 0x08006345   Thumb Code    34  dt7.o(.text._ZNK3BSP14REMOTE_CONTROL16RemoteController13extract16BitsEhh)
    BSP::REMOTE_CONTROL::RemoteController::mapChannelValue(unsigned short) const 0x08006369   Thumb Code   162  dt7.o(.text._ZNK3BSP14REMOTE_CONTROL16RemoteController15mapChannelValueEt)
    HAL::UART::UartDevice::get_handle() const 0x0800640d   Thumb Code    12  uart_device_impl.o(.text._ZNK3HAL4UART10UartDevice10get_handleEv)
    HAL::UART::UartBus::has_device(HAL::UART::UartDeviceId) const 0x08006419   Thumb Code    60  uart_bus_impl.o(.text._ZNK3HAL4UART7UartBus10has_deviceENS0_12UartDeviceIdE)
    std::__1::__vector_base_common<(bool)1>::__throw_length_error() const 0x0800687f   Thumb Code     4  vector.cpp.o(.text._ZNKSt3__120__vector_base_commonILb1EE20__throw_length_errorEv)
    std::__1::vector<std::__1::function<void(const HAL::UART::Data&)>, std::__1::allocator<std::__1::function<void(const HAL::UART::Data&)>>>::max_size() const 0x08006885   Thumb Code   108  uart_device_impl.o(.text._ZNKSt3__16vectorINS_8functionIFvRKN3HAL4UART4DataEEEENS_9allocatorIS8_EEE8max_sizeEv)
    std::__1::function<void(const HAL::UART::Data&)>::operator ()(const HAL::UART::Data&) const 0x080068f1   Thumb Code    60  uart_device_impl.o(.text._ZNKSt3__18functionIFvRKN3HAL4UART4DataEEEclES5_)
    std::__1::__function::__value_func<void(const HAL::UART::Data&)>::__as_base(void*) 0x0800692d   Thumb Code    10  uart_device_impl.o(.text._ZNSt3__110__function12__value_funcIFvRKN3HAL4UART4DataEEE9__as_baseEPv)
    std::__1::__function::__base<void(const HAL::UART::Data&)>::~__base__deallocating() 0x08006939   Thumb Code     6  serivaltask.o(.text._ZNSt3__110__function6__baseIFvRKN3HAL4UART4DataEEED0Ev)
    std::__1::__function::__base<void(const HAL::UART::Data&)>::~__base__sub_object() 0x08006941   Thumb Code    10  serivaltask.o(.text._ZNSt3__110__function6__baseIFvRKN3HAL4UART4DataEEED2Ev)
    std::__1::__vector_base<std::__1::function<void(const HAL::UART::Data&)>, std::__1::allocator<std::__1::function<void(const HAL::UART::Data&)>>>::~__vector_base__sub_object() 0x08006a1d   Thumb Code   298  uart_bus_impl.o(.text._ZNSt3__113__vector_baseINS_8functionIFvRKN3HAL4UART4DataEEEENS_9allocatorIS8_EEED2Ev)
    std::__1::__split_buffer<std::__1::function<void(const HAL::UART::Data&)>, std::__1::allocator<std::__1::function<void(const HAL::UART::Data&)>>&>::__split_buffer__sub_object(unsigned, unsigned, std::__1::allocator<std::__1::function<void(const HAL::UART::Data&)>>&) 0x08006b49   Thumb Code   282  uart_device_impl.o(.text._ZNSt3__114__split_bufferINS_8functionIFvRKN3HAL4UART4DataEEEERNS_9allocatorIS8_EEEC2EjjSB_)
    std::__1::__split_buffer<std::__1::function<void(const HAL::UART::Data&)>, std::__1::allocator<std::__1::function<void(const HAL::UART::Data&)>>&>::~__split_buffer__sub_object() 0x08006c65   Thumb Code   286  uart_device_impl.o(.text._ZNSt3__114__split_bufferINS_8functionIFvRKN3HAL4UART4DataEEEERNS_9allocatorIS8_EEED2Ev)
    std::__1::_DeallocateCaller::__do_deallocate_handle_size(void*, unsigned) 0x08006d85   Thumb Code    18  can_bus_impl.o(.text._ZNSt3__117_DeallocateCaller27__do_deallocate_handle_sizeEPvj)
    std::__1::_DeallocateCaller::__do_deallocate_handle_size(void*, unsigned, std::align_val_t) 0x08006d99   Thumb Code    22  can_bus_impl.o(.text._ZNSt3__117_DeallocateCaller27__do_deallocate_handle_sizeEPvjSt11align_val_t)
    std::__1::_DeallocateCaller::__do_call(void*) 0x08006db1   Thumb Code    16  can_bus_impl.o(.text._ZNSt3__117_DeallocateCaller9__do_callEPv)
    void std::__1::_DeallocateCaller::__do_call<std::align_val_t>(void*, T1) 0x08006dc1   Thumb Code    20  can_bus_impl.o(.text._ZNSt3__117_DeallocateCaller9__do_callISt11align_val_tEEvPvT_)
    std::__1::vector<std::__1::function<void(const HAL::UART::Data&)>, std::__1::allocator<std::__1::function<void(const HAL::UART::Data&)>>>::_ConstructTransaction::_ConstructTransaction__sub_object(std::__1::vector<std::__1::function<void(const HAL::UART::Data&)>, std::__1::allocator<std::__1::function<void(const HAL::UART::Data&)>>>&, unsigned) 0x08006e0d   Thumb Code    40  uart_device_impl.o(.text._ZNSt3__16vectorINS_8functionIFvRKN3HAL4UART4DataEEEENS_9allocatorIS8_EEE21_ConstructTransactionC2ERSB_j)
    std::__1::vector<std::__1::function<void(const HAL::UART::Data&)>, std::__1::allocator<std::__1::function<void(const HAL::UART::Data&)>>>::_ConstructTransaction::~_ConstructTransaction__sub_object() 0x08006e35   Thumb Code    16  uart_device_impl.o(.text._ZNSt3__16vectorINS_8functionIFvRKN3HAL4UART4DataEEEENS_9allocatorIS8_EEE21_ConstructTransactionD2Ev)
    std::__1::vector<std::__1::function<void(const HAL::UART::Data&)>, std::__1::allocator<std::__1::function<void(const HAL::UART::Data&)>>>::__swap_out_circular_buffer(std::__1::__split_buffer<std::__1::function<void(const HAL::UART::Data&)>, std::__1::allocator<std::__1::function<void(const HAL::UART::Data&)>>&>&) 0x08006e45   Thumb Code   696  uart_device_impl.o(.text._ZNSt3__16vectorINS_8functionIFvRKN3HAL4UART4DataEEEENS_9allocatorIS8_EEE26__swap_out_circular_bufferERNS_14__split_bufferIS8_RSA_EE)
    std::__1::function<void(const HAL::UART::Data&)>::function__sub_object(std::__1::function<void(const HAL::UART::Data&)>&&) 0x080070fd   Thumb Code   104  uart_device_impl.o(.text._ZNSt3__18functionIFvRKN3HAL4UART4DataEEEC2EOS7_)
    std::__1::function<void(const HAL::UART::Data&)>::function__sub_object(const std::__1::function<void(const HAL::UART::Data&)>&) 0x08007165   Thumb Code   100  uart_device_impl.o(.text._ZNSt3__18functionIFvRKN3HAL4UART4DataEEEC2ERKS7_)
    std::__1::function<void(const HAL::UART::Data&)>::~function__sub_object() 0x08007355   Thumb Code    72  uart_bus_impl.o(.text._ZNSt3__18functionIFvRKN3HAL4UART4DataEEED2Ev)
    std::get_new_handler()                   0x0800739d   Thumb Code    12  cxa_handlers.cpp.o(.text._ZSt15get_new_handlerv)
    operator delete (void*)                  0x080073dd   Thumb Code     4  new.cpp.o(.text._ZdlPv)
    operator delete (void*, std::align_val_t) 0x080073e1   Thumb Code     4  new.cpp.o(.text._ZdlPvSt11align_val_t)
    operator new(unsigned)                   0x080073e5   Thumb Code    38  new.cpp.o(.text._Znwj)
    operator new(unsigned, std::align_val_t) 0x0800740d   Thumb Code    70  new.cpp.o(.text._ZnwjSt11align_val_t)
    __cxa_guard_acquire                      0x08007519   Thumb Code    92  cxa_guard.cpp.o(.text.__cxa_guard_acquire)
    __cxa_guard_release                      0x08007575   Thumb Code     8  cxa_guard.cpp.o(.text.__cxa_guard_release)
    __cxa_pure_virtual                       0x0800757d   Thumb Code    40  cxa_virtual.cpp.o(.text.__cxa_pure_virtual)
    abort_message                            0x080075b7   Thumb Code     4  abort_message.cpp.o(.text.abort_message)
    main                                     0x080075bd   Thumb Code    62  main.o(.text.main)
    osDelay                                  0x08007629   Thumb Code    42  cmsis_os.o(.text.osDelay)
    osKernelStart                            0x08007655   Thumb Code    10  cmsis_os.o(.text.osKernelStart)
    osThreadCreate                           0x08007661   Thumb Code   164  cmsis_os.o(.text.osThreadCreate)
    pvPortMalloc                             0x08007e05   Thumb Code   506  heap_4.o(.text.pvPortMalloc)
    pxPortInitialiseStack                    0x08008001   Thumb Code    94  port.o(.text.pxPortInitialiseStack)
    uxListRemove                             0x08008061   Thumb Code    72  list.o(.text.uxListRemove)
    vApplicationGetIdleTaskMemory            0x080080a9   Thumb Code    42  freertos.o(.text.vApplicationGetIdleTaskMemory)
    vListInitialise                          0x080080d5   Thumb Code    46  list.o(.text.vListInitialise)
    vListInitialiseItem                      0x08008105   Thumb Code    14  list.o(.text.vListInitialiseItem)
    vListInsert                              0x08008115   Thumb Code   108  list.o(.text.vListInsert)
    vListInsertEnd                           0x08008181   Thumb Code    58  list.o(.text.vListInsertEnd)
    vPortEnterCritical                       0x080081d1   Thumb Code    88  port.o(.text.vPortEnterCritical)
    vPortExitCritical                        0x08008229   Thumb Code    78  port.o(.text.vPortExitCritical)
    vPortFree                                0x08008279   Thumb Code   212  heap_4.o(.text.vPortFree)
    vPortSetupTimerInterrupt                 0x0800834d   Thumb Code    68  port.o(.text.vPortSetupTimerInterrupt)
    vTaskDelay                               0x08008391   Thumb Code   116  tasks.o(.text.vTaskDelay)
    vTaskStartScheduler                      0x08008405   Thumb Code   214  tasks.o(.text.vTaskStartScheduler)
    vTaskSuspendAll                          0x080084dd   Thumb Code    16  tasks.o(.text.vTaskSuspendAll)
    vTaskSwitchContext                       0x080084ed   Thumb Code   194  tasks.o(.text.vTaskSwitchContext)
    xPortStartScheduler                      0x080085b1   Thumb Code   342  port.o(.text.xPortStartScheduler)
    xTaskCreate                              0x08008709   Thumb Code   178  tasks.o(.text.xTaskCreate)
    xTaskCreateStatic                        0x080087bd   Thumb Code   214  tasks.o(.text.xTaskCreateStatic)
    xTaskIncrementTick                       0x08008895   Thumb Code   456  tasks.o(.text.xTaskIncrementTick)
    xTaskResumeAll                           0x08008a5d   Thumb Code   396  tasks.o(.text.xTaskResumeAll)
    _fp_init                                 0x08008be9   Thumb Code    26  fpinit.o(x$fpl$fpinit)
    __fplib_config_fpu_vfp                   0x08008c01   Thumb Code     0  fpinit.o(x$fpl$fpinit)
    __fplib_config_pureend_doubles           0x08008c01   Thumb Code     0  fpinit.o(x$fpl$fpinit)
    AHBPrescTable                            0x08008c84   Data          16  system_stm32f4xx.o(.rodata.AHBPrescTable)
    APBPrescTable                            0x08008c94   Data           8  system_stm32f4xx.o(.rodata.APBPrescTable)
    vtable for HAL::UART::UartDevice         0x08008ca4   Data          68  uart_device_impl.o(.rodata._ZTVN3HAL4UART10UartDeviceE)
    vtable for HAL::UART::IUartDevice        0x08008ce8   Data          68  uart_device_impl.o(.rodata._ZTVN3HAL4UART11IUartDeviceE)
    vtable for HAL::UART::UartBus            0x08008d2c   Data          24  uart_bus_impl.o(.rodata._ZTVN3HAL4UART7UartBusE)
    vtable for HAL::UART::IUartBus           0x08008d44   Data          24  uart_bus_impl.o(.rodata._ZTVN3HAL4UART8IUartBusE)
    vtable for std::__1::__function::__base<void(const HAL::UART::Data&)> 0x08008d5c   Data          36  serivaltask.o(.rodata._ZTVNSt3__110__function6__baseIFvRKN3HAL4UART4DataEEEE)
    Region$$Table$$Base                      0x08008e08   Number         0  anon$$obj.o(Region$$Table)
    Region$$Table$$Limit                     0x08008e28   Number         0  anon$$obj.o(Region$$Table)
    SHT$$INIT_ARRAY$$Base                    0x08008e28   Number         0  serivaltask.o(.init_array)
    SHT$$INIT_ARRAY$$Limit                   0x08008e2c   Number         0  init_aeabi.o(.init_array)
    SystemCoreClock                          0x20000000   Data           4  system_stm32f4xx.o(.data.SystemCoreClock)
    uwTickFreq                               0x20000004   Data           1  stm32f4xx_hal.o(.data.uwTickFreq)
    uwTickPrio                               0x20000008   Data           4  stm32f4xx_hal.o(.data.uwTickPrio)
    __libspace_start                         0x20000010   Data          96  libspace.o(.bss)
    ALGHandle                                0x20000070   Data           4  freertos.o(.bss.ALGHandle)
    __temporary_stack_top$libspace           0x20000070   Data           0  libspace.o(.bss)
    CANHandle                                0x20000074   Data           4  freertos.o(.bss.CANHandle)
    DR16                                     0x20000078   Data          72  serivaltask.o(.bss.DR16)
    SERIALHandle                             0x200000c4   Data           4  freertos.o(.bss.SERIALHandle)
    __cxa_new_handler                        0x20000128   Data           4  cxa_handlers.cpp.o(.bss.__cxa_new_handler)
    defaultTaskHandle                        0x2000012c   Data           4  freertos.o(.bss.defaultTaskHandle)
    dr16_rx_buffer                           0x20000130   Data          18  serivaltask.o(.bss.dr16_rx_buffer)
    hcan1                                    0x20000144   Data          40  can.o(.bss.hcan1)
    hcan2                                    0x2000016c   Data          40  can.o(.bss.hcan2)
    hdma_usart1_rx                           0x20000194   Data          96  usart.o(.bss.hdma_usart1_rx)
    hdma_usart6_rx                           0x200001f4   Data          96  usart.o(.bss.hdma_usart6_rx)
    hdma_usart6_tx                           0x20000254   Data          96  usart.o(.bss.hdma_usart6_tx)
    htim1                                    0x200002b4   Data          72  stm32f4xx_hal_timebase_tim.o(.bss.htim1)
    htim12                                   0x200002fc   Data          72  tim.o(.bss.htim12)
    huart1                                   0x20000344   Data          72  usart.o(.bss.huart1)
    huart3                                   0x2000038c   Data          72  usart.o(.bss.huart3)
    huart6                                   0x200003d4   Data          72  usart.o(.bss.huart6)
    pxCurrentTCB                             0x2000041c   Data           4  tasks.o(.bss.pxCurrentTCB)
    uwTick                                   0x200040c0   Data           4  stm32f4xx_hal.o(.bss.uwTick)



==============================================================================

Memory Map of the image

  Image Entry point : 0x080001ad

  Load Region LR_IROM1 (Base: 0x08000000, Size: 0x00008e40, Max: 0x00200000, ABSOLUTE)

    Execution Region ER_IROM1 (Exec base: 0x08000000, Load base: 0x08000000, Size: 0x00008e2c, Max: 0x00200000, ABSOLUTE)

    Exec Addr    Load Addr    Size         Type   Attr      Idx    E Section Name        Object

    0x08000000   0x08000000   0x000001ac   Data   RO            3    RESET               startup_stm32f427xx.o
    0x080001ac   0x080001ac   0x00000008   Code   RO         2325  * !!!main             c_w.l(__main.o)
    0x080001b4   0x080001b4   0x00000034   Code   RO         2735    !!!scatter          c_w.l(__scatter.o)
    0x080001e8   0x080001e8   0x0000001a   Code   RO         2737    !!handler_copy      c_w.l(__scatter_copy.o)
    0x08000202   0x08000202   0x00000002   PAD
    0x08000204   0x08000204   0x0000001c   Code   RO         2739    !!handler_zi        c_w.l(__scatter_zi.o)
    0x08000220   0x08000220   0x00000002   Code   RO         2677    .ARM.Collect$$libinit$$00000000  c_w.l(libinit.o)
    0x08000222   0x08000222   0x00000004   Code   RO         2489    .ARM.Collect$$libinit$$00000001  c_w.l(libinit2.o)
    0x08000226   0x08000226   0x00000000   Code   RO         2492    .ARM.Collect$$libinit$$00000004  c_w.l(libinit2.o)
    0x08000226   0x08000226   0x00000008   Code   RO         2493    .ARM.Collect$$libinit$$00000005  c_w.l(libinit2.o)
    0x0800022e   0x0800022e   0x00000000   Code   RO         2495    .ARM.Collect$$libinit$$0000000A  c_w.l(libinit2.o)
    0x0800022e   0x0800022e   0x00000000   Code   RO         2497    .ARM.Collect$$libinit$$0000000C  c_w.l(libinit2.o)
    0x0800022e   0x0800022e   0x00000000   Code   RO         2499    .ARM.Collect$$libinit$$0000000E  c_w.l(libinit2.o)
    0x0800022e   0x0800022e   0x00000000   Code   RO         2502    .ARM.Collect$$libinit$$00000011  c_w.l(libinit2.o)
    0x0800022e   0x0800022e   0x00000000   Code   RO         2504    .ARM.Collect$$libinit$$00000013  c_w.l(libinit2.o)
    0x0800022e   0x0800022e   0x00000000   Code   RO         2506    .ARM.Collect$$libinit$$00000015  c_w.l(libinit2.o)
    0x0800022e   0x0800022e   0x00000000   Code   RO         2508    .ARM.Collect$$libinit$$00000017  c_w.l(libinit2.o)
    0x0800022e   0x0800022e   0x00000000   Code   RO         2510    .ARM.Collect$$libinit$$00000019  c_w.l(libinit2.o)
    0x0800022e   0x0800022e   0x00000000   Code   RO         2512    .ARM.Collect$$libinit$$0000001B  c_w.l(libinit2.o)
    0x0800022e   0x0800022e   0x00000000   Code   RO         2514    .ARM.Collect$$libinit$$0000001D  c_w.l(libinit2.o)
    0x0800022e   0x0800022e   0x00000000   Code   RO         2516    .ARM.Collect$$libinit$$0000001F  c_w.l(libinit2.o)
    0x0800022e   0x0800022e   0x00000000   Code   RO         2518    .ARM.Collect$$libinit$$00000021  c_w.l(libinit2.o)
    0x0800022e   0x0800022e   0x00000000   Code   RO         2520    .ARM.Collect$$libinit$$00000023  c_w.l(libinit2.o)
    0x0800022e   0x0800022e   0x00000000   Code   RO         2522    .ARM.Collect$$libinit$$00000025  c_w.l(libinit2.o)
    0x0800022e   0x0800022e   0x00000008   Code   RO         2523    .ARM.Collect$$libinit$$00000026  c_w.l(libinit2.o)
    0x08000236   0x08000236   0x00000000   Code   RO         2528    .ARM.Collect$$libinit$$0000002E  c_w.l(libinit2.o)
    0x08000236   0x08000236   0x00000000   Code   RO         2530    .ARM.Collect$$libinit$$00000030  c_w.l(libinit2.o)
    0x08000236   0x08000236   0x00000004   Code   RO         2531    .ARM.Collect$$libinit$$00000031  c_w.l(libinit2.o)
    0x0800023a   0x0800023a   0x00000000   Code   RO         2532    .ARM.Collect$$libinit$$00000032  c_w.l(libinit2.o)
    0x0800023a   0x0800023a   0x00000002   Code   RO         2533    .ARM.Collect$$libinit$$00000033  c_w.l(libinit2.o)
    0x0800023c   0x0800023c   0x00000002   Code   RO         2733    .ARM.Collect$$libshutdown$$00000000  c_w.l(libshutdown.o)
    0x0800023e   0x0800023e   0x00000006   Code   RO         2678    .ARM.Collect$$libshutdown$$00000001  c_w.l(libshutdown2.o)
    0x08000244   0x08000244   0x00000000   Code   RO         2679    .ARM.Collect$$libshutdown$$00000002  c_w.l(libshutdown2.o)
    0x08000244   0x08000244   0x00000000   Code   RO         2681    .ARM.Collect$$libshutdown$$00000004  c_w.l(libshutdown2.o)
    0x08000244   0x08000244   0x00000000   Code   RO         2684    .ARM.Collect$$libshutdown$$00000007  c_w.l(libshutdown2.o)
    0x08000244   0x08000244   0x00000000   Code   RO         2687    .ARM.Collect$$libshutdown$$0000000A  c_w.l(libshutdown2.o)
    0x08000244   0x08000244   0x00000000   Code   RO         2689    .ARM.Collect$$libshutdown$$0000000C  c_w.l(libshutdown2.o)
    0x08000244   0x08000244   0x00000000   Code   RO         2692    .ARM.Collect$$libshutdown$$0000000F  c_w.l(libshutdown2.o)
    0x08000244   0x08000244   0x00000002   Code   RO         2693    .ARM.Collect$$libshutdown$$00000010  c_w.l(libshutdown2.o)
    0x08000246   0x08000246   0x00000000   Code   RO         2404    .ARM.Collect$$rtentry$$00000000  c_w.l(__rtentry.o)
    0x08000246   0x08000246   0x00000000   Code   RO         2567    .ARM.Collect$$rtentry$$00000002  c_w.l(__rtentry2.o)
    0x08000246   0x08000246   0x00000006   Code   RO         2579    .ARM.Collect$$rtentry$$00000004  c_w.l(__rtentry4.o)
    0x0800024c   0x0800024c   0x00000000   Code   RO         2569    .ARM.Collect$$rtentry$$00000009  c_w.l(__rtentry2.o)
    0x0800024c   0x0800024c   0x00000004   Code   RO         2570    .ARM.Collect$$rtentry$$0000000A  c_w.l(__rtentry2.o)
    0x08000250   0x08000250   0x00000000   Code   RO         2572    .ARM.Collect$$rtentry$$0000000C  c_w.l(__rtentry2.o)
    0x08000250   0x08000250   0x00000008   Code   RO         2573    .ARM.Collect$$rtentry$$0000000D  c_w.l(__rtentry2.o)
    0x08000258   0x08000258   0x00000002   Code   RO         2698    .ARM.Collect$$rtexit$$00000000  c_w.l(rtexit.o)
    0x0800025a   0x0800025a   0x00000000   Code   RO         2709    .ARM.Collect$$rtexit$$00000002  c_w.l(rtexit2.o)
    0x0800025a   0x0800025a   0x00000004   Code   RO         2710    .ARM.Collect$$rtexit$$00000003  c_w.l(rtexit2.o)
    0x0800025e   0x0800025e   0x00000006   Code   RO         2711    .ARM.Collect$$rtexit$$00000004  c_w.l(rtexit2.o)
    0x08000264   0x08000264   0x00000004   Code   RO         2622    .emb_text           c_w.l(argv_veneer.o)
    0x08000268   0x08000268   0x00000040   Code   RO            4    .text               startup_stm32f427xx.o
    0x080002a8   0x080002a8   0x000000f0   Code   RO         2307    .text               c_w.l(lludivv7m.o)
    0x08000398   0x08000398   0x00000016   Code   RO         2309    .text               c_w.l(abort.o)
    0x080003ae   0x080003ae   0x0000000a   Code   RO         2314    .text               c_w.l(cxa_atexit.o)
    0x080003b8   0x080003b8   0x0000004e   Code   RO         2321    .text               c_w.l(rt_memclr_w.o)
    0x08000406   0x08000406   0x00000006   Code   RO         2323    .text               c_w.l(heapauxi.o)
    0x0800040c   0x0800040c   0x00000024   Code   RO         2330    .text               c_w.l(init_aeabi.o)
    0x08000430   0x08000430   0x0000000c   Code   RO         2400    .text               c_w.l(sys_exit.o)
    0x0800043c   0x0800043c   0x0000005e   Code   RO         2413    .text               c_w.l(h1_alloc.o)
    0x0800049a   0x0800049a   0x0000004e   Code   RO         2415    .text               c_w.l(h1_free.o)
    0x080004e8   0x080004e8   0x000000b4   Code   RO         2417    .text               c_w.l(h1_memalign.o)
    0x0800059c   0x0800059c   0x0000002e   Code   RO         2478    .text               c_w.l(aeabi_atexit.o)
    0x080005ca   0x080005ca   0x0000000e   Code   RO         2481    .text               c_w.l(defsig_abrt_outer.o)
    0x080005d8   0x080005d8   0x00000002   Code   RO         2561    .text               c_w.l(use_no_semi.o)
    0x080005da   0x080005da   0x00000000   Code   RO         2565    .text               c_w.l(indicate_semi.o)
    0x080005da   0x080005da   0x00000002   PAD
    0x080005dc   0x080005dc   0x00000008   Code   RO         2588    .text               c_w.l(rt_heap_descriptor_intlibspace.o)
    0x080005e4   0x080005e4   0x00000008   Code   RO         2593    .text               c_w.l(rt_ddtor_pointer_addr_intlibspace.o)
    0x080005ec   0x080005ec   0x00000004   Code   RO         2595    .text               c_w.l(hguard.o)
    0x080005f0   0x080005f0   0x0000008a   Code   RO         2597    .text               c_w.l(init_alloc.o)
    0x0800067a   0x0800067a   0x0000000e   Code   RO         2601    .text               c_w.l(h1_init.o)
    0x08000688   0x08000688   0x00000042   Code   RO         2613    .text               c_w.l(cxa_finalize.o)
    0x080006ca   0x080006ca   0x0000000a   Code   RO         2616    .text               c_w.l(defsig_exit.o)
    0x080006d4   0x080006d4   0x00000030   Code   RO         2618    .text               c_w.l(defsig_abrt_inner.o)
    0x08000704   0x08000704   0x00000108   Code   RO         2620    .text               c_w.l(_get_argv.o)
    0x0800080c   0x0800080c   0x00000018   Code   RO         2634    .text               c_w.l(sys_command.o)
    0x08000824   0x08000824   0x00000008   Code   RO         2638    .text               c_w.l(libspace.o)
    0x0800082c   0x0800082c   0x0000004a   Code   RO         2641    .text               c_w.l(sys_stackheap_outer.o)
    0x08000876   0x08000876   0x00000004   Code   RO         2643    .text               c_w.l(hrguard.o)
    0x0800087a   0x0800087a   0x00000000   Code   RO         2645    .text               c_w.l(maybetermalloc1.o)
    0x0800087a   0x0800087a   0x00000034   Code   RO         2647    .text               c_w.l(h1_extend.o)
    0x080008ae   0x080008ae   0x00000012   Code   RO         2651    .text               c_w.l(exit.o)
    0x080008c0   0x080008c0   0x00000032   Code   RO         2655    .text               c_w.l(defsig_general.o)
    0x080008f2   0x080008f2   0x0000000e   Code   RO         2661    .text               c_w.l(defsig_rtmem_outer.o)
    0x08000900   0x08000900   0x0000000e   Code   RO         2694    .text               c_w.l(sys_wrch.o)
    0x0800090e   0x0800090e   0x00000002   PAD
    0x08000910   0x08000910   0x00000050   Code   RO         2704    .text               c_w.l(defsig_rtmem_inner.o)
    0x08000960   0x08000960   0x00000004   Code   RO          129    .text.BusFault_Handler  stm32f4xx_it.o
    0x08000964   0x08000964   0x00000010   Code   RO          135    .text.CAN1_RX0_IRQHandler  stm32f4xx_it.o
    0x08000974   0x08000974   0x00000010   Code   RO          137    .text.CAN1_RX1_IRQHandler  stm32f4xx_it.o
    0x08000984   0x08000984   0x00000010   Code   RO          147    .text.CAN2_RX0_IRQHandler  stm32f4xx_it.o
    0x08000994   0x08000994   0x00000010   Code   RO          149    .text.CAN2_RX1_IRQHandler  stm32f4xx_it.o
    0x080009a4   0x080009a4   0x00000012   Code   RO         2224    .text.Control       controltask.o
    0x080009b6   0x080009b6   0x00000002   PAD
    0x080009b8   0x080009b8   0x00000010   Code   RO          143    .text.DMA2_Stream1_IRQHandler  stm32f4xx_it.o
    0x080009c8   0x080009c8   0x00000010   Code   RO          145    .text.DMA2_Stream2_IRQHandler  stm32f4xx_it.o
    0x080009d8   0x080009d8   0x00000010   Code   RO          151    .text.DMA2_Stream6_IRQHandler  stm32f4xx_it.o
    0x080009e8   0x080009e8   0x00000056   Code   RO          797    .text.DMA_CalcBaseAndBitshift  stm32f4xx_hal_dma.o
    0x08000a3e   0x08000a3e   0x00000002   PAD
    0x08000a40   0x08000a40   0x000000f8   Code   RO          795    .text.DMA_CheckFifoParam  stm32f4xx_hal_dma.o
    0x08000b38   0x08000b38   0x00000050   Code   RO          803    .text.DMA_SetConfig  stm32f4xx_hal_dma.o
    0x08000b88   0x08000b88   0x00000002   Code   RO          133    .text.DebugMon_Handler  stm32f4xx_it.o
    0x08000b8a   0x08000b8a   0x00000002   PAD
    0x08000b8c   0x08000b8c   0x00000006   Code   RO           15    .text.Error_Handler  main.o
    0x08000b92   0x08000b92   0x00000002   PAD
    0x08000b94   0x08000b94   0x00000008   Code   RO          584    .text.HAL_CAN_ErrorCallback  stm32f4xx_hal_can.o
    0x08000b9c   0x08000b9c   0x00000404   Code   RO          558    .text.HAL_CAN_IRQHandler  stm32f4xx_hal_can.o
    0x08000fa0   0x08000fa0   0x000001e4   Code   RO          520    .text.HAL_CAN_Init  stm32f4xx_hal_can.o
    0x08001184   0x08001184   0x000001b4   Code   RO           62    .text.HAL_CAN_MspInit  can.o
    0x08001338   0x08001338   0x00000008   Code   RO          572    .text.HAL_CAN_RxFifo0FullCallback  stm32f4xx_hal_can.o
    0x08001340   0x08001340   0x00000008   Code   RO          574    .text.HAL_CAN_RxFifo0MsgPendingCallback  stm32f4xx_hal_can.o
    0x08001348   0x08001348   0x00000008   Code   RO          576    .text.HAL_CAN_RxFifo1FullCallback  stm32f4xx_hal_can.o
    0x08001350   0x08001350   0x00000008   Code   RO          578    .text.HAL_CAN_RxFifo1MsgPendingCallback  stm32f4xx_hal_can.o
    0x08001358   0x08001358   0x00000008   Code   RO          580    .text.HAL_CAN_SleepCallback  stm32f4xx_hal_can.o
    0x08001360   0x08001360   0x00000008   Code   RO          562    .text.HAL_CAN_TxMailbox0AbortCallback  stm32f4xx_hal_can.o
    0x08001368   0x08001368   0x00000008   Code   RO          560    .text.HAL_CAN_TxMailbox0CompleteCallback  stm32f4xx_hal_can.o
    0x08001370   0x08001370   0x00000008   Code   RO          566    .text.HAL_CAN_TxMailbox1AbortCallback  stm32f4xx_hal_can.o
    0x08001378   0x08001378   0x00000008   Code   RO          564    .text.HAL_CAN_TxMailbox1CompleteCallback  stm32f4xx_hal_can.o
    0x08001380   0x08001380   0x00000008   Code   RO          570    .text.HAL_CAN_TxMailbox2AbortCallback  stm32f4xx_hal_can.o
    0x08001388   0x08001388   0x00000008   Code   RO          568    .text.HAL_CAN_TxMailbox2CompleteCallback  stm32f4xx_hal_can.o
    0x08001390   0x08001390   0x00000008   Code   RO          582    .text.HAL_CAN_WakeUpFromRxMsgCallback  stm32f4xx_hal_can.o
    0x08001398   0x08001398   0x000000f4   Code   RO          807    .text.HAL_DMA_Abort  stm32f4xx_hal_dma.o
    0x0800148c   0x0800148c   0x00000044   Code   RO          809    .text.HAL_DMA_Abort_IT  stm32f4xx_hal_dma.o
    0x080014d0   0x080014d0   0x00000344   Code   RO          813    .text.HAL_DMA_IRQHandler  stm32f4xx_hal_dma.o
    0x08001814   0x08001814   0x00000178   Code   RO          793    .text.HAL_DMA_Init  stm32f4xx_hal_dma.o
    0x0800198c   0x0800198c   0x000000c6   Code   RO          805    .text.HAL_DMA_Start_IT  stm32f4xx_hal_dma.o
    0x08001a52   0x08001a52   0x00000002   PAD
    0x08001a54   0x08001a54   0x000003fa   Code   RO          755    .text.HAL_GPIO_Init  stm32f4xx_hal_gpio.o
    0x08001e4e   0x08001e4e   0x00000002   PAD
    0x08001e50   0x08001e50   0x0000000c   Code   RO          986    .text.HAL_GetTick   stm32f4xx_hal.o
    0x08001e5c   0x08001e5c   0x0000001a   Code   RO          984    .text.HAL_IncTick   stm32f4xx_hal.o
    0x08001e76   0x08001e76   0x00000002   PAD
    0x08001e78   0x08001e78   0x0000003c   Code   RO          974    .text.HAL_Init      stm32f4xx_hal.o
    0x08001eb4   0x08001eb4   0x000000e2   Code   RO          170    .text.HAL_InitTick  stm32f4xx_hal_timebase_tim.o
    0x08001f96   0x08001f96   0x00000002   PAD
    0x08001f98   0x08001f98   0x00000058   Code   RO          162    .text.HAL_MspInit   stm32f4xx_hal_msp.o
    0x08001ff0   0x08001ff0   0x00000018   Code   RO          909    .text.HAL_NVIC_EnableIRQ  stm32f4xx_hal_cortex.o
    0x08002008   0x08002008   0x00000040   Code   RO          901    .text.HAL_NVIC_SetPriority  stm32f4xx_hal_cortex.o
    0x08002048   0x08002048   0x00000010   Code   RO          897    .text.HAL_NVIC_SetPriorityGrouping  stm32f4xx_hal_cortex.o
    0x08002058   0x08002058   0x000000be   Code   RO          884    .text.HAL_PWREx_EnableOverDrive  stm32f4xx_hal_pwr_ex.o
    0x08002116   0x08002116   0x00000002   PAD
    0x08002118   0x08002118   0x00000264   Code   RO          603    .text.HAL_RCC_ClockConfig  stm32f4xx_hal_rcc.o
    0x0800237c   0x0800237c   0x00000054   Code   RO          621    .text.HAL_RCC_GetClockConfig  stm32f4xx_hal_rcc.o
    0x080023d0   0x080023d0   0x0000000c   Code   RO          613    .text.HAL_RCC_GetHCLKFreq  stm32f4xx_hal_rcc.o
    0x080023dc   0x080023dc   0x00000022   Code   RO          615    .text.HAL_RCC_GetPCLK1Freq  stm32f4xx_hal_rcc.o
    0x080023fe   0x080023fe   0x00000002   PAD
    0x08002400   0x08002400   0x00000022   Code   RO          617    .text.HAL_RCC_GetPCLK2Freq  stm32f4xx_hal_rcc.o
    0x08002422   0x08002422   0x00000002   PAD
    0x08002424   0x08002424   0x000000e8   Code   RO          605    .text.HAL_RCC_GetSysClockFreq  stm32f4xx_hal_rcc.o
    0x0800250c   0x0800250c   0x000006ca   Code   RO          601    .text.HAL_RCC_OscConfig  stm32f4xx_hal_rcc.o
    0x08002bd6   0x08002bd6   0x00000002   PAD
    0x08002bd8   0x08002bd8   0x00000008   Code   RO          507    .text.HAL_TIMEx_BreakCallback  stm32f4xx_hal_tim_ex.o
    0x08002be0   0x08002be0   0x00000008   Code   RO          503    .text.HAL_TIMEx_CommutCallback  stm32f4xx_hal_tim_ex.o
    0x08002be8   0x08002be8   0x000000a6   Code   RO          184    .text.HAL_TIM_Base_Init  stm32f4xx_hal_tim.o
    0x08002c8e   0x08002c8e   0x00000002   PAD
    0x08002c90   0x08002c90   0x00000008   Code   RO          186    .text.HAL_TIM_Base_MspInit  stm32f4xx_hal_tim.o
    0x08002c98   0x08002c98   0x000000f6   Code   RO          198    .text.HAL_TIM_Base_Start_IT  stm32f4xx_hal_tim.o
    0x08002d8e   0x08002d8e   0x00000002   PAD
    0x08002d90   0x08002d90   0x00000008   Code   RO          320    .text.HAL_TIM_IC_CaptureCallback  stm32f4xx_hal_tim.o
    0x08002d98   0x08002d98   0x00000222   Code   RO          318    .text.HAL_TIM_IRQHandler  stm32f4xx_hal_tim.o
    0x08002fba   0x08002fba   0x00000002   PAD
    0x08002fbc   0x08002fbc   0x0000006c   Code   RO           86    .text.HAL_TIM_MspPostInit  tim.o
    0x08003028   0x08003028   0x00000008   Code   RO          322    .text.HAL_TIM_OC_DelayElapsedCallback  stm32f4xx_hal_tim.o
    0x08003030   0x08003030   0x00000142   Code   RO          350    .text.HAL_TIM_PWM_ConfigChannel  stm32f4xx_hal_tim.o
    0x08003172   0x08003172   0x00000002   PAD
    0x08003174   0x08003174   0x000000a6   Code   RO          238    .text.HAL_TIM_PWM_Init  stm32f4xx_hal_tim.o
    0x0800321a   0x0800321a   0x00000002   PAD
    0x0800321c   0x0800321c   0x0000003e   Code   RO           88    .text.HAL_TIM_PWM_MspInit  tim.o
    0x0800325a   0x0800325a   0x00000002   PAD
    0x0800325c   0x0800325c   0x00000008   Code   RO          324    .text.HAL_TIM_PWM_PulseFinishedCallback  stm32f4xx_hal_tim.o
    0x08003264   0x08003264   0x00000020   Code   RO           17    .text.HAL_TIM_PeriodElapsedCallback  main.o
    0x08003284   0x08003284   0x00000008   Code   RO          328    .text.HAL_TIM_TriggerCallback  stm32f4xx_hal_tim.o
    0x0800328c   0x0800328c   0x000000be   Code   RO         1121    .text.HAL_UARTEx_ReceiveToIdle_DMA  stm32f4xx_hal_uart.o
    0x0800334a   0x0800334a   0x00000002   PAD
    0x0800334c   0x0800334c   0x00000080   Code   RO         2208    .text.HAL_UARTEx_RxEventCallback  callback.o
    0x080033cc   0x080033cc   0x00000008   Code   RO         1157    .text.HAL_UART_ErrorCallback  stm32f4xx_hal_uart.o
    0x080033d4   0x080033d4   0x0000046e   Code   RO         1151    .text.HAL_UART_IRQHandler  stm32f4xx_hal_uart.o
    0x08003842   0x08003842   0x00000002   PAD
    0x08003844   0x08003844   0x000000a4   Code   RO         1067    .text.HAL_UART_Init  stm32f4xx_hal_uart.o
    0x080038e8   0x080038e8   0x000002b6   Code   RO          106    .text.HAL_UART_MspInit  usart.o
    0x08003b9e   0x08003b9e   0x00000002   PAD
    0x08003ba0   0x08003ba0   0x0000014e   Code   RO         1087    .text.HAL_UART_Receive  stm32f4xx_hal_uart.o
    0x08003cee   0x08003cee   0x00000002   PAD
    0x08003cf0   0x08003cf0   0x0000005c   Code   RO         1103    .text.HAL_UART_Receive_DMA  stm32f4xx_hal_uart.o
    0x08003d4c   0x08003d4c   0x0000005c   Code   RO         1091    .text.HAL_UART_Receive_IT  stm32f4xx_hal_uart.o
    0x08003da8   0x08003da8   0x00000008   Code   RO         1169    .text.HAL_UART_RxCpltCallback  stm32f4xx_hal_uart.o
    0x08003db0   0x08003db0   0x00000008   Code   RO         1171    .text.HAL_UART_RxHalfCpltCallback  stm32f4xx_hal_uart.o
    0x08003db8   0x08003db8   0x00000140   Code   RO         1083    .text.HAL_UART_Transmit  stm32f4xx_hal_uart.o
    0x08003ef8   0x08003ef8   0x0000010a   Code   RO         1095    .text.HAL_UART_Transmit_DMA  stm32f4xx_hal_uart.o
    0x08004002   0x08004002   0x00000002   PAD
    0x08004004   0x08004004   0x00000078   Code   RO         1089    .text.HAL_UART_Transmit_IT  stm32f4xx_hal_uart.o
    0x0800407c   0x0800407c   0x00000008   Code   RO         1165    .text.HAL_UART_TxCpltCallback  stm32f4xx_hal_uart.o
    0x08004084   0x08004084   0x00000008   Code   RO         1167    .text.HAL_UART_TxHalfCpltCallback  stm32f4xx_hal_uart.o
    0x0800408c   0x0800408c   0x00000004   Code   RO          125    .text.HardFault_Handler  stm32f4xx_it.o
    0x08004090   0x08004090   0x00000048   Code   RO           58    .text.MX_CAN1_Init  can.o
    0x080040d8   0x080040d8   0x00000048   Code   RO           60    .text.MX_CAN2_Init  can.o
    0x08004120   0x08004120   0x00000064   Code   RO           76    .text.MX_DMA_Init   dma.o
    0x08004184   0x08004184   0x00000102   Code   RO           36    .text.MX_FREERTOS_Init  freertos.o
    0x08004286   0x08004286   0x00000002   PAD
    0x08004288   0x08004288   0x000000d2   Code   RO           26    .text.MX_GPIO_Init  gpio.o
    0x0800435a   0x0800435a   0x00000002   PAD
    0x0800435c   0x0800435c   0x00000084   Code   RO           84    .text.MX_TIM12_Init  tim.o
    0x080043e0   0x080043e0   0x00000048   Code   RO          100    .text.MX_USART1_UART_Init  usart.o
    0x08004428   0x08004428   0x0000003c   Code   RO          102    .text.MX_USART3_UART_Init  usart.o
    0x08004464   0x08004464   0x0000003c   Code   RO          104    .text.MX_USART6_UART_Init  usart.o
    0x080044a0   0x080044a0   0x00000004   Code   RO          127    .text.MemManage_Handler  stm32f4xx_it.o
    0x080044a4   0x080044a4   0x00000012   Code   RO         2237    .text.Motor         motortask.o
    0x080044b6   0x080044b6   0x00000002   PAD
    0x080044b8   0x080044b8   0x00000004   Code   RO          123    .text.NMI_Handler   stm32f4xx_it.o
    0x080044bc   0x080044bc   0x0000006e   Code   RO          907    .text.NVIC_EncodePriority  stm32f4xx_hal_cortex.o
    0x0800452a   0x0800452a   0x00000006   PAD
    0x08004530   0x08004530   0x00000064   Code   RO         1683    .text.PendSV_Handler  port.o
    0x08004594   0x08004594   0x0000000c   PAD
    0x080045a0   0x080045a0   0x00000024   Code   RO         1667    .text.SVC_Handler   port.o
    0x080045c4   0x080045c4   0x00000016   Code   RO         2256    .text.Serial        serivaltask.o
    0x080045da   0x080045da   0x00000002   PAD
    0x080045dc   0x080045dc   0x00000012   Code   RO           38    .text.StartDefaultTask  freertos.o
    0x080045ee   0x080045ee   0x00000002   PAD
    0x080045f0   0x080045f0   0x0000003e   Code   RO         1685    .text.SysTick_Handler  port.o
    0x0800462e   0x0800462e   0x00000002   PAD
    0x08004630   0x08004630   0x000000d0   Code   RO           13    .text.SystemClock_Config  main.o
    0x08004700   0x08004700   0x00000012   Code   RO         1198    .text.SystemInit    system_stm32f4xx.o
    0x08004712   0x08004712   0x00000002   PAD
    0x08004714   0x08004714   0x00000010   Code   RO          139    .text.TIM1_UP_TIM10_IRQHandler  stm32f4xx_it.o
    0x08004724   0x08004724   0x000001a4   Code   RO          188    .text.TIM_Base_SetConfig  stm32f4xx_hal_tim.o
    0x080048c8   0x080048c8   0x000000ea   Code   RO          332    .text.TIM_OC1_SetConfig  stm32f4xx_hal_tim.o
    0x080049b2   0x080049b2   0x00000002   PAD
    0x080049b4   0x080049b4   0x000000f4   Code   RO          334    .text.TIM_OC2_SetConfig  stm32f4xx_hal_tim.o
    0x08004aa8   0x08004aa8   0x000000f2   Code   RO          336    .text.TIM_OC3_SetConfig  stm32f4xx_hal_tim.o
    0x08004b9a   0x08004b9a   0x00000002   PAD
    0x08004b9c   0x08004b9c   0x000000a4   Code   RO          338    .text.TIM_OC4_SetConfig  stm32f4xx_hal_tim.o
    0x08004c40   0x08004c40   0x0000001c   Code   RO         1155    .text.UART_DMAAbortOnError  stm32f4xx_hal_uart.o
    0x08004c5c   0x08004c5c   0x00000080   Code   RO         1101    .text.UART_DMAError  stm32f4xx_hal_uart.o
    0x08004cdc   0x08004cdc   0x000000f4   Code   RO         1187    .text.UART_DMAReceiveCplt  stm32f4xx_hal_uart.o
    0x08004dd0   0x08004dd0   0x00000034   Code   RO         1189    .text.UART_DMARxHalfCplt  stm32f4xx_hal_uart.o
    0x08004e04   0x08004e04   0x0000007a   Code   RO         1097    .text.UART_DMATransmitCplt  stm32f4xx_hal_uart.o
    0x08004e7e   0x08004e7e   0x00000002   PAD
    0x08004e80   0x08004e80   0x00000016   Code   RO         1099    .text.UART_DMATxHalfCplt  stm32f4xx_hal_uart.o
    0x08004e96   0x08004e96   0x00000002   PAD
    0x08004e98   0x08004e98   0x00000094   Code   RO         1115    .text.UART_EndRxTransfer  stm32f4xx_hal_uart.o
    0x08004f2c   0x08004f2c   0x00000026   Code   RO         1163    .text.UART_EndTransmit_IT  stm32f4xx_hal_uart.o
    0x08004f52   0x08004f52   0x00000002   PAD
    0x08004f54   0x08004f54   0x00000036   Code   RO         1113    .text.UART_EndTxTransfer  stm32f4xx_hal_uart.o
    0x08004f8a   0x08004f8a   0x00000002   PAD
    0x08004f8c   0x08004f8c   0x0000016e   Code   RO         1153    .text.UART_Receive_IT  stm32f4xx_hal_uart.o
    0x080050fa   0x080050fa   0x00000002   PAD
    0x080050fc   0x080050fc   0x00000156   Code   RO         1071    .text.UART_SetConfig  stm32f4xx_hal_uart.o
    0x08005252   0x08005252   0x00000002   PAD
    0x08005254   0x08005254   0x0000013a   Code   RO         1105    .text.UART_Start_Receive_DMA  stm32f4xx_hal_uart.o
    0x0800538e   0x0800538e   0x00000002   PAD
    0x08005390   0x08005390   0x00000066   Code   RO         1093    .text.UART_Start_Receive_IT  stm32f4xx_hal_uart.o
    0x080053f6   0x080053f6   0x00000002   PAD
    0x080053f8   0x080053f8   0x00000098   Code   RO         1161    .text.UART_Transmit_IT  stm32f4xx_hal_uart.o
    0x08005490   0x08005490   0x000000de   Code   RO         1085    .text.UART_WaitOnFlagUntilTimeout  stm32f4xx_hal_uart.o
    0x0800556e   0x0800556e   0x00000002   PAD
    0x08005570   0x08005570   0x00000010   Code   RO          141    .text.USART1_IRQHandler  stm32f4xx_it.o
    0x08005580   0x08005580   0x00000010   Code   RO          153    .text.USART6_IRQHandler  stm32f4xx_it.o
    0x08005590   0x08005590   0x00000004   Code   RO          131    .text.UsageFault_Handler  stm32f4xx_it.o
    0x08005594   0x08005594   0x00000008   Code   RO         2276    .text._GLOBAL__sub_I_SerivalTask.cpp  serivaltask.o
    0x0800559c   0x0800559c   0x00000062   Code   RO         2252    .text._Z11serivalInitv  serivaltask.o
    0x080055fe   0x080055fe   0x00000002   PAD
    0x08005600   0x08005600   0x00000016   Code   RO         1850    .text._ZN3BSP11WATCH_STATE10StateWatch14UpdateLastTimeEv  state_watch.o
    0x08005616   0x08005616   0x00000002   PAD
    0x08005618   0x08005618   0x0000001a   Code   RO         2293    .text._ZN3BSP11WATCH_STATE10StateWatchC2Ej  serivaltask.o
    0x08005632   0x08005632   0x00000002   PAD
    0x08005634   0x08005634   0x00000012   Code   RO         1914    .text._ZN3BSP14REMOTE_CONTROL16RemoteController15updateTimestampEv  dt7.o
    0x08005646   0x08005646   0x00000002   PAD
    0x08005648   0x08005648   0x000001ae   Code   RO         1896    .text._ZN3BSP14REMOTE_CONTROL16RemoteController9parseDataEPKh  dt7.o
    0x080057f6   0x080057f6   0x00000002   PAD
    0x080057f8   0x080057f8   0x0000003c   Code   RO         2291    .text._ZN3BSP14REMOTE_CONTROL16RemoteControllerC2Ei  serivaltask.o
    0x08005834   0x08005834   0x00000080   Code   RO         1904    .text._ZN3BSP14REMOTE_CONTROLL12discreteAxisEss  dt7.o
    0x080058b4   0x080058b4   0x00000062   Code   RO         2131    .text._ZN3HAL4UART10UartDevice11receive_dmaERNS0_4DataE  uart_device_impl.o
    0x08005916   0x08005916   0x00000002   PAD
    0x08005918   0x08005918   0x00000028   Code   RO         2127    .text._ZN3HAL4UART10UartDevice12receive_byteERh  uart_device_impl.o
    0x08005940   0x08005940   0x00000062   Code   RO         2129    .text._ZN3HAL4UART10UartDevice12transmit_dmaERKNS0_4DataE  uart_device_impl.o
    0x080059a2   0x080059a2   0x00000002   PAD
    0x080059a4   0x080059a4   0x00000036   Code   RO         2125    .text._ZN3HAL4UART10UartDevice13transmit_byteEh  uart_device_impl.o
    0x080059da   0x080059da   0x00000002   PAD
    0x080059dc   0x080059dc   0x00000056   Code   RO         2139    .text._ZN3HAL4UART10UartDevice15clear_ore_errorERNS0_4DataE  uart_device_impl.o
    0x08005a32   0x08005a32   0x00000002   PAD
    0x08005a34   0x08005a34   0x00000062   Code   RO         2133    .text._ZN3HAL4UART10UartDevice16receive_dma_idleERNS0_4DataE  uart_device_impl.o
    0x08005a96   0x08005a96   0x00000002   PAD
    0x08005a98   0x08005a98   0x00000228   Code   RO         2135    .text._ZN3HAL4UART10UartDevice20register_rx_callbackENSt3__18functionIFvRKNS0_4DataEEEE  uart_device_impl.o
    0x08005cc0   0x08005cc0   0x000000b4   Code   RO         2137    .text._ZN3HAL4UART10UartDevice20trigger_rx_callbacksERKNS0_4DataE  uart_device_impl.o
    0x08005d74   0x08005d74   0x00000008   Code   RO         2117    .text._ZN3HAL4UART10UartDevice4initEv  uart_device_impl.o
    0x08005d7c   0x08005d7c   0x00000016   Code   RO         2119    .text._ZN3HAL4UART10UartDevice5startEv  uart_device_impl.o
    0x08005d92   0x08005d92   0x00000002   PAD
    0x08005d94   0x08005d94   0x00000062   Code   RO         2123    .text._ZN3HAL4UART10UartDevice7receiveERNS0_4DataE  uart_device_impl.o
    0x08005df6   0x08005df6   0x00000002   PAD
    0x08005df8   0x08005df8   0x00000058   Code   RO         2121    .text._ZN3HAL4UART10UartDevice8transmitERKNS0_4DataE  uart_device_impl.o
    0x08005e50   0x08005e50   0x00000074   Code   RO         2115    .text._ZN3HAL4UART10UartDeviceC2EP20__UART_HandleTypeDef  uart_device_impl.o
    0x08005ec4   0x08005ec4   0x00000018   Code   RO         2156    .text._ZN3HAL4UART10UartDeviceD0Ev  uart_device_impl.o
    0x08005edc   0x08005edc   0x000000ce   Code   RO         2096    .text._ZN3HAL4UART10UartDeviceD2Ev  uart_bus_impl.o
    0x08005faa   0x08005faa   0x00000002   PAD
    0x08005fac   0x08005fac   0x00000016   Code   RO         2152    .text._ZN3HAL4UART11IUartDeviceC2Ev  uart_device_impl.o
    0x08005fc2   0x08005fc2   0x00000002   PAD
    0x08005fc4   0x08005fc4   0x00000006   Code   RO         2158    .text._ZN3HAL4UART11IUartDeviceD0Ev  uart_device_impl.o
    0x08005fca   0x08005fca   0x00000002   PAD
    0x08005fcc   0x08005fcc   0x0000000a   Code   RO         2098    .text._ZN3HAL4UART11IUartDeviceD2Ev  uart_bus_impl.o
    0x08005fd6   0x08005fd6   0x00000002   PAD
    0x08005fd8   0x08005fd8   0x00000008   Code   RO         2185    .text._ZN3HAL4UART21get_uart_bus_instanceEv  uart_bus.o
    0x08005fe0   0x08005fe0   0x0000004a   Code   RO         2077    .text._ZN3HAL4UART7UartBus10get_deviceENS0_12UartDeviceIdE  uart_bus_impl.o
    0x0800602a   0x0800602a   0x00000002   PAD
    0x0800602c   0x0800602c   0x00000036   Code   RO         2075    .text._ZN3HAL4UART7UartBus15register_deviceENS0_12UartDeviceIdEPNS0_10UartDeviceE  uart_bus_impl.o
    0x08006062   0x08006062   0x00000002   PAD
    0x08006064   0x08006064   0x0000005c   Code   RO         2071    .text._ZN3HAL4UART7UartBus4initEv  uart_bus_impl.o
    0x080060c0   0x080060c0   0x0000009a   Code   RO         2069    .text._ZN3HAL4UART7UartBus8instanceEv  uart_bus_impl.o
    0x0800615a   0x0800615a   0x00000002   PAD
    0x0800615c   0x0800615c   0x000000b2   Code   RO         2073    .text._ZN3HAL4UART7UartBusC2Ev  uart_bus_impl.o
    0x0800620e   0x0800620e   0x00000002   PAD
    0x08006210   0x08006210   0x00000018   Code   RO         2094    .text._ZN3HAL4UART7UartBusD0Ev  uart_bus_impl.o
    0x08006228   0x08006228   0x00000040   Code   RO         2090    .text._ZN3HAL4UART7UartBusD2Ev  uart_bus_impl.o
    0x08006268   0x08006268   0x00000016   Code   RO         2092    .text._ZN3HAL4UART8IUartBusC2Ev  uart_bus_impl.o
    0x0800627e   0x0800627e   0x00000002   PAD
    0x08006280   0x08006280   0x00000006   Code   RO         2106    .text._ZN3HAL4UART8IUartBusD0Ev  uart_bus_impl.o
    0x08006286   0x08006286   0x00000002   PAD
    0x08006288   0x08006288   0x0000000a   Code   RO         2104    .text._ZN3HAL4UART8IUartBusD2Ev  uart_bus_impl.o
    0x08006292   0x08006292   0x00000002   PAD
    0x08006294   0x08006294   0x00000098   Code   RO         1900    .text._ZNK3BSP14REMOTE_CONTROL16RemoteController11extractBitsEPKhjh  dt7.o
    0x0800632c   0x0800632c   0x00000018   Code   RO         1906    .text._ZNK3BSP14REMOTE_CONTROL16RemoteController11extractBoolEh  dt7.o
    0x08006344   0x08006344   0x00000022   Code   RO         1902    .text._ZNK3BSP14REMOTE_CONTROL16RemoteController13extract16BitsEhh  dt7.o
    0x08006366   0x08006366   0x00000002   PAD
    0x08006368   0x08006368   0x000000a2   Code   RO         1898    .text._ZNK3BSP14REMOTE_CONTROL16RemoteController15mapChannelValueEt  dt7.o
    0x0800640a   0x0800640a   0x00000002   PAD
    0x0800640c   0x0800640c   0x0000000c   Code   RO         2141    .text._ZNK3HAL4UART10UartDevice10get_handleEv  uart_device_impl.o
    0x08006418   0x08006418   0x0000003c   Code   RO         2079    .text._ZNK3HAL4UART7UartBus10has_deviceENS0_12UartDeviceIdE  uart_bus_impl.o
    0x08006454   0x08006454   0x00000106   Code   RO         2264    .text._ZNKSt3__110__function6__funcIZ11serivalInitvE3$_0NS_9allocatorIS2_EEFvRKN3HAL4UART4DataEEE7__cloneEPNS0_6__baseISA_EE  serivaltask.o
    0x0800655a   0x0800655a   0x00000002   PAD
    0x0800655c   0x0800655c   0x00000322   Code   RO         2262    .text._ZNKSt3__110__function6__funcIZ11serivalInitvE3$_0NS_9allocatorIS2_EEFvRKN3HAL4UART4DataEEE7__cloneEv  serivaltask.o
    0x0800687e   0x0800687e   0x00000004   Code   RO         2382    .text._ZNKSt3__120__vector_base_commonILb1EE20__throw_length_errorEv  libcpp_w.l(vector.cpp.o)
    0x08006882   0x08006882   0x00000002   PAD
    0x08006884   0x08006884   0x0000006c   Code   RO         2174    .text._ZNKSt3__16vectorINS_8functionIFvRKN3HAL4UART4DataEEEENS_9allocatorIS8_EEE8max_sizeEv  uart_device_impl.o
    0x080068f0   0x080068f0   0x0000003c   Code   RO         2154    .text._ZNKSt3__18functionIFvRKN3HAL4UART4DataEEEclES5_  uart_device_impl.o
    0x0800692c   0x0800692c   0x0000000a   Code   RO         2166    .text._ZNSt3__110__function12__value_funcIFvRKN3HAL4UART4DataEEE9__as_baseEPv  uart_device_impl.o
    0x08006936   0x08006936   0x00000002   PAD
    0x08006938   0x08006938   0x00000006   Code   RO         2297    .text._ZNSt3__110__function6__baseIFvRKN3HAL4UART4DataEEED0Ev  serivaltask.o
    0x0800693e   0x0800693e   0x00000002   PAD
    0x08006940   0x08006940   0x0000000a   Code   RO         2295    .text._ZNSt3__110__function6__baseIFvRKN3HAL4UART4DataEEED2Ev  serivaltask.o
    0x0800694a   0x0800694a   0x00000002   PAD
    0x0800694c   0x0800694c   0x0000006a   Code   RO         2268    .text._ZNSt3__110__function6__funcIZ11serivalInitvE3$_0NS_9allocatorIS2_EEFvRKN3HAL4UART4DataEEE18destroy_deallocateEv  serivaltask.o
    0x080069b6   0x080069b6   0x00000002   PAD
    0x080069b8   0x080069b8   0x0000000e   Code   RO         2266    .text._ZNSt3__110__function6__funcIZ11serivalInitvE3$_0NS_9allocatorIS2_EEFvRKN3HAL4UART4DataEEE7destroyEv  serivaltask.o
    0x080069c6   0x080069c6   0x00000002   PAD
    0x080069c8   0x080069c8   0x00000018   Code   RO         2260    .text._ZNSt3__110__function6__funcIZ11serivalInitvE3$_0NS_9allocatorIS2_EEFvRKN3HAL4UART4DataEEED0Ev  serivaltask.o
    0x080069e0   0x080069e0   0x0000000c   Code   RO         2258    .text._ZNSt3__110__function6__funcIZ11serivalInitvE3$_0NS_9allocatorIS2_EEFvRKN3HAL4UART4DataEEED2Ev  serivaltask.o
    0x080069ec   0x080069ec   0x0000002e   Code   RO         2270    .text._ZNSt3__110__function6__funcIZ11serivalInitvE3$_0NS_9allocatorIS2_EEFvRKN3HAL4UART4DataEEEclES9_  serivaltask.o
    0x08006a1a   0x08006a1a   0x00000002   PAD
    0x08006a1c   0x08006a1c   0x0000012a   Code   RO         2100    .text._ZNSt3__113__vector_baseINS_8functionIFvRKN3HAL4UART4DataEEEENS_9allocatorIS8_EEED2Ev  uart_bus_impl.o
    0x08006b46   0x08006b46   0x00000002   PAD
    0x08006b48   0x08006b48   0x0000011a   Code   RO         2168    .text._ZNSt3__114__split_bufferINS_8functionIFvRKN3HAL4UART4DataEEEERNS_9allocatorIS8_EEEC2EjjSB_  uart_device_impl.o
    0x08006c62   0x08006c62   0x00000002   PAD
    0x08006c64   0x08006c64   0x0000011e   Code   RO         2172    .text._ZNSt3__114__split_bufferINS_8functionIFvRKN3HAL4UART4DataEEEERNS_9allocatorIS8_EEED2Ev  uart_device_impl.o
    0x08006d82   0x08006d82   0x00000002   PAD
    0x08006d84   0x08006d84   0x00000012   Code   RO         1959    .text._ZNSt3__117_DeallocateCaller27__do_deallocate_handle_sizeEPvj  can_bus_impl.o
    0x08006d96   0x08006d96   0x00000002   PAD
    0x08006d98   0x08006d98   0x00000016   Code   RO         1957    .text._ZNSt3__117_DeallocateCaller27__do_deallocate_handle_sizeEPvjSt11align_val_t  can_bus_impl.o
    0x08006dae   0x08006dae   0x00000002   PAD
    0x08006db0   0x08006db0   0x00000010   Code   RO         1963    .text._ZNSt3__117_DeallocateCaller9__do_callEPv  can_bus_impl.o
    0x08006dc0   0x08006dc0   0x00000014   Code   RO         1961    .text._ZNSt3__117_DeallocateCaller9__do_callISt11align_val_tEEvPvT_  can_bus_impl.o
    0x08006dd4   0x08006dd4   0x00000038   Code   RO         2272    .text._ZNSt3__128__invoke_void_return_wrapperIvE6__callIJRZ11serivalInitvE3$_0RKN3HAL4UART4DataEEEEvDpOT_  serivaltask.o
    0x08006e0c   0x08006e0c   0x00000028   Code   RO         2160    .text._ZNSt3__16vectorINS_8functionIFvRKN3HAL4UART4DataEEEENS_9allocatorIS8_EEE21_ConstructTransactionC2ERSB_j  uart_device_impl.o
    0x08006e34   0x08006e34   0x00000010   Code   RO         2162    .text._ZNSt3__16vectorINS_8functionIFvRKN3HAL4UART4DataEEEENS_9allocatorIS8_EEE21_ConstructTransactionD2Ev  uart_device_impl.o
    0x08006e44   0x08006e44   0x000002b8   Code   RO         2170    .text._ZNSt3__16vectorINS_8functionIFvRKN3HAL4UART4DataEEEENS_9allocatorIS8_EEE26__swap_out_circular_bufferERNS_14__split_bufferIS8_RSA_EE  uart_device_impl.o
    0x080070fc   0x080070fc   0x00000068   Code   RO         2176    .text._ZNSt3__18functionIFvRKN3HAL4UART4DataEEEC2EOS7_  uart_device_impl.o
    0x08007164   0x08007164   0x00000064   Code   RO         2164    .text._ZNSt3__18functionIFvRKN3HAL4UART4DataEEEC2ERKS7_  uart_device_impl.o
    0x080071c8   0x080071c8   0x0000018c   Code   RO         2254    .text._ZNSt3__18functionIFvRKN3HAL4UART4DataEEEC2IZ11serivalInitvE3$_0vEET_  serivaltask.o
    0x08007354   0x08007354   0x00000048   Code   RO         2102    .text._ZNSt3__18functionIFvRKN3HAL4UART4DataEEED2Ev  uart_bus_impl.o
    0x0800739c   0x0800739c   0x0000000c   Code   RO         2557    .text._ZSt15get_new_handlerv  libcppabi_w.l(cxa_handlers.cpp.o)
    0x080073a8   0x080073a8   0x00000034   Code   RO         2274    .text._ZZ11serivalInitvENK3$_0clEN3HAL4UART4DataE  serivaltask.o
    0x080073dc   0x080073dc   0x00000004   Code   RO         2344    .text._ZdlPv        libcpp_w.l(new.cpp.o)
    0x080073e0   0x080073e0   0x00000004   Code   RO         2364    .text._ZdlPvSt11align_val_t  libcpp_w.l(new.cpp.o)
    0x080073e4   0x080073e4   0x00000026   Code   RO         2336    .text._Znwj         libcpp_w.l(new.cpp.o)
    0x0800740a   0x0800740a   0x00000002   PAD
    0x0800740c   0x0800740c   0x00000046   Code   RO         2356    .text._ZnwjSt11align_val_t  libcpp_w.l(new.cpp.o)
    0x08007452   0x08007452   0x00000002   PAD
    0x08007454   0x08007454   0x00000034   Code   RO          911    .text.__NVIC_EnableIRQ  stm32f4xx_hal_cortex.o
    0x08007488   0x08007488   0x00000010   Code   RO          903    .text.__NVIC_GetPriorityGrouping  stm32f4xx_hal_cortex.o
    0x08007498   0x08007498   0x00000044   Code   RO          905    .text.__NVIC_SetPriority  stm32f4xx_hal_cortex.o
    0x080074dc   0x080074dc   0x0000003c   Code   RO          899    .text.__NVIC_SetPriorityGrouping  stm32f4xx_hal_cortex.o
    0x08007518   0x08007518   0x0000005c   Code   RO         2387    .text.__cxa_guard_acquire  libcppabi_w.l(cxa_guard.cpp.o)
    0x08007574   0x08007574   0x00000008   Code   RO         2389    .text.__cxa_guard_release  libcppabi_w.l(cxa_guard.cpp.o)
    0x0800757c   0x0800757c   0x00000028   Code   RO         2395    .text.__cxa_pure_virtual  libcppabi_w.l(cxa_virtual.cpp.o)
    0x080075a4   0x080075a4   0x00000012   Code   RO         2250    .text.__cxx_global_var_init  serivaltask.o
    0x080075b6   0x080075b6   0x00000004   Code   RO         2539    .text.abort_message  libcppabi_w.l(abort_message.cpp.o)
    0x080075ba   0x080075ba   0x00000002   PAD
    0x080075bc   0x080075bc   0x0000003e   Code   RO           11    .text.main          main.o
    0x080075fa   0x080075fa   0x00000002   PAD
    0x080075fc   0x080075fc   0x0000002a   Code   RO         1522    .text.makeFreeRtosPriority  cmsis_os.o
    0x08007626   0x08007626   0x00000002   PAD
    0x08007628   0x08007628   0x0000002a   Code   RO         1536    .text.osDelay       cmsis_os.o
    0x08007652   0x08007652   0x00000002   PAD
    0x08007654   0x08007654   0x0000000a   Code   RO         1512    .text.osKernelStart  cmsis_os.o
    0x0800765e   0x0800765e   0x00000002   PAD
    0x08007660   0x08007660   0x000000a4   Code   RO         1520    .text.osThreadCreate  cmsis_os.o
    0x08007704   0x08007704   0x000000fc   Code   RO         1396    .text.prvAddCurrentTaskToDelayedList  tasks.o
    0x08007800   0x08007800   0x0000011c   Code   RO         1382    .text.prvAddNewTaskToReadyList  tasks.o
    0x0800791c   0x0800791c   0x0000005e   Code   RO         1480    .text.prvCheckTasksWaitingTermination  tasks.o
    0x0800797a   0x0800797a   0x00000002   PAD
    0x0800797c   0x0800797c   0x00000060   Code   RO         1388    .text.prvDeleteTCB  tasks.o
    0x080079dc   0x080079dc   0x000000be   Code   RO         1634    .text.prvHeapInit   heap_4.o
    0x08007a9a   0x08007a9a   0x00000002   PAD
    0x08007a9c   0x08007a9c   0x00000038   Code   RO         1418    .text.prvIdleTask   tasks.o
    0x08007ad4   0x08007ad4   0x00000118   Code   RO         1380    .text.prvInitialiseNewTask  tasks.o
    0x08007bec   0x08007bec   0x0000008e   Code   RO         1478    .text.prvInitialiseTaskLists  tasks.o
    0x08007c7a   0x08007c7a   0x00000002   PAD
    0x08007c7c   0x08007c7c   0x000000c6   Code   RO         1636    .text.prvInsertBlockIntoFreeList  heap_4.o
    0x08007d42   0x08007d42   0x00000002   PAD
    0x08007d44   0x08007d44   0x00000028   Code   RO         1675    .text.prvPortStartFirstTask  port.o
    0x08007d6c   0x08007d6c   0x00000048   Code   RO         1390    .text.prvResetNextTaskUnblockTime  tasks.o
    0x08007db4   0x08007db4   0x00000050   Code   RO         1665    .text.prvTaskExitError  port.o
    0x08007e04   0x08007e04   0x000001fa   Code   RO         1632    .text.pvPortMalloc  heap_4.o
    0x08007ffe   0x08007ffe   0x00000002   PAD
    0x08008000   0x08008000   0x0000005e   Code   RO         1663    .text.pxPortInitialiseStack  port.o
    0x0800805e   0x0800805e   0x00000002   PAD
    0x08008060   0x08008060   0x00000048   Code   RO         1250    .text.uxListRemove  list.o
    0x080080a8   0x080080a8   0x0000002a   Code   RO           34    .text.vApplicationGetIdleTaskMemory  freertos.o
    0x080080d2   0x080080d2   0x00000002   PAD
    0x080080d4   0x080080d4   0x0000002e   Code   RO         1242    .text.vListInitialise  list.o
    0x08008102   0x08008102   0x00000002   PAD
    0x08008104   0x08008104   0x0000000e   Code   RO         1244    .text.vListInitialiseItem  list.o
    0x08008112   0x08008112   0x00000002   PAD
    0x08008114   0x08008114   0x0000006c   Code   RO         1248    .text.vListInsert   list.o
    0x08008180   0x08008180   0x0000003a   Code   RO         1246    .text.vListInsertEnd  list.o
    0x080081ba   0x080081ba   0x00000002   PAD
    0x080081bc   0x080081bc   0x00000014   Code   RO         1673    .text.vPortEnableVFP  port.o
    0x080081d0   0x080081d0   0x00000058   Code   RO         1679    .text.vPortEnterCritical  port.o
    0x08008228   0x08008228   0x0000004e   Code   RO         1681    .text.vPortExitCritical  port.o
    0x08008276   0x08008276   0x00000002   PAD
    0x08008278   0x08008278   0x000000d4   Code   RO         1638    .text.vPortFree     heap_4.o
    0x0800834c   0x0800834c   0x00000044   Code   RO         1671    .text.vPortSetupTimerInterrupt  port.o
    0x08008390   0x08008390   0x00000074   Code   RO         1392    .text.vTaskDelay    tasks.o
    0x08008404   0x08008404   0x000000d6   Code   RO         1416    .text.vTaskStartScheduler  tasks.o
    0x080084da   0x080084da   0x00000002   PAD
    0x080084dc   0x080084dc   0x00000010   Code   RO         1394    .text.vTaskSuspendAll  tasks.o
    0x080084ec   0x080084ec   0x000000c2   Code   RO         1408    .text.vTaskSwitchContext  tasks.o
    0x080085ae   0x080085ae   0x00000002   PAD
    0x080085b0   0x080085b0   0x00000156   Code   RO         1669    .text.xPortStartScheduler  port.o
    0x08008706   0x08008706   0x00000002   PAD
    0x08008708   0x08008708   0x000000b2   Code   RO         1384    .text.xTaskCreate   tasks.o
    0x080087ba   0x080087ba   0x00000002   PAD
    0x080087bc   0x080087bc   0x000000d6   Code   RO         1378    .text.xTaskCreateStatic  tasks.o
    0x08008892   0x08008892   0x00000002   PAD
    0x08008894   0x08008894   0x000001c8   Code   RO         1422    .text.xTaskIncrementTick  tasks.o
    0x08008a5c   0x08008a5c   0x0000018c   Code   RO         1398    .text.xTaskResumeAll  tasks.o
    0x08008be8   0x08008be8   0x0000001a   Code   RO         2624    x$fpl$fpinit        fz_wm.l(fpinit.o)
    0x08008c02   0x08008c02   0x00000002   PAD
    0x08008c04   0x08008c04   0x00000008   Data   RO         2210    .rodata..L__const.HAL_UARTEx_RxEventCallback.rx_data  callback.o
    0x08008c0c   0x08008c0c   0x0000001c   Data   RO           49    .rodata..L__const.MX_FREERTOS_Init.os_thread_def_ALG  freertos.o
    0x08008c28   0x08008c28   0x0000001c   Data   RO           47    .rodata..L__const.MX_FREERTOS_Init.os_thread_def_CAN  freertos.o
    0x08008c44   0x08008c44   0x0000001c   Data   RO           45    .rodata..L__const.MX_FREERTOS_Init.os_thread_def_SERIAL  freertos.o
    0x08008c60   0x08008c60   0x0000001c   Data   RO           43    .rodata..L__const.MX_FREERTOS_Init.os_thread_def_defaultTask  freertos.o
    0x08008c7c   0x08008c7c   0x00000008   Data   RO         2280    .rodata..L__const._Z11serivalInitv.dr16_rx_data  serivaltask.o
    0x08008c84   0x08008c84   0x00000010   Data   RO         1203    .rodata.AHBPrescTable  system_stm32f4xx.o
    0x08008c94   0x08008c94   0x00000008   Data   RO         1204    .rodata.APBPrescTable  system_stm32f4xx.o
    0x08008c9c   0x08008c9c   0x00000008   Data   RO          823    .rodata.DMA_CalcBaseAndBitshift.flagBitshiftOffset  stm32f4xx_hal_dma.o
    0x08008ca4   0x08008ca4   0x00000044   Data   RO         2143    .rodata._ZTVN3HAL4UART10UartDeviceE  uart_device_impl.o
    0x08008ce8   0x08008ce8   0x00000044   Data   RO         2178    .rodata._ZTVN3HAL4UART11IUartDeviceE  uart_device_impl.o
    0x08008d2c   0x08008d2c   0x00000018   Data   RO         2083    .rodata._ZTVN3HAL4UART7UartBusE  uart_bus_impl.o
    0x08008d44   0x08008d44   0x00000018   Data   RO         2108    .rodata._ZTVN3HAL4UART8IUartBusE  uart_bus_impl.o
    0x08008d5c   0x08008d5c   0x00000024   Data   RO         2299    .rodata._ZTVNSt3__110__function6__baseIFvRKN3HAL4UART4DataEEEE  serivaltask.o
    0x08008d80   0x08008d80   0x00000024   Data   RO         2281    .rodata._ZTVNSt3__110__function6__funcIZ11serivalInitvE3$_0NS_9allocatorIS2_EEFvRKN3HAL4UART4DataEEEE  serivaltask.o
    0x08008da4   0x08008da4   0x0000001b   Data   RO           42    .rodata.str1.1      freertos.o
    0x08008dbf   0x08008dbf   0x00000005   Data   RO         1493    .rodata.str1.1      tasks.o
    0x08008dc4   0x08008dc4   0x00000044   Data   RO         2144    .rodata.str1.1      uart_device_impl.o
    0x08008e08   0x08008e08   0x00000020   Data   RO         2734    Region$$Table       anon$$obj.o
    0x08008e28   0x08008e28   0x00000004   Data   RO         2284    .init_array         serivaltask.o
    0x08008e2c   0x08008e28   0x00000000   Data   RO         2328    .init_array         c_w.l(init_aeabi.o)


    Execution Region RW_IRAM2 (Exec base: 0x10000000, Load base: 0x08008e40, Size: 0x00000000, Max: 0x00010000, ABSOLUTE)

    **** No section assigned to this execution region ****


    Execution Region RW_IRAM1 (Exec base: 0x20000000, Load base: 0x08008e30, Size: 0x000049c8, Max: 0x00030000, ABSOLUTE)

    Exec Addr    Load Addr    Size         Type   Attr      Idx    E Section Name        Object

    0x20000000   0x08008e30   0x00000004   Data   RW         1202    .data.SystemCoreClock  system_stm32f4xx.o
    0x20000004   0x08008e34   0x00000001   Data   RW         1033    .data.uwTickFreq    stm32f4xx_hal.o
    0x20000005   0x08008e35   0x00000003   PAD
    0x20000008   0x08008e38   0x00000004   Data   RW         1032    .data.uwTickPrio    stm32f4xx_hal.o
    0x2000000c   0x08008e3c   0x00000004   Data   RW         1691    .data.uxCriticalNesting  port.o
    0x20000010        -       0x00000060   Zero   RW         2639    .bss                c_w.l(libspace.o)
    0x20000070        -       0x00000004   Zero   RW           50    .bss.ALGHandle      freertos.o
    0x20000074        -       0x00000004   Zero   RW           48    .bss.CANHandle      freertos.o
    0x20000078        -       0x00000048   Zero   RW         2278    .bss.DR16           serivaltask.o
    0x200000c0        -       0x00000004   Zero   RW           68    .bss.HAL_RCC_CAN1_CLK_ENABLED  can.o
    0x200000c4        -       0x00000004   Zero   RW           46    .bss.SERIALHandle   freertos.o
    0x200000c8        -       0x00000004   Zero   RW         2082    .bss._ZGVZN3HAL4UART7UartBus8instanceEvE8instance  uart_bus_impl.o
    0x200000cc        -       0x0000005c   Zero   RW         2081    .bss._ZZN3HAL4UART7UartBus8instanceEvE8instance  uart_bus_impl.o
    0x20000128        -       0x00000004   Zero   RW         2559    .bss.__cxa_new_handler  libcppabi_w.l(cxa_handlers.cpp.o)
    0x2000012c        -       0x00000004   Zero   RW           44    .bss.defaultTaskHandle  freertos.o
    0x20000130        -       0x00000012   Zero   RW         2279    .bss.dr16_rx_buffer  serivaltask.o
    0x20000142   0x08008e40   0x00000002   PAD
    0x20000144        -       0x00000028   Zero   RW           66    .bss.hcan1          can.o
    0x2000016c        -       0x00000028   Zero   RW           67    .bss.hcan2          can.o
    0x20000194        -       0x00000060   Zero   RW          113    .bss.hdma_usart1_rx  usart.o
    0x200001f4        -       0x00000060   Zero   RW          114    .bss.hdma_usart6_rx  usart.o
    0x20000254        -       0x00000060   Zero   RW          115    .bss.hdma_usart6_tx  usart.o
    0x200002b4        -       0x00000048   Zero   RW          176    .bss.htim1          stm32f4xx_hal_timebase_tim.o
    0x200002fc        -       0x00000048   Zero   RW           92    .bss.htim12         tim.o
    0x20000344        -       0x00000048   Zero   RW          110    .bss.huart1         usart.o
    0x2000038c        -       0x00000048   Zero   RW          111    .bss.huart3         usart.o
    0x200003d4        -       0x00000048   Zero   RW          112    .bss.huart6         usart.o
    0x2000041c        -       0x00000004   Zero   RW         1482    .bss.pxCurrentTCB   tasks.o
    0x20000420        -       0x00000004   Zero   RW         1499    .bss.pxDelayedTaskList  tasks.o
    0x20000424        -       0x00000004   Zero   RW         1648    .bss.pxEnd          heap_4.o
    0x20000428        -       0x00000004   Zero   RW         1500    .bss.pxOverflowDelayedTaskList  tasks.o
    0x2000042c        -       0x0000008c   Zero   RW         1483    .bss.pxReadyTasksLists  tasks.o
    0x200004b8        -       0x00003c00   Zero   RW         1655    .bss.ucHeap         heap_4.o
    0x200040b8        -       0x00000001   Zero   RW         1689    .bss.ucMaxSysCallPriority  port.o
    0x200040b9   0x08008e40   0x00000003   PAD
    0x200040bc        -       0x00000004   Zero   RW         1690    .bss.ulMaxPRIGROUPValue  port.o
    0x200040c0        -       0x00000004   Zero   RW         1034    .bss.uwTick         stm32f4xx_hal.o
    0x200040c4        -       0x00000004   Zero   RW         1488    .bss.uxCurrentNumberOfTasks  tasks.o
    0x200040c8        -       0x00000004   Zero   RW         1487    .bss.uxDeletedTasksWaitingCleanUp  tasks.o
    0x200040cc        -       0x00000004   Zero   RW         1490    .bss.uxSchedulerSuspended  tasks.o
    0x200040d0        -       0x00000004   Zero   RW         1485    .bss.uxTaskNumber   tasks.o
    0x200040d4        -       0x00000004   Zero   RW         1484    .bss.uxTopReadyPriority  tasks.o
    0x200040d8        -       0x00000004   Zero   RW         1649    .bss.xBlockAllocatedBit  heap_4.o
    0x200040dc        -       0x00000014   Zero   RW         1502    .bss.xDelayedTaskList1  tasks.o
    0x200040f0        -       0x00000014   Zero   RW         1503    .bss.xDelayedTaskList2  tasks.o
    0x20004104        -       0x00000004   Zero   RW         1650    .bss.xFreeBytesRemaining  heap_4.o
    0x20004108        -       0x00000200   Zero   RW           41    .bss.xIdleStack     freertos.o
    0x20004308        -       0x00000004   Zero   RW         1494    .bss.xIdleTaskHandle  tasks.o
    0x2000430c        -       0x00000054   Zero   RW           40    .bss.xIdleTaskTCBBuffer  freertos.o
    0x20004360        -       0x00000004   Zero   RW         1652    .bss.xMinimumEverFreeBytesRemaining  heap_4.o
    0x20004364        -       0x00000004   Zero   RW         1495    .bss.xNextTaskUnblockTime  tasks.o
    0x20004368        -       0x00000004   Zero   RW         1501    .bss.xNumOfOverflows  tasks.o
    0x2000436c        -       0x00000004   Zero   RW         1653    .bss.xNumberOfSuccessfulAllocations  heap_4.o
    0x20004370        -       0x00000004   Zero   RW         1654    .bss.xNumberOfSuccessfulFrees  heap_4.o
    0x20004374        -       0x00000004   Zero   RW         1498    .bss.xPendedTicks   tasks.o
    0x20004378        -       0x00000014   Zero   RW         1492    .bss.xPendingReadyList  tasks.o
    0x2000438c        -       0x00000004   Zero   RW         1489    .bss.xSchedulerRunning  tasks.o
    0x20004390        -       0x00000008   Zero   RW         1651    .bss.xStart         heap_4.o
    0x20004398        -       0x00000014   Zero   RW         1491    .bss.xSuspendedTaskList  tasks.o
    0x200043ac        -       0x00000014   Zero   RW         1486    .bss.xTasksWaitingTermination  tasks.o
    0x200043c0        -       0x00000004   Zero   RW         1496    .bss.xTickCount     tasks.o
    0x200043c4        -       0x00000004   Zero   RW         1497    .bss.xYieldPending  tasks.o
    0x200043c8        -       0x00000200   Zero   RW            2    HEAP                startup_stm32f427xx.o
    0x200045c8        -       0x00000400   Zero   RW            1    STACK               startup_stm32f427xx.o


==============================================================================

Image component sizes


      Code (inc. data)   RO Data    RW Data    ZI Data      Debug   Object Name

       128          0          8          0          0      20745   callback.o
       580          0          0          0         84       6594   can.o
        76          0          0          0          0      48629   can_bus_impl.o
       258          0          0          0          0      16190   cmsis_os.o
        18          0          0          0          0      17853   controltask.o
       100          0          0          0          0       3445   dma.o
       948          4          0          0          0      25231   dt7.o
       318          0        139          0        612       2922   freertos.o
       210          0          0          0          0       1610   gpio.o
      1106          0          0          0      15392       4409   heap_4.o
       298          0          0          0          0       2208   list.o
       308          0          0          0          0       5754   main.o
        18          0          0          0          0      17858   motortask.o
      1008         16          0          4          5       3836   port.o
      2018          0         84          0         90      82189   serivaltask.o
        64         26        428          0       1536        840   startup_stm32f427xx.o
        22          0          0          0          0       5649   state_watch.o
        98          0          0          5          4       7519   stm32f4xx_hal.o
      1616          0          0          0          0      11546   stm32f4xx_hal_can.o
       410          0          0          0          0       9853   stm32f4xx_hal_cortex.o
      2136          8          8          0          0       8476   stm32f4xx_hal_dma.o
      1018          0          0          0          0       5173   stm32f4xx_hal_gpio.o
        88          0          0          0          0       3508   stm32f4xx_hal_msp.o
       190          0          0          0          0       4446   stm32f4xx_hal_pwr_ex.o
      2746          0          0          0          0       7649   stm32f4xx_hal_rcc.o
      2790         14          0          0          0      36060   stm32f4xx_hal_tim.o
        16          0          0          0          0      15324   stm32f4xx_hal_tim_ex.o
       226          0          0          0         72       7201   stm32f4xx_hal_timebase_tim.o
      5086          0          0          0          0      20407   stm32f4xx_hal_uart.o
       182          0          0          0          0       1761   stm32f4xx_it.o
        18          0         24          4          0       2538   system_stm32f4xx.o
      3060          0          5          0        300      20368   tasks.o
       302          0          0          0         72       5673   tim.o
         8          0          0          0          0      17971   uart_bus.o
      1324          0         48          0         96      47481   uart_bus_impl.o
      3304          0        204          0          0      80866   uart_device_impl.o
       886          0          0          0        504       7807   usart.o

    ----------------------------------------------------------------------
     33196         80        980         16      18772     587589   Object Totals
         0          0         32          0          0          0   (incl. Generated)
       214         12          0          3          5          0   (incl. Padding)

    ----------------------------------------------------------------------

      Code (inc. data)   RO Data    RW Data    ZI Data      Debug   Library Member Name

         8          0          0          0          0         68   __main.o
         0          0          0          0          0          0   __rtentry.o
        12          0          0          0          0          0   __rtentry2.o
         6          0          0          0          0          0   __rtentry4.o
        52          8          0          0          0          0   __scatter.o
        26          0          0          0          0          0   __scatter_copy.o
        28          0          0          0          0          0   __scatter_zi.o
       264          0          0          0          0         96   _get_argv.o
        22          0          0          0          0         80   abort.o
        46          0          0          0          0         84   aeabi_atexit.o
         4          0          0          0          0         68   argv_veneer.o
        10          0          0          0          0         68   cxa_atexit.o
        66          0          0          0          0         84   cxa_finalize.o
        48         34          0          0          0         76   defsig_abrt_inner.o
        14          0          0          0          0         80   defsig_abrt_outer.o
        10          0          0          0          0         68   defsig_exit.o
        50          0          0          0          0         88   defsig_general.o
        80         58          0          0          0         76   defsig_rtmem_inner.o
        14          0          0          0          0         80   defsig_rtmem_outer.o
        18          0          0          0          0         80   exit.o
        94          0          0          0          0         80   h1_alloc.o
        52          0          0          0          0         68   h1_extend.o
        78          0          0          0          0         80   h1_free.o
        14          0          0          0          0         84   h1_init.o
       180          0          0          0          0         88   h1_memalign.o
         6          0          0          0          0        152   heapauxi.o
         4          0          0          0          0        136   hguard.o
         4          0          0          0          0        136   hrguard.o
         0          0          0          0          0          0   indicate_semi.o
        36          8          0          0          0         80   init_aeabi.o
       138          0          0          0          0        168   init_alloc.o
         2          0          0          0          0          0   libinit.o
        26          0          0          0          0          0   libinit2.o
         2          0          0          0          0          0   libshutdown.o
         8          0          0          0          0          0   libshutdown2.o
         8          4          0          0         96         68   libspace.o
       240          0          0          0          0        100   lludivv7m.o
         0          0          0          0          0          0   maybetermalloc1.o
         8          4          0          0          0         68   rt_ddtor_pointer_addr_intlibspace.o
         8          4          0          0          0         68   rt_heap_descriptor_intlibspace.o
        78          0          0          0          0         80   rt_memclr_w.o
         2          0          0          0          0          0   rtexit.o
        10          0          0          0          0          0   rtexit2.o
        24          0          0          0          0         76   sys_command.o
        12          4          0          0          0         68   sys_exit.o
        74          0          0          0          0         80   sys_stackheap_outer.o
        14          0          0          0          0         76   sys_wrch.o
         2          0          0          0          0         68   use_no_semi.o
        26          0          0          0          0        116   fpinit.o
       116          0          0          0          0        380   new.cpp.o
         4          0          0          0          0         68   vector.cpp.o
         4          0          0          0          0         36   abort_message.cpp.o
       100         56          0          0          0         76   cxa_guard.cpp.o
        12          0          0          0          4        148   cxa_handlers.cpp.o
        40         32          0          0          0         52   cxa_virtual.cpp.o

    ----------------------------------------------------------------------
      2220        212          0          0        100       3796   Library Totals
        16          0          0          0          0          0   (incl. Padding)

    ----------------------------------------------------------------------

      Code (inc. data)   RO Data    RW Data    ZI Data      Debug   Library Name

      1902        124          0          0         96       2920   c_w.l
        26          0          0          0          0        116   fz_wm.l
       120          0          0          0          0        448   libcpp_w.l
       156         88          0          0          4        312   libcppabi_w.l

    ----------------------------------------------------------------------
      2220        212          0          0        100       3796   Library Totals

    ----------------------------------------------------------------------

==============================================================================


      Code (inc. data)   RO Data    RW Data    ZI Data      Debug   

     35416        292        980         16      18872     589061   Grand Totals
     35416        292        980         16      18872     589061   ELF Image Totals
     35416        292        980         16          0          0   ROM Totals

==============================================================================

    Total RO  Size (Code + RO Data)                36396 (  35.54kB)
    Total RW  Size (RW Data + ZI Data)             18888 (  18.45kB)
    Total ROM Size (Code + RO Data + RW Data)      36412 (  35.56kB)

==============================================================================

