<!doctype html public "-//w3c//dtd html 4.0 transitional//en">
<html><head>
<title>Static Call Graph - [2026_Drone\2026_Drone.axf]</title></head>
<body><HR>
<H1>Static Call Graph for image 2026_Drone\2026_Drone.axf</H1><HR>
<BR><P>#&#060CALLGRAPH&#062# ARM Linker, 6140101: Last Updated: Sat Jan 17 16:14:33 2026
<BR><P>
<H3>Maximum Stack Usage =        828 bytes + Unknown(Functions without stacksize, Cycles, Untraceable Function Pointers)</H3><H3>
Call chain for Maximum Stack Depth:</H3>
HAL::CAN::CanDevice::register_rx_callback(std::__1::function&lang;void(const HAL::CAN::Frame&)&rang;) &rArr; std::__1::vector&lang;std::__1::function&lang;void(const HAL::CAN::Frame&)&rang;, std::__1::allocator&lang;std::__1::function&lang;void(const HAL::CAN::Frame&)&rang;&rang;&rang;::__swap_out_circular_buffer(std::__1::__split_buffer&lang;std::__1::function&lang;void(const HAL::CAN::Frame&)&rang;, std::__1::allocator&lang;std::__1::function&lang;void(const HAL::CAN::Frame&)&rang;&rang;&&rang;&) &rArr; std::__1::function&lang;void(const HAL::CAN::Frame&)&rang;::function__sub_object(std::__1::function&lang;void(const HAL::CAN::Frame&)&rang;&&) &rArr; std::__1::__function::__value_func&lang;void(const HAL::CAN::Frame&)&rang;::__as_base(void*)
<P>
<H3>
Functions with no stack information
</H3><UL>
 <LI><a href="#[dd]">__user_initial_stackheap</a>
</UL>
</UL>
<P>
<H3>
Mutually Recursive functions
</H3> <LI><a href="#[1c]">ADC_IRQHandler</a>&nbsp;&nbsp;&nbsp;&rArr;&nbsp;&nbsp;&nbsp;<a href="#[1c]">ADC_IRQHandler</a><BR>
</UL>
<P>
<H3>
Function Pointers
</H3><UL>
 <LI><a href="#[1c]">ADC_IRQHandler</a> from startup_stm32f427xx.o(.text) referenced from startup_stm32f427xx.o(RESET)
 <LI><a href="#[4]">BusFault_Handler</a> from stm32f4xx_it.o(.text.BusFault_Handler) referenced from startup_stm32f427xx.o(RESET)
 <LI><a href="#[1e]">CAN1_RX0_IRQHandler</a> from stm32f4xx_it.o(.text.CAN1_RX0_IRQHandler) referenced from startup_stm32f427xx.o(RESET)
 <LI><a href="#[1f]">CAN1_RX1_IRQHandler</a> from stm32f4xx_it.o(.text.CAN1_RX1_IRQHandler) referenced from startup_stm32f427xx.o(RESET)
 <LI><a href="#[20]">CAN1_SCE_IRQHandler</a> from startup_stm32f427xx.o(.text) referenced from startup_stm32f427xx.o(RESET)
 <LI><a href="#[1d]">CAN1_TX_IRQHandler</a> from startup_stm32f427xx.o(.text) referenced from startup_stm32f427xx.o(RESET)
 <LI><a href="#[4a]">CAN2_RX0_IRQHandler</a> from stm32f4xx_it.o(.text.CAN2_RX0_IRQHandler) referenced from startup_stm32f427xx.o(RESET)
 <LI><a href="#[4b]">CAN2_RX1_IRQHandler</a> from stm32f4xx_it.o(.text.CAN2_RX1_IRQHandler) referenced from startup_stm32f427xx.o(RESET)
 <LI><a href="#[4c]">CAN2_SCE_IRQHandler</a> from startup_stm32f427xx.o(.text) referenced from startup_stm32f427xx.o(RESET)
 <LI><a href="#[49]">CAN2_TX_IRQHandler</a> from startup_stm32f427xx.o(.text) referenced from startup_stm32f427xx.o(RESET)
 <LI><a href="#[6e]">Control</a> from controltask.o(.text.Control) referenced from freertos.o(.rodata..L__const.MX_FREERTOS_Init.os_thread_def_ALG)
 <LI><a href="#[58]">DCMI_IRQHandler</a> from startup_stm32f427xx.o(.text) referenced from startup_stm32f427xx.o(RESET)
 <LI><a href="#[15]">DMA1_Stream0_IRQHandler</a> from startup_stm32f427xx.o(.text) referenced from startup_stm32f427xx.o(RESET)
 <LI><a href="#[16]">DMA1_Stream1_IRQHandler</a> from startup_stm32f427xx.o(.text) referenced from startup_stm32f427xx.o(RESET)
 <LI><a href="#[17]">DMA1_Stream2_IRQHandler</a> from startup_stm32f427xx.o(.text) referenced from startup_stm32f427xx.o(RESET)
 <LI><a href="#[18]">DMA1_Stream3_IRQHandler</a> from startup_stm32f427xx.o(.text) referenced from startup_stm32f427xx.o(RESET)
 <LI><a href="#[19]">DMA1_Stream4_IRQHandler</a> from startup_stm32f427xx.o(.text) referenced from startup_stm32f427xx.o(RESET)
 <LI><a href="#[1a]">DMA1_Stream5_IRQHandler</a> from startup_stm32f427xx.o(.text) referenced from startup_stm32f427xx.o(RESET)
 <LI><a href="#[1b]">DMA1_Stream6_IRQHandler</a> from startup_stm32f427xx.o(.text) referenced from startup_stm32f427xx.o(RESET)
 <LI><a href="#[39]">DMA1_Stream7_IRQHandler</a> from startup_stm32f427xx.o(.text) referenced from startup_stm32f427xx.o(RESET)
 <LI><a href="#[61]">DMA2D_IRQHandler</a> from startup_stm32f427xx.o(.text) referenced from startup_stm32f427xx.o(RESET)
 <LI><a href="#[42]">DMA2_Stream0_IRQHandler</a> from startup_stm32f427xx.o(.text) referenced from startup_stm32f427xx.o(RESET)
 <LI><a href="#[43]">DMA2_Stream1_IRQHandler</a> from stm32f4xx_it.o(.text.DMA2_Stream1_IRQHandler) referenced from startup_stm32f427xx.o(RESET)
 <LI><a href="#[44]">DMA2_Stream2_IRQHandler</a> from stm32f4xx_it.o(.text.DMA2_Stream2_IRQHandler) referenced from startup_stm32f427xx.o(RESET)
 <LI><a href="#[45]">DMA2_Stream3_IRQHandler</a> from startup_stm32f427xx.o(.text) referenced from startup_stm32f427xx.o(RESET)
 <LI><a href="#[46]">DMA2_Stream4_IRQHandler</a> from startup_stm32f427xx.o(.text) referenced from startup_stm32f427xx.o(RESET)
 <LI><a href="#[4e]">DMA2_Stream5_IRQHandler</a> from startup_stm32f427xx.o(.text) referenced from startup_stm32f427xx.o(RESET)
 <LI><a href="#[4f]">DMA2_Stream6_IRQHandler</a> from stm32f4xx_it.o(.text.DMA2_Stream6_IRQHandler) referenced from startup_stm32f427xx.o(RESET)
 <LI><a href="#[50]">DMA2_Stream7_IRQHandler</a> from startup_stm32f427xx.o(.text) referenced from startup_stm32f427xx.o(RESET)
 <LI><a href="#[7]">DebugMon_Handler</a> from stm32f4xx_it.o(.text.DebugMon_Handler) referenced from startup_stm32f427xx.o(RESET)
 <LI><a href="#[47]">ETH_IRQHandler</a> from startup_stm32f427xx.o(.text) referenced from startup_stm32f427xx.o(RESET)
 <LI><a href="#[48]">ETH_WKUP_IRQHandler</a> from startup_stm32f427xx.o(.text) referenced from startup_stm32f427xx.o(RESET)
 <LI><a href="#[10]">EXTI0_IRQHandler</a> from startup_stm32f427xx.o(.text) referenced from startup_stm32f427xx.o(RESET)
 <LI><a href="#[32]">EXTI15_10_IRQHandler</a> from startup_stm32f427xx.o(.text) referenced from startup_stm32f427xx.o(RESET)
 <LI><a href="#[11]">EXTI1_IRQHandler</a> from startup_stm32f427xx.o(.text) referenced from startup_stm32f427xx.o(RESET)
 <LI><a href="#[12]">EXTI2_IRQHandler</a> from startup_stm32f427xx.o(.text) referenced from startup_stm32f427xx.o(RESET)
 <LI><a href="#[13]">EXTI3_IRQHandler</a> from startup_stm32f427xx.o(.text) referenced from startup_stm32f427xx.o(RESET)
 <LI><a href="#[14]">EXTI4_IRQHandler</a> from startup_stm32f427xx.o(.text) referenced from startup_stm32f427xx.o(RESET)
 <LI><a href="#[21]">EXTI9_5_IRQHandler</a> from startup_stm32f427xx.o(.text) referenced from startup_stm32f427xx.o(RESET)
 <LI><a href="#[e]">FLASH_IRQHandler</a> from startup_stm32f427xx.o(.text) referenced from startup_stm32f427xx.o(RESET)
 <LI><a href="#[3a]">FMC_IRQHandler</a> from startup_stm32f427xx.o(.text) referenced from startup_stm32f427xx.o(RESET)
 <LI><a href="#[5a]">FPU_IRQHandler</a> from startup_stm32f427xx.o(.text) referenced from startup_stm32f427xx.o(RESET)
 <LI><a href="#[59]">HASH_RNG_IRQHandler</a> from startup_stm32f427xx.o(.text) referenced from startup_stm32f427xx.o(RESET)
 <LI><a href="#[2]">HardFault_Handler</a> from stm32f4xx_it.o(.text.HardFault_Handler) referenced from startup_stm32f427xx.o(RESET)
 <LI><a href="#[2a]">I2C1_ER_IRQHandler</a> from startup_stm32f427xx.o(.text) referenced from startup_stm32f427xx.o(RESET)
 <LI><a href="#[29]">I2C1_EV_IRQHandler</a> from startup_stm32f427xx.o(.text) referenced from startup_stm32f427xx.o(RESET)
 <LI><a href="#[2c]">I2C2_ER_IRQHandler</a> from startup_stm32f427xx.o(.text) referenced from startup_stm32f427xx.o(RESET)
 <LI><a href="#[2b]">I2C2_EV_IRQHandler</a> from startup_stm32f427xx.o(.text) referenced from startup_stm32f427xx.o(RESET)
 <LI><a href="#[53]">I2C3_ER_IRQHandler</a> from startup_stm32f427xx.o(.text) referenced from startup_stm32f427xx.o(RESET)
 <LI><a href="#[52]">I2C3_EV_IRQHandler</a> from startup_stm32f427xx.o(.text) referenced from startup_stm32f427xx.o(RESET)
 <LI><a href="#[3]">MemManage_Handler</a> from stm32f4xx_it.o(.text.MemManage_Handler) referenced from startup_stm32f427xx.o(RESET)
 <LI><a href="#[6f]">Motor</a> from motortask.o(.text.Motor) referenced from freertos.o(.rodata..L__const.MX_FREERTOS_Init.os_thread_def_CAN)
 <LI><a href="#[1]">NMI_Handler</a> from stm32f4xx_it.o(.text.NMI_Handler) referenced from startup_stm32f427xx.o(RESET)
 <LI><a href="#[4d]">OTG_FS_IRQHandler</a> from startup_stm32f427xx.o(.text) referenced from startup_stm32f427xx.o(RESET)
 <LI><a href="#[34]">OTG_FS_WKUP_IRQHandler</a> from startup_stm32f427xx.o(.text) referenced from startup_stm32f427xx.o(RESET)
 <LI><a href="#[55]">OTG_HS_EP1_IN_IRQHandler</a> from startup_stm32f427xx.o(.text) referenced from startup_stm32f427xx.o(RESET)
 <LI><a href="#[54]">OTG_HS_EP1_OUT_IRQHandler</a> from startup_stm32f427xx.o(.text) referenced from startup_stm32f427xx.o(RESET)
 <LI><a href="#[57]">OTG_HS_IRQHandler</a> from startup_stm32f427xx.o(.text) referenced from startup_stm32f427xx.o(RESET)
 <LI><a href="#[56]">OTG_HS_WKUP_IRQHandler</a> from startup_stm32f427xx.o(.text) referenced from startup_stm32f427xx.o(RESET)
 <LI><a href="#[b]">PVD_IRQHandler</a> from startup_stm32f427xx.o(.text) referenced from startup_stm32f427xx.o(RESET)
 <LI><a href="#[8]">PendSV_Handler</a> from port.o(.text.PendSV_Handler) referenced from startup_stm32f427xx.o(RESET)
 <LI><a href="#[f]">RCC_IRQHandler</a> from startup_stm32f427xx.o(.text) referenced from startup_stm32f427xx.o(RESET)
 <LI><a href="#[33]">RTC_Alarm_IRQHandler</a> from startup_stm32f427xx.o(.text) referenced from startup_stm32f427xx.o(RESET)
 <LI><a href="#[d]">RTC_WKUP_IRQHandler</a> from startup_stm32f427xx.o(.text) referenced from startup_stm32f427xx.o(RESET)
 <LI><a href="#[0]">Reset_Handler</a> from startup_stm32f427xx.o(.text) referenced from startup_stm32f427xx.o(RESET)
 <LI><a href="#[60]">SAI1_IRQHandler</a> from startup_stm32f427xx.o(.text) referenced from startup_stm32f427xx.o(RESET)
 <LI><a href="#[3b]">SDIO_IRQHandler</a> from startup_stm32f427xx.o(.text) referenced from startup_stm32f427xx.o(RESET)
 <LI><a href="#[2d]">SPI1_IRQHandler</a> from startup_stm32f427xx.o(.text) referenced from startup_stm32f427xx.o(RESET)
 <LI><a href="#[2e]">SPI2_IRQHandler</a> from startup_stm32f427xx.o(.text) referenced from startup_stm32f427xx.o(RESET)
 <LI><a href="#[3d]">SPI3_IRQHandler</a> from startup_stm32f427xx.o(.text) referenced from startup_stm32f427xx.o(RESET)
 <LI><a href="#[5d]">SPI4_IRQHandler</a> from startup_stm32f427xx.o(.text) referenced from startup_stm32f427xx.o(RESET)
 <LI><a href="#[5e]">SPI5_IRQHandler</a> from startup_stm32f427xx.o(.text) referenced from startup_stm32f427xx.o(RESET)
 <LI><a href="#[5f]">SPI6_IRQHandler</a> from startup_stm32f427xx.o(.text) referenced from startup_stm32f427xx.o(RESET)
 <LI><a href="#[6]">SVC_Handler</a> from port.o(.text.SVC_Handler) referenced from startup_stm32f427xx.o(RESET)
 <LI><a href="#[70]">Serial</a> from serivaltask.o(.text.Serial) referenced from freertos.o(.rodata..L__const.MX_FREERTOS_Init.os_thread_def_SERIAL)
 <LI><a href="#[71]">StartDefaultTask</a> from freertos.o(.text.StartDefaultTask) referenced from freertos.o(.rodata..L__const.MX_FREERTOS_Init.os_thread_def_defaultTask)
 <LI><a href="#[9]">SysTick_Handler</a> from port.o(.text.SysTick_Handler) referenced from startup_stm32f427xx.o(RESET)
 <LI><a href="#[62]">SystemInit</a> from system_stm32f4xx.o(.text.SystemInit) referenced from startup_stm32f427xx.o(.text)
 <LI><a href="#[c]">TAMP_STAMP_IRQHandler</a> from startup_stm32f427xx.o(.text) referenced from startup_stm32f427xx.o(RESET)
 <LI><a href="#[22]">TIM1_BRK_TIM9_IRQHandler</a> from startup_stm32f427xx.o(.text) referenced from startup_stm32f427xx.o(RESET)
 <LI><a href="#[25]">TIM1_CC_IRQHandler</a> from startup_stm32f427xx.o(.text) referenced from startup_stm32f427xx.o(RESET)
 <LI><a href="#[24]">TIM1_TRG_COM_TIM11_IRQHandler</a> from startup_stm32f427xx.o(.text) referenced from startup_stm32f427xx.o(RESET)
 <LI><a href="#[23]">TIM1_UP_TIM10_IRQHandler</a> from stm32f4xx_it.o(.text.TIM1_UP_TIM10_IRQHandler) referenced from startup_stm32f427xx.o(RESET)
 <LI><a href="#[26]">TIM2_IRQHandler</a> from startup_stm32f427xx.o(.text) referenced from startup_stm32f427xx.o(RESET)
 <LI><a href="#[27]">TIM3_IRQHandler</a> from startup_stm32f427xx.o(.text) referenced from startup_stm32f427xx.o(RESET)
 <LI><a href="#[28]">TIM4_IRQHandler</a> from startup_stm32f427xx.o(.text) referenced from startup_stm32f427xx.o(RESET)
 <LI><a href="#[3c]">TIM5_IRQHandler</a> from startup_stm32f427xx.o(.text) referenced from startup_stm32f427xx.o(RESET)
 <LI><a href="#[40]">TIM6_DAC_IRQHandler</a> from startup_stm32f427xx.o(.text) referenced from startup_stm32f427xx.o(RESET)
 <LI><a href="#[41]">TIM7_IRQHandler</a> from startup_stm32f427xx.o(.text) referenced from startup_stm32f427xx.o(RESET)
 <LI><a href="#[35]">TIM8_BRK_TIM12_IRQHandler</a> from startup_stm32f427xx.o(.text) referenced from startup_stm32f427xx.o(RESET)
 <LI><a href="#[38]">TIM8_CC_IRQHandler</a> from startup_stm32f427xx.o(.text) referenced from startup_stm32f427xx.o(RESET)
 <LI><a href="#[37]">TIM8_TRG_COM_TIM14_IRQHandler</a> from startup_stm32f427xx.o(.text) referenced from startup_stm32f427xx.o(RESET)
 <LI><a href="#[36]">TIM8_UP_TIM13_IRQHandler</a> from startup_stm32f427xx.o(.text) referenced from startup_stm32f427xx.o(RESET)
 <LI><a href="#[3e]">UART4_IRQHandler</a> from startup_stm32f427xx.o(.text) referenced from startup_stm32f427xx.o(RESET)
 <LI><a href="#[3f]">UART5_IRQHandler</a> from startup_stm32f427xx.o(.text) referenced from startup_stm32f427xx.o(RESET)
 <LI><a href="#[5b]">UART7_IRQHandler</a> from startup_stm32f427xx.o(.text) referenced from startup_stm32f427xx.o(RESET)
 <LI><a href="#[5c]">UART8_IRQHandler</a> from startup_stm32f427xx.o(.text) referenced from startup_stm32f427xx.o(RESET)
 <LI><a href="#[64]">UART_DMAAbortOnError</a> from stm32f4xx_hal_uart.o(.text.UART_DMAAbortOnError) referenced 2 times from stm32f4xx_hal_uart.o(.text.HAL_UART_IRQHandler)
 <LI><a href="#[67]">UART_DMAError</a> from stm32f4xx_hal_uart.o(.text.UART_DMAError) referenced 2 times from stm32f4xx_hal_uart.o(.text.HAL_UART_Transmit_DMA)
 <LI><a href="#[67]">UART_DMAError</a> from stm32f4xx_hal_uart.o(.text.UART_DMAError) referenced 2 times from stm32f4xx_hal_uart.o(.text.UART_Start_Receive_DMA)
 <LI><a href="#[68]">UART_DMAReceiveCplt</a> from stm32f4xx_hal_uart.o(.text.UART_DMAReceiveCplt) referenced 2 times from stm32f4xx_hal_uart.o(.text.UART_Start_Receive_DMA)
 <LI><a href="#[69]">UART_DMARxHalfCplt</a> from stm32f4xx_hal_uart.o(.text.UART_DMARxHalfCplt) referenced 2 times from stm32f4xx_hal_uart.o(.text.UART_Start_Receive_DMA)
 <LI><a href="#[65]">UART_DMATransmitCplt</a> from stm32f4xx_hal_uart.o(.text.UART_DMATransmitCplt) referenced 2 times from stm32f4xx_hal_uart.o(.text.HAL_UART_Transmit_DMA)
 <LI><a href="#[66]">UART_DMATxHalfCplt</a> from stm32f4xx_hal_uart.o(.text.UART_DMATxHalfCplt) referenced 2 times from stm32f4xx_hal_uart.o(.text.HAL_UART_Transmit_DMA)
 <LI><a href="#[2f]">USART1_IRQHandler</a> from stm32f4xx_it.o(.text.USART1_IRQHandler) referenced from startup_stm32f427xx.o(RESET)
 <LI><a href="#[30]">USART2_IRQHandler</a> from startup_stm32f427xx.o(.text) referenced from startup_stm32f427xx.o(RESET)
 <LI><a href="#[31]">USART3_IRQHandler</a> from startup_stm32f427xx.o(.text) referenced from startup_stm32f427xx.o(RESET)
 <LI><a href="#[51]">USART6_IRQHandler</a> from stm32f4xx_it.o(.text.USART6_IRQHandler) referenced from startup_stm32f427xx.o(RESET)
 <LI><a href="#[5]">UsageFault_Handler</a> from stm32f4xx_it.o(.text.UsageFault_Handler) referenced from startup_stm32f427xx.o(RESET)
 <LI><a href="#[a]">WWDG_IRQHandler</a> from startup_stm32f427xx.o(.text) referenced from startup_stm32f427xx.o(RESET)
 <LI><a href="#[ad]">_GLOBAL__sub_I_ControlTask.cpp</a> from controltask.o(.text._GLOBAL__sub_I_ControlTask.cpp) referenced from controltask.o(.init_array)
 <LI><a href="#[ae]">_GLOBAL__sub_I_MotorTask.cpp</a> from motortask.o(.text._GLOBAL__sub_I_MotorTask.cpp) referenced from motortask.o(.init_array)
 <LI><a href="#[af]">_GLOBAL__sub_I_SerivalTask.cpp</a> from serivaltask.o(.text._GLOBAL__sub_I_SerivalTask.cpp) referenced from serivaltask.o(.init_array)
 <LI><a href="#[72]">BSP::Motor::DM::DMMotorBase&lang;(unsigned char)1&rang;::Parse(const HAL::CAN::Frame&)</a> from motortask.o(.text._ZN3BSP5Motor2DM11DMMotorBaseILh1EE5ParseERKN3HAL3CAN5FrameE) referenced from motortask.o(.rodata._ZTVN3BSP5Motor2DM11DMMotorBaseILh1EEE)
 <LI><a href="#[72]">BSP::Motor::DM::DMMotorBase&lang;(unsigned char)1&rang;::Parse(const HAL::CAN::Frame&)</a> from motortask.o(.text._ZN3BSP5Motor2DM11DMMotorBaseILh1EE5ParseERKN3HAL3CAN5FrameE) referenced from motortask.o(.rodata._ZTVN3BSP5Motor2DM5J4310ILh1EEE)
 <LI><a href="#[73]">BSP::Motor::Dji::DjiMotorBase&lang;(unsigned char)1&rang;::Parse(const HAL::CAN::Frame&)</a> from motortask.o(.text._ZN3BSP5Motor3Dji12DjiMotorBaseILh1EE5ParseERKN3HAL3CAN5FrameE) referenced from motortask.o(.rodata._ZTVN3BSP5Motor3Dji12DjiMotorBaseILh1EEE)
 <LI><a href="#[73]">BSP::Motor::Dji::DjiMotorBase&lang;(unsigned char)1&rang;::Parse(const HAL::CAN::Frame&)</a> from motortask.o(.text._ZN3BSP5Motor3Dji12DjiMotorBaseILh1EE5ParseERKN3HAL3CAN5FrameE) referenced from motortask.o(.rodata._ZTVN3BSP5Motor3Dji6GM6020ILh1EEE)
 <LI><a href="#[76]">HAL::CAN::ICanDevice::~ICanDevice__deallocating()</a> from can_device_impl.o(.text._ZN3HAL3CAN10ICanDeviceD0Ev) referenced from can_device_impl.o(.rodata._ZTVN3HAL3CAN10ICanDeviceE)
 <LI><a href="#[75]">HAL::CAN::ICanDevice::~ICanDevice__sub_object()</a> from can_bus_impl.o(.text._ZN3HAL3CAN10ICanDeviceD2Ev) referenced from can_device_impl.o(.rodata._ZTVN3HAL3CAN10ICanDeviceE)
 <LI><a href="#[78]">HAL::CAN::CanBus::get_device(HAL::CAN::CanDeviceId)</a> from can_bus_impl.o(.text._ZN3HAL3CAN6CanBus10get_deviceENS0_11CanDeviceIdE) referenced from can_bus_impl.o(.rodata._ZTVN3HAL3CAN6CanBusE)
 <LI><a href="#[77]">HAL::CAN::CanBus::~CanBus__deallocating()</a> from can_bus_impl.o(.text._ZN3HAL3CAN6CanBusD0Ev) referenced from can_bus_impl.o(.rodata._ZTVN3HAL3CAN6CanBusE)
 <LI><a href="#[6a]">HAL::CAN::CanBus::~CanBus__sub_object()</a> from can_bus_impl.o(.text._ZN3HAL3CAN6CanBusD2Ev) referenced from can_bus_impl.o(.rodata._ZTVN3HAL3CAN6CanBusE)
 <LI><a href="#[6a]">HAL::CAN::CanBus::~CanBus__sub_object()</a> from can_bus_impl.o(.text._ZN3HAL3CAN6CanBusD2Ev) referenced 2 times from can_bus_impl.o(.text._ZN3HAL3CAN6CanBus8instanceEv)
 <LI><a href="#[7b]">HAL::CAN::ICanBus::~ICanBus__deallocating()</a> from can_bus_impl.o(.text._ZN3HAL3CAN7ICanBusD0Ev) referenced from can_bus_impl.o(.rodata._ZTVN3HAL3CAN7ICanBusE)
 <LI><a href="#[7a]">HAL::CAN::ICanBus::~ICanBus__sub_object()</a> from can_bus_impl.o(.text._ZN3HAL3CAN7ICanBusD2Ev) referenced from can_bus_impl.o(.rodata._ZTVN3HAL3CAN7ICanBusE)
 <LI><a href="#[83]">HAL::CAN::CanDevice::register_rx_callback(std::__1::function&lang;void(const HAL::CAN::Frame&)&rang;)</a> from can_device_impl.o(.text._ZN3HAL3CAN9CanDevice20register_rx_callbackENSt3__18functionIFvRKNS0_5FrameEEEE) referenced from can_device_impl.o(.rodata._ZTVN3HAL3CAN9CanDeviceE)
 <LI><a href="#[84]">HAL::CAN::CanDevice::trigger_rx_callbacks(const HAL::CAN::Frame&)</a> from can_device_impl.o(.text._ZN3HAL3CAN9CanDevice20trigger_rx_callbacksERKNS0_5FrameE) referenced from can_device_impl.o(.rodata._ZTVN3HAL3CAN9CanDeviceE)
 <LI><a href="#[7e]">HAL::CAN::CanDevice::init()</a> from can_device_impl.o(.text._ZN3HAL3CAN9CanDevice4initEv) referenced from can_device_impl.o(.rodata._ZTVN3HAL3CAN9CanDeviceE)
 <LI><a href="#[80]">HAL::CAN::CanDevice::send(const HAL::CAN::Frame&)</a> from can_device_impl.o(.text._ZN3HAL3CAN9CanDevice4sendERKNS0_5FrameE) referenced from can_device_impl.o(.rodata._ZTVN3HAL3CAN9CanDeviceE)
 <LI><a href="#[7f]">HAL::CAN::CanDevice::start()</a> from can_device_impl.o(.text._ZN3HAL3CAN9CanDevice5startEv) referenced from can_device_impl.o(.rodata._ZTVN3HAL3CAN9CanDeviceE)
 <LI><a href="#[81]">HAL::CAN::CanDevice::receive(HAL::CAN::Frame&)</a> from can_device_impl.o(.text._ZN3HAL3CAN9CanDevice7receiveERNS0_5FrameE) referenced from can_device_impl.o(.rodata._ZTVN3HAL3CAN9CanDeviceE)
 <LI><a href="#[7d]">HAL::CAN::CanDevice::~CanDevice__deallocating()</a> from can_device_impl.o(.text._ZN3HAL3CAN9CanDeviceD0Ev) referenced from can_device_impl.o(.rodata._ZTVN3HAL3CAN9CanDeviceE)
 <LI><a href="#[7c]">HAL::CAN::CanDevice::~CanDevice__sub_object()</a> from can_bus_impl.o(.text._ZN3HAL3CAN9CanDeviceD2Ev) referenced from can_device_impl.o(.rodata._ZTVN3HAL3CAN9CanDeviceE)
 <LI><a href="#[8e]">HAL::UART::UartDevice::receive_dma(HAL::UART::Data&)</a> from uart_device_impl.o(.text._ZN3HAL4UART10UartDevice11receive_dmaERNS0_4DataE) referenced from uart_device_impl.o(.rodata._ZTVN3HAL4UART10UartDeviceE)
 <LI><a href="#[8c]">HAL::UART::UartDevice::receive_byte(unsigned char&)</a> from uart_device_impl.o(.text._ZN3HAL4UART10UartDevice12receive_byteERh) referenced from uart_device_impl.o(.rodata._ZTVN3HAL4UART10UartDeviceE)
 <LI><a href="#[8d]">HAL::UART::UartDevice::transmit_dma(const HAL::UART::Data&)</a> from uart_device_impl.o(.text._ZN3HAL4UART10UartDevice12transmit_dmaERKNS0_4DataE) referenced from uart_device_impl.o(.rodata._ZTVN3HAL4UART10UartDeviceE)
 <LI><a href="#[8b]">HAL::UART::UartDevice::transmit_byte(unsigned char)</a> from uart_device_impl.o(.text._ZN3HAL4UART10UartDevice13transmit_byteEh) referenced from uart_device_impl.o(.rodata._ZTVN3HAL4UART10UartDeviceE)
 <LI><a href="#[92]">HAL::UART::UartDevice::clear_ore_error(HAL::UART::Data&)</a> from uart_device_impl.o(.text._ZN3HAL4UART10UartDevice15clear_ore_errorERNS0_4DataE) referenced from uart_device_impl.o(.rodata._ZTVN3HAL4UART10UartDeviceE)
 <LI><a href="#[8f]">HAL::UART::UartDevice::receive_dma_idle(HAL::UART::Data&)</a> from uart_device_impl.o(.text._ZN3HAL4UART10UartDevice16receive_dma_idleERNS0_4DataE) referenced from uart_device_impl.o(.rodata._ZTVN3HAL4UART10UartDeviceE)
 <LI><a href="#[90]">HAL::UART::UartDevice::register_rx_callback(std::__1::function&lang;void(const HAL::UART::Data&)&rang;)</a> from uart_device_impl.o(.text._ZN3HAL4UART10UartDevice20register_rx_callbackENSt3__18functionIFvRKNS0_4DataEEEE) referenced from uart_device_impl.o(.rodata._ZTVN3HAL4UART10UartDeviceE)
 <LI><a href="#[91]">HAL::UART::UartDevice::trigger_rx_callbacks(const HAL::UART::Data&)</a> from uart_device_impl.o(.text._ZN3HAL4UART10UartDevice20trigger_rx_callbacksERKNS0_4DataE) referenced from uart_device_impl.o(.rodata._ZTVN3HAL4UART10UartDeviceE)
 <LI><a href="#[87]">HAL::UART::UartDevice::init()</a> from uart_device_impl.o(.text._ZN3HAL4UART10UartDevice4initEv) referenced from uart_device_impl.o(.rodata._ZTVN3HAL4UART10UartDeviceE)
 <LI><a href="#[88]">HAL::UART::UartDevice::start()</a> from uart_device_impl.o(.text._ZN3HAL4UART10UartDevice5startEv) referenced from uart_device_impl.o(.rodata._ZTVN3HAL4UART10UartDeviceE)
 <LI><a href="#[8a]">HAL::UART::UartDevice::receive(HAL::UART::Data&)</a> from uart_device_impl.o(.text._ZN3HAL4UART10UartDevice7receiveERNS0_4DataE) referenced from uart_device_impl.o(.rodata._ZTVN3HAL4UART10UartDeviceE)
 <LI><a href="#[89]">HAL::UART::UartDevice::transmit(const HAL::UART::Data&)</a> from uart_device_impl.o(.text._ZN3HAL4UART10UartDevice8transmitERKNS0_4DataE) referenced from uart_device_impl.o(.rodata._ZTVN3HAL4UART10UartDeviceE)
 <LI><a href="#[86]">HAL::UART::UartDevice::~UartDevice__deallocating()</a> from uart_device_impl.o(.text._ZN3HAL4UART10UartDeviceD0Ev) referenced from uart_device_impl.o(.rodata._ZTVN3HAL4UART10UartDeviceE)
 <LI><a href="#[85]">HAL::UART::UartDevice::~UartDevice__sub_object()</a> from uart_bus_impl.o(.text._ZN3HAL4UART10UartDeviceD2Ev) referenced from uart_device_impl.o(.rodata._ZTVN3HAL4UART10UartDeviceE)
 <LI><a href="#[95]">HAL::UART::IUartDevice::~IUartDevice__deallocating()</a> from uart_device_impl.o(.text._ZN3HAL4UART11IUartDeviceD0Ev) referenced from uart_device_impl.o(.rodata._ZTVN3HAL4UART11IUartDeviceE)
 <LI><a href="#[94]">HAL::UART::IUartDevice::~IUartDevice__sub_object()</a> from uart_bus_impl.o(.text._ZN3HAL4UART11IUartDeviceD2Ev) referenced from uart_device_impl.o(.rodata._ZTVN3HAL4UART11IUartDeviceE)
 <LI><a href="#[97]">HAL::UART::UartBus::get_device(HAL::UART::UartDeviceId)</a> from uart_bus_impl.o(.text._ZN3HAL4UART7UartBus10get_deviceENS0_12UartDeviceIdE) referenced from uart_bus_impl.o(.rodata._ZTVN3HAL4UART7UartBusE)
 <LI><a href="#[96]">HAL::UART::UartBus::~UartBus__deallocating()</a> from uart_bus_impl.o(.text._ZN3HAL4UART7UartBusD0Ev) referenced from uart_bus_impl.o(.rodata._ZTVN3HAL4UART7UartBusE)
 <LI><a href="#[6b]">HAL::UART::UartBus::~UartBus__sub_object()</a> from uart_bus_impl.o(.text._ZN3HAL4UART7UartBusD2Ev) referenced from uart_bus_impl.o(.rodata._ZTVN3HAL4UART7UartBusE)
 <LI><a href="#[6b]">HAL::UART::UartBus::~UartBus__sub_object()</a> from uart_bus_impl.o(.text._ZN3HAL4UART7UartBusD2Ev) referenced 2 times from uart_bus_impl.o(.text._ZN3HAL4UART7UartBus8instanceEv)
 <LI><a href="#[9a]">HAL::UART::IUartBus::~IUartBus__deallocating()</a> from uart_bus_impl.o(.text._ZN3HAL4UART8IUartBusD0Ev) referenced from uart_bus_impl.o(.rodata._ZTVN3HAL4UART8IUartBusE)
 <LI><a href="#[99]">HAL::UART::IUartBus::~IUartBus__sub_object()</a> from uart_bus_impl.o(.text._ZN3HAL4UART8IUartBusD2Ev) referenced from uart_bus_impl.o(.rodata._ZTVN3HAL4UART8IUartBusE)
 <LI><a href="#[79]">HAL::CAN::CanBus::has_device(HAL::CAN::CanDeviceId) const</a> from can_bus_impl.o(.text._ZNK3HAL3CAN6CanBus10has_deviceENS0_11CanDeviceIdE) referenced from can_bus_impl.o(.rodata._ZTVN3HAL3CAN6CanBusE)
 <LI><a href="#[82]">HAL::CAN::CanDevice::get_handle() const</a> from can_device_impl.o(.text._ZNK3HAL3CAN9CanDevice10get_handleEv) referenced from can_device_impl.o(.rodata._ZTVN3HAL3CAN9CanDeviceE)
 <LI><a href="#[93]">HAL::UART::UartDevice::get_handle() const</a> from uart_device_impl.o(.text._ZNK3HAL4UART10UartDevice10get_handleEv) referenced from uart_device_impl.o(.rodata._ZTVN3HAL4UART10UartDeviceE)
 <LI><a href="#[98]">HAL::UART::UartBus::has_device(HAL::UART::UartDeviceId) const</a> from uart_bus_impl.o(.text._ZNK3HAL4UART7UartBus10has_deviceENS0_12UartDeviceIdE) referenced from uart_bus_impl.o(.rodata._ZTVN3HAL4UART7UartBusE)
 <LI><a href="#[a2]">std::__1::__function::__func&lang;serivalInit()::$_0, std::__1::allocator&lang;serivalInit()::$_0&rang;, void(const HAL::UART::Data&)&rang;::__clone(std::__1::__function::__base&lang;void(const HAL::UART::Data&)&rang;*) const</a> from serivaltask.o(.text._ZNKSt3__110__function6__funcIZ11serivalInitvE3$_0NS_9allocatorIS2_EEFvRKN3HAL4UART4DataEEE7__cloneEPNS0_6__baseISA_EE) referenced from serivaltask.o(.rodata._ZTVNSt3__110__function6__funcIZ11serivalInitvE3$_0NS_9allocatorIS2_EEFvRKN3HAL4UART4DataEEEE)
 <LI><a href="#[a1]">std::__1::__function::__func&lang;serivalInit()::$_0, std::__1::allocator&lang;serivalInit()::$_0&rang;, void(const HAL::UART::Data&)&rang;::__clone() const</a> from serivaltask.o(.text._ZNKSt3__110__function6__funcIZ11serivalInitvE3$_0NS_9allocatorIS2_EEFvRKN3HAL4UART4DataEEE7__cloneEv) referenced from serivaltask.o(.rodata._ZTVNSt3__110__function6__funcIZ11serivalInitvE3$_0NS_9allocatorIS2_EEFvRKN3HAL4UART4DataEEEE)
 <LI><a href="#[a9]">std::__1::__function::__func&lang;MotorTaskInit()::$_0, std::__1::allocator&lang;MotorTaskInit()::$_0&rang;, void(const HAL::CAN::Frame&)&rang;::__clone(std::__1::__function::__base&lang;void(const HAL::CAN::Frame&)&rang;*) const</a> from motortask.o(.text._ZNKSt3__110__function6__funcIZ13MotorTaskInitvE3$_0NS_9allocatorIS2_EEFvRKN3HAL3CAN5FrameEEE7__cloneEPNS0_6__baseISA_EE) referenced from motortask.o(.rodata._ZTVNSt3__110__function6__funcIZ13MotorTaskInitvE3$_0NS_9allocatorIS2_EEFvRKN3HAL3CAN5FrameEEEE)
 <LI><a href="#[a8]">std::__1::__function::__func&lang;MotorTaskInit()::$_0, std::__1::allocator&lang;MotorTaskInit()::$_0&rang;, void(const HAL::CAN::Frame&)&rang;::__clone() const</a> from motortask.o(.text._ZNKSt3__110__function6__funcIZ13MotorTaskInitvE3$_0NS_9allocatorIS2_EEFvRKN3HAL3CAN5FrameEEE7__cloneEv) referenced from motortask.o(.rodata._ZTVNSt3__110__function6__funcIZ13MotorTaskInitvE3$_0NS_9allocatorIS2_EEFvRKN3HAL3CAN5FrameEEEE)
 <LI><a href="#[9c]">std::__1::__function::__base&lang;void(const HAL::CAN::Frame&)&rang;::~__base__deallocating()</a> from motortask.o(.text._ZNSt3__110__function6__baseIFvRKN3HAL3CAN5FrameEEED0Ev) referenced from motortask.o(.rodata._ZTVNSt3__110__function6__baseIFvRKN3HAL3CAN5FrameEEEE)
 <LI><a href="#[9b]">std::__1::__function::__base&lang;void(const HAL::CAN::Frame&)&rang;::~__base__sub_object()</a> from motortask.o(.text._ZNSt3__110__function6__baseIFvRKN3HAL3CAN5FrameEEED2Ev) referenced from motortask.o(.rodata._ZTVNSt3__110__function6__baseIFvRKN3HAL3CAN5FrameEEEE)
 <LI><a href="#[9e]">std::__1::__function::__base&lang;void(const HAL::UART::Data&)&rang;::~__base__deallocating()</a> from serivaltask.o(.text._ZNSt3__110__function6__baseIFvRKN3HAL4UART4DataEEED0Ev) referenced from serivaltask.o(.rodata._ZTVNSt3__110__function6__baseIFvRKN3HAL4UART4DataEEEE)
 <LI><a href="#[9d]">std::__1::__function::__base&lang;void(const HAL::UART::Data&)&rang;::~__base__sub_object()</a> from serivaltask.o(.text._ZNSt3__110__function6__baseIFvRKN3HAL4UART4DataEEED2Ev) referenced from serivaltask.o(.rodata._ZTVNSt3__110__function6__baseIFvRKN3HAL4UART4DataEEEE)
 <LI><a href="#[a4]">std::__1::__function::__func&lang;serivalInit()::$_0, std::__1::allocator&lang;serivalInit()::$_0&rang;, void(const HAL::UART::Data&)&rang;::destroy_deallocate()</a> from serivaltask.o(.text._ZNSt3__110__function6__funcIZ11serivalInitvE3$_0NS_9allocatorIS2_EEFvRKN3HAL4UART4DataEEE18destroy_deallocateEv) referenced from serivaltask.o(.rodata._ZTVNSt3__110__function6__funcIZ11serivalInitvE3$_0NS_9allocatorIS2_EEFvRKN3HAL4UART4DataEEEE)
 <LI><a href="#[a3]">std::__1::__function::__func&lang;serivalInit()::$_0, std::__1::allocator&lang;serivalInit()::$_0&rang;, void(const HAL::UART::Data&)&rang;::destroy()</a> from serivaltask.o(.text._ZNSt3__110__function6__funcIZ11serivalInitvE3$_0NS_9allocatorIS2_EEFvRKN3HAL4UART4DataEEE7destroyEv) referenced from serivaltask.o(.rodata._ZTVNSt3__110__function6__funcIZ11serivalInitvE3$_0NS_9allocatorIS2_EEFvRKN3HAL4UART4DataEEEE)
 <LI><a href="#[a0]">std::__1::__function::__func&lang;serivalInit()::$_0, std::__1::allocator&lang;serivalInit()::$_0&rang;, void(const HAL::UART::Data&)&rang;::~__func__deallocating()</a> from serivaltask.o(.text._ZNSt3__110__function6__funcIZ11serivalInitvE3$_0NS_9allocatorIS2_EEFvRKN3HAL4UART4DataEEED0Ev) referenced from serivaltask.o(.rodata._ZTVNSt3__110__function6__funcIZ11serivalInitvE3$_0NS_9allocatorIS2_EEFvRKN3HAL4UART4DataEEEE)
 <LI><a href="#[9f]">std::__1::__function::__func&lang;serivalInit()::$_0, std::__1::allocator&lang;serivalInit()::$_0&rang;, void(const HAL::UART::Data&)&rang;::~__func__sub_object()</a> from serivaltask.o(.text._ZNSt3__110__function6__funcIZ11serivalInitvE3$_0NS_9allocatorIS2_EEFvRKN3HAL4UART4DataEEED2Ev) referenced from serivaltask.o(.rodata._ZTVNSt3__110__function6__funcIZ11serivalInitvE3$_0NS_9allocatorIS2_EEFvRKN3HAL4UART4DataEEEE)
 <LI><a href="#[a5]">std::__1::__function::__func&lang;serivalInit()::$_0, std::__1::allocator&lang;serivalInit()::$_0&rang;, void(const HAL::UART::Data&)&rang;::operator ()(const HAL::UART::Data&)</a> from serivaltask.o(.text._ZNSt3__110__function6__funcIZ11serivalInitvE3$_0NS_9allocatorIS2_EEFvRKN3HAL4UART4DataEEEclES9_) referenced from serivaltask.o(.rodata._ZTVNSt3__110__function6__funcIZ11serivalInitvE3$_0NS_9allocatorIS2_EEFvRKN3HAL4UART4DataEEEE)
 <LI><a href="#[ab]">std::__1::__function::__func&lang;MotorTaskInit()::$_0, std::__1::allocator&lang;MotorTaskInit()::$_0&rang;, void(const HAL::CAN::Frame&)&rang;::destroy_deallocate()</a> from motortask.o(.text._ZNSt3__110__function6__funcIZ13MotorTaskInitvE3$_0NS_9allocatorIS2_EEFvRKN3HAL3CAN5FrameEEE18destroy_deallocateEv) referenced from motortask.o(.rodata._ZTVNSt3__110__function6__funcIZ13MotorTaskInitvE3$_0NS_9allocatorIS2_EEFvRKN3HAL3CAN5FrameEEEE)
 <LI><a href="#[aa]">std::__1::__function::__func&lang;MotorTaskInit()::$_0, std::__1::allocator&lang;MotorTaskInit()::$_0&rang;, void(const HAL::CAN::Frame&)&rang;::destroy()</a> from motortask.o(.text._ZNSt3__110__function6__funcIZ13MotorTaskInitvE3$_0NS_9allocatorIS2_EEFvRKN3HAL3CAN5FrameEEE7destroyEv) referenced from motortask.o(.rodata._ZTVNSt3__110__function6__funcIZ13MotorTaskInitvE3$_0NS_9allocatorIS2_EEFvRKN3HAL3CAN5FrameEEEE)
 <LI><a href="#[a7]">std::__1::__function::__func&lang;MotorTaskInit()::$_0, std::__1::allocator&lang;MotorTaskInit()::$_0&rang;, void(const HAL::CAN::Frame&)&rang;::~__func__deallocating()</a> from motortask.o(.text._ZNSt3__110__function6__funcIZ13MotorTaskInitvE3$_0NS_9allocatorIS2_EEFvRKN3HAL3CAN5FrameEEED0Ev) referenced from motortask.o(.rodata._ZTVNSt3__110__function6__funcIZ13MotorTaskInitvE3$_0NS_9allocatorIS2_EEFvRKN3HAL3CAN5FrameEEEE)
 <LI><a href="#[a6]">std::__1::__function::__func&lang;MotorTaskInit()::$_0, std::__1::allocator&lang;MotorTaskInit()::$_0&rang;, void(const HAL::CAN::Frame&)&rang;::~__func__sub_object()</a> from motortask.o(.text._ZNSt3__110__function6__funcIZ13MotorTaskInitvE3$_0NS_9allocatorIS2_EEFvRKN3HAL3CAN5FrameEEED2Ev) referenced from motortask.o(.rodata._ZTVNSt3__110__function6__funcIZ13MotorTaskInitvE3$_0NS_9allocatorIS2_EEFvRKN3HAL3CAN5FrameEEEE)
 <LI><a href="#[ac]">std::__1::__function::__func&lang;MotorTaskInit()::$_0, std::__1::allocator&lang;MotorTaskInit()::$_0&rang;, void(const HAL::CAN::Frame&)&rang;::operator ()(const HAL::CAN::Frame&)</a> from motortask.o(.text._ZNSt3__110__function6__funcIZ13MotorTaskInitvE3$_0NS_9allocatorIS2_EEFvRKN3HAL3CAN5FrameEEEclES9_) referenced from motortask.o(.rodata._ZTVNSt3__110__function6__funcIZ13MotorTaskInitvE3$_0NS_9allocatorIS2_EEFvRKN3HAL3CAN5FrameEEEE)
 <LI><a href="#[74]">__cxa_pure_virtual</a> from cxa_virtual.cpp.o(.text.__cxa_pure_virtual) referenced from motortask.o(.rodata._ZTVN3BSP5Motor9MotorBaseILh1EEE)
 <LI><a href="#[74]">__cxa_pure_virtual</a> from cxa_virtual.cpp.o(.text.__cxa_pure_virtual) referenced 7 times from can_device_impl.o(.rodata._ZTVN3HAL3CAN10ICanDeviceE)
 <LI><a href="#[74]">__cxa_pure_virtual</a> from cxa_virtual.cpp.o(.text.__cxa_pure_virtual) referenced 2 times from can_bus_impl.o(.rodata._ZTVN3HAL3CAN7ICanBusE)
 <LI><a href="#[74]">__cxa_pure_virtual</a> from cxa_virtual.cpp.o(.text.__cxa_pure_virtual) referenced 13 times from uart_device_impl.o(.rodata._ZTVN3HAL4UART11IUartDeviceE)
 <LI><a href="#[74]">__cxa_pure_virtual</a> from cxa_virtual.cpp.o(.text.__cxa_pure_virtual) referenced 2 times from uart_bus_impl.o(.rodata._ZTVN3HAL4UART8IUartBusE)
 <LI><a href="#[74]">__cxa_pure_virtual</a> from cxa_virtual.cpp.o(.text.__cxa_pure_virtual) referenced 5 times from motortask.o(.rodata._ZTVNSt3__110__function6__baseIFvRKN3HAL3CAN5FrameEEEE)
 <LI><a href="#[74]">__cxa_pure_virtual</a> from cxa_virtual.cpp.o(.text.__cxa_pure_virtual) referenced 5 times from serivaltask.o(.rodata._ZTVNSt3__110__function6__baseIFvRKN3HAL4UART4DataEEEE)
 <LI><a href="#[63]">__main</a> from __main.o(!!!main) referenced from startup_stm32f427xx.o(.text)
 <LI><a href="#[6d]">prvIdleTask</a> from tasks.o(.text.prvIdleTask) referenced 2 times from tasks.o(.text.vTaskStartScheduler)
 <LI><a href="#[6c]">prvTaskExitError</a> from port.o(.text.prvTaskExitError) referenced 2 times from port.o(.text.pxPortInitialiseStack)
</UL>
<P>
<H3>
Global Symbols
</H3>
<P><STRONG><a name="[63]"></a>__main</STRONG> (Thumb, 8 bytes, Stack size 0 bytes, __main.o(!!!main))
<BR><BR>[Calls]<UL><LI><a href="#[b2]">&gt;&gt;</a>&nbsp;&nbsp;&nbsp;__rt_entry
<LI><a href="#[b1]">&gt;&gt;</a>&nbsp;&nbsp;&nbsp;__scatterload
</UL>
<BR>[Address Reference Count : 1]<UL><LI> startup_stm32f427xx.o(.text)
</UL>
<P><STRONG><a name="[b1]"></a>__scatterload</STRONG> (Thumb, 0 bytes, Stack size unknown bytes, __scatter.o(!!!scatter))
<BR><BR>[Called By]<UL><LI><a href="#[63]">&gt;&gt;</a>&nbsp;&nbsp;&nbsp;__main
</UL>

<P><STRONG><a name="[b3]"></a>__scatterload_rt2</STRONG> (Thumb, 44 bytes, Stack size unknown bytes, __scatter.o(!!!scatter), UNUSED)
<BR><BR>[Calls]<UL><LI><a href="#[b2]">&gt;&gt;</a>&nbsp;&nbsp;&nbsp;__rt_entry
</UL>

<P><STRONG><a name="[218]"></a>__scatterload_rt2_thumb_only</STRONG> (Thumb, 0 bytes, Stack size unknown bytes, __scatter.o(!!!scatter), UNUSED)

<P><STRONG><a name="[219]"></a>__scatterload_null</STRONG> (Thumb, 0 bytes, Stack size unknown bytes, __scatter.o(!!!scatter), UNUSED)

<P><STRONG><a name="[b4]"></a>__scatterload_copy</STRONG> (Thumb, 26 bytes, Stack size unknown bytes, __scatter_copy.o(!!handler_copy), UNUSED)
<BR><BR>[Calls]<UL><LI><a href="#[b4]">&gt;&gt;</a>&nbsp;&nbsp;&nbsp;__scatterload_copy
</UL>
<BR>[Called By]<UL><LI><a href="#[b4]">&gt;&gt;</a>&nbsp;&nbsp;&nbsp;__scatterload_copy
</UL>

<P><STRONG><a name="[21a]"></a>__scatterload_zeroinit</STRONG> (Thumb, 28 bytes, Stack size unknown bytes, __scatter_zi.o(!!handler_zi), UNUSED)

<P><STRONG><a name="[c1]"></a>__rt_lib_init</STRONG> (Thumb, 0 bytes, Stack size unknown bytes, libinit.o(.ARM.Collect$$libinit$$00000000))
<BR><BR>[Called By]<UL><LI><a href="#[c0]">&gt;&gt;</a>&nbsp;&nbsp;&nbsp;__rt_entry_li
</UL>

<P><STRONG><a name="[b5]"></a>__rt_lib_init_fp_1</STRONG> (Thumb, 0 bytes, Stack size unknown bytes, libinit2.o(.ARM.Collect$$libinit$$00000001))
<BR><BR>[Calls]<UL><LI><a href="#[b6]">&gt;&gt;</a>&nbsp;&nbsp;&nbsp;_fp_init
</UL>

<P><STRONG><a name="[b7]"></a>__rt_lib_init_heap_2</STRONG> (Thumb, 0 bytes, Stack size unknown bytes, libinit2.o(.ARM.Collect$$libinit$$00000005))
<BR><BR>[Stack]<UL><LI>Max Depth = 64 + Unknown Stack Size
<LI>Call Chain = __rt_lib_init_heap_2 &rArr; _init_alloc &rArr; __rt_SIGRTMEM &rArr; __rt_SIGRTMEM_inner &rArr; __default_signal_display &rArr; _ttywrch
</UL>
<BR>[Calls]<UL><LI><a href="#[b8]">&gt;&gt;</a>&nbsp;&nbsp;&nbsp;_init_alloc
</UL>

<P><STRONG><a name="[21b]"></a>__rt_lib_init_preinit_1</STRONG> (Thumb, 0 bytes, Stack size unknown bytes, libinit2.o(.ARM.Collect$$libinit$$00000004))

<P><STRONG><a name="[b9]"></a>__rt_lib_init_argv_1</STRONG> (Thumb, 0 bytes, Stack size unknown bytes, libinit2.o(.ARM.Collect$$libinit$$00000026))
<BR><BR>[Stack]<UL><LI>Max Depth = 96 + Unknown Stack Size
<LI>Call Chain = __rt_lib_init_argv_1 &rArr; __ARM_argv_veneer &rArr; __ARM_get_argv &rArr; malloc &rArr; __Heap_Full &rArr; __Heap_ProvideMemory &rArr; free
</UL>
<BR>[Calls]<UL><LI><a href="#[ba]">&gt;&gt;</a>&nbsp;&nbsp;&nbsp;__ARM_argv_veneer
</UL>

<P><STRONG><a name="[21c]"></a>__rt_lib_init_atexit_1</STRONG> (Thumb, 0 bytes, Stack size unknown bytes, libinit2.o(.ARM.Collect$$libinit$$0000001B))

<P><STRONG><a name="[21d]"></a>__rt_lib_init_clock_1</STRONG> (Thumb, 0 bytes, Stack size unknown bytes, libinit2.o(.ARM.Collect$$libinit$$00000021))

<P><STRONG><a name="[21e]"></a>__rt_lib_init_fp_trap_1</STRONG> (Thumb, 0 bytes, Stack size unknown bytes, libinit2.o(.ARM.Collect$$libinit$$0000001F))

<P><STRONG><a name="[21f]"></a>__rt_lib_init_getenv_1</STRONG> (Thumb, 0 bytes, Stack size unknown bytes, libinit2.o(.ARM.Collect$$libinit$$00000023))

<P><STRONG><a name="[220]"></a>__rt_lib_init_heap_1</STRONG> (Thumb, 0 bytes, Stack size unknown bytes, libinit2.o(.ARM.Collect$$libinit$$0000000A))

<P><STRONG><a name="[221]"></a>__rt_lib_init_lc_collate_1</STRONG> (Thumb, 0 bytes, Stack size unknown bytes, libinit2.o(.ARM.Collect$$libinit$$00000011))

<P><STRONG><a name="[222]"></a>__rt_lib_init_lc_ctype_1</STRONG> (Thumb, 0 bytes, Stack size unknown bytes, libinit2.o(.ARM.Collect$$libinit$$00000013))

<P><STRONG><a name="[223]"></a>__rt_lib_init_lc_monetary_1</STRONG> (Thumb, 0 bytes, Stack size unknown bytes, libinit2.o(.ARM.Collect$$libinit$$00000015))

<P><STRONG><a name="[224]"></a>__rt_lib_init_lc_numeric_1</STRONG> (Thumb, 0 bytes, Stack size unknown bytes, libinit2.o(.ARM.Collect$$libinit$$00000017))

<P><STRONG><a name="[225]"></a>__rt_lib_init_lc_time_1</STRONG> (Thumb, 0 bytes, Stack size unknown bytes, libinit2.o(.ARM.Collect$$libinit$$00000019))

<P><STRONG><a name="[226]"></a>__rt_lib_init_rand_1</STRONG> (Thumb, 0 bytes, Stack size unknown bytes, libinit2.o(.ARM.Collect$$libinit$$0000000E))

<P><STRONG><a name="[227]"></a>__rt_lib_init_signal_1</STRONG> (Thumb, 0 bytes, Stack size unknown bytes, libinit2.o(.ARM.Collect$$libinit$$0000001D))

<P><STRONG><a name="[228]"></a>__rt_lib_init_stdio_1</STRONG> (Thumb, 0 bytes, Stack size unknown bytes, libinit2.o(.ARM.Collect$$libinit$$00000025))

<P><STRONG><a name="[229]"></a>__rt_lib_init_user_alloc_1</STRONG> (Thumb, 0 bytes, Stack size unknown bytes, libinit2.o(.ARM.Collect$$libinit$$0000000C))

<P><STRONG><a name="[22a]"></a>__rt_lib_init_alloca_1</STRONG> (Thumb, 0 bytes, Stack size unknown bytes, libinit2.o(.ARM.Collect$$libinit$$0000002E))

<P><STRONG><a name="[bb]"></a>__rt_lib_init_cpp_2</STRONG> (Thumb, 0 bytes, Stack size unknown bytes, libinit2.o(.ARM.Collect$$libinit$$00000031))
<BR><BR>[Stack]<UL><LI>Max Depth = 16 + Unknown Stack Size
<LI>Call Chain = __rt_lib_init_cpp_2 &rArr; __cpp_initialize__aeabi_
</UL>
<BR>[Calls]<UL><LI><a href="#[b0]">&gt;&gt;</a>&nbsp;&nbsp;&nbsp;__cpp_initialize__aeabi_
</UL>

<P><STRONG><a name="[22b]"></a>__rt_lib_init_exceptions_1</STRONG> (Thumb, 0 bytes, Stack size unknown bytes, libinit2.o(.ARM.Collect$$libinit$$00000030))

<P><STRONG><a name="[22c]"></a>__rt_lib_init_cpp_1</STRONG> (Thumb, 0 bytes, Stack size unknown bytes, libinit2.o(.ARM.Collect$$libinit$$00000032))

<P><STRONG><a name="[22d]"></a>__rt_lib_init_return</STRONG> (Thumb, 0 bytes, Stack size unknown bytes, libinit2.o(.ARM.Collect$$libinit$$00000033))

<P><STRONG><a name="[c6]"></a>__rt_lib_shutdown</STRONG> (Thumb, 0 bytes, Stack size unknown bytes, libshutdown.o(.ARM.Collect$$libshutdown$$00000000))
<BR><BR>[Called By]<UL><LI><a href="#[ca]">&gt;&gt;</a>&nbsp;&nbsp;&nbsp;abort
<LI><a href="#[c5]">&gt;&gt;</a>&nbsp;&nbsp;&nbsp;__rt_exit_ls
</UL>

<P><STRONG><a name="[bc]"></a>__rt_lib_shutdown_cpp_2</STRONG> (Thumb, 0 bytes, Stack size unknown bytes, libshutdown2.o(.ARM.Collect$$libshutdown$$00000001))
<BR><BR>[Stack]<UL><LI>Max Depth = 40 + Unknown Stack Size
<LI>Call Chain = __rt_lib_shutdown_cpp_2 &rArr; __cxa_finalize &rArr; free
</UL>
<BR>[Calls]<UL><LI><a href="#[bd]">&gt;&gt;</a>&nbsp;&nbsp;&nbsp;__cxa_finalize
</UL>

<P><STRONG><a name="[22e]"></a>__rt_lib_shutdown_cpp_1</STRONG> (Thumb, 0 bytes, Stack size unknown bytes, libshutdown2.o(.ARM.Collect$$libshutdown$$00000002))

<P><STRONG><a name="[22f]"></a>__rt_lib_shutdown_fp_trap_1</STRONG> (Thumb, 0 bytes, Stack size unknown bytes, libshutdown2.o(.ARM.Collect$$libshutdown$$00000007))

<P><STRONG><a name="[230]"></a>__rt_lib_shutdown_heap_1</STRONG> (Thumb, 0 bytes, Stack size unknown bytes, libshutdown2.o(.ARM.Collect$$libshutdown$$0000000F))

<P><STRONG><a name="[231]"></a>__rt_lib_shutdown_return</STRONG> (Thumb, 0 bytes, Stack size unknown bytes, libshutdown2.o(.ARM.Collect$$libshutdown$$00000010))

<P><STRONG><a name="[232]"></a>__rt_lib_shutdown_signal_1</STRONG> (Thumb, 0 bytes, Stack size unknown bytes, libshutdown2.o(.ARM.Collect$$libshutdown$$0000000A))

<P><STRONG><a name="[233]"></a>__rt_lib_shutdown_stdio_1</STRONG> (Thumb, 0 bytes, Stack size unknown bytes, libshutdown2.o(.ARM.Collect$$libshutdown$$00000004))

<P><STRONG><a name="[234]"></a>__rt_lib_shutdown_user_alloc_1</STRONG> (Thumb, 0 bytes, Stack size unknown bytes, libshutdown2.o(.ARM.Collect$$libshutdown$$0000000C))

<P><STRONG><a name="[b2]"></a>__rt_entry</STRONG> (Thumb, 0 bytes, Stack size unknown bytes, __rtentry.o(.ARM.Collect$$rtentry$$00000000))
<BR><BR>[Called By]<UL><LI><a href="#[63]">&gt;&gt;</a>&nbsp;&nbsp;&nbsp;__main
<LI><a href="#[b3]">&gt;&gt;</a>&nbsp;&nbsp;&nbsp;__scatterload_rt2
</UL>

<P><STRONG><a name="[235]"></a>__rt_entry_presh_1</STRONG> (Thumb, 0 bytes, Stack size unknown bytes, __rtentry2.o(.ARM.Collect$$rtentry$$00000002))

<P><STRONG><a name="[be]"></a>__rt_entry_sh</STRONG> (Thumb, 0 bytes, Stack size unknown bytes, __rtentry4.o(.ARM.Collect$$rtentry$$00000004))
<BR><BR>[Stack]<UL><LI>Max Depth = 8 + Unknown Stack Size
<LI>Call Chain = __rt_entry_sh &rArr; __user_setup_stackheap
</UL>
<BR>[Calls]<UL><LI><a href="#[bf]">&gt;&gt;</a>&nbsp;&nbsp;&nbsp;__user_setup_stackheap
</UL>

<P><STRONG><a name="[c0]"></a>__rt_entry_li</STRONG> (Thumb, 0 bytes, Stack size unknown bytes, __rtentry2.o(.ARM.Collect$$rtentry$$0000000A))
<BR><BR>[Calls]<UL><LI><a href="#[c1]">&gt;&gt;</a>&nbsp;&nbsp;&nbsp;__rt_lib_init
</UL>

<P><STRONG><a name="[236]"></a>__rt_entry_postsh_1</STRONG> (Thumb, 0 bytes, Stack size unknown bytes, __rtentry2.o(.ARM.Collect$$rtentry$$00000009))

<P><STRONG><a name="[c2]"></a>__rt_entry_main</STRONG> (Thumb, 0 bytes, Stack size unknown bytes, __rtentry2.o(.ARM.Collect$$rtentry$$0000000D))
<BR><BR>[Stack]<UL><LI>Max Depth = 420 + Unknown Stack Size
<LI>Call Chain = __rt_entry_main &rArr; main &rArr; MX_FREERTOS_Init &rArr; osThreadCreate &rArr; xTaskCreate &rArr; pvPortMalloc &rArr; xTaskResumeAll &rArr; xTaskIncrementTick &rArr; vListInsertEnd
</UL>
<BR>[Calls]<UL><LI><a href="#[c3]">&gt;&gt;</a>&nbsp;&nbsp;&nbsp;main
<LI><a href="#[c4]">&gt;&gt;</a>&nbsp;&nbsp;&nbsp;exit
</UL>

<P><STRONG><a name="[237]"></a>__rt_entry_postli_1</STRONG> (Thumb, 0 bytes, Stack size unknown bytes, __rtentry2.o(.ARM.Collect$$rtentry$$0000000C))

<P><STRONG><a name="[de]"></a>__rt_exit</STRONG> (Thumb, 0 bytes, Stack size unknown bytes, rtexit.o(.ARM.Collect$$rtexit$$00000000))
<BR><BR>[Called By]<UL><LI><a href="#[c4]">&gt;&gt;</a>&nbsp;&nbsp;&nbsp;exit
</UL>

<P><STRONG><a name="[c5]"></a>__rt_exit_ls</STRONG> (Thumb, 0 bytes, Stack size unknown bytes, rtexit2.o(.ARM.Collect$$rtexit$$00000003))
<BR><BR>[Calls]<UL><LI><a href="#[c6]">&gt;&gt;</a>&nbsp;&nbsp;&nbsp;__rt_lib_shutdown
</UL>

<P><STRONG><a name="[238]"></a>__rt_exit_prels_1</STRONG> (Thumb, 0 bytes, Stack size unknown bytes, rtexit2.o(.ARM.Collect$$rtexit$$00000002))

<P><STRONG><a name="[c7]"></a>__rt_exit_exit</STRONG> (Thumb, 0 bytes, Stack size unknown bytes, rtexit2.o(.ARM.Collect$$rtexit$$00000004))
<BR><BR>[Calls]<UL><LI><a href="#[c8]">&gt;&gt;</a>&nbsp;&nbsp;&nbsp;_sys_exit
</UL>

<P><STRONG><a name="[ba]"></a>__ARM_argv_veneer</STRONG> (Thumb, 4 bytes, Stack size 0 bytes, argv_veneer.o(.emb_text))
<BR><BR>[Stack]<UL><LI>Max Depth = 96<LI>Call Chain = __ARM_argv_veneer &rArr; __ARM_get_argv &rArr; malloc &rArr; __Heap_Full &rArr; __Heap_ProvideMemory &rArr; free
</UL>
<BR>[Calls]<UL><LI><a href="#[c9]">&gt;&gt;</a>&nbsp;&nbsp;&nbsp;__ARM_get_argv
</UL>
<BR>[Called By]<UL><LI><a href="#[b9]">&gt;&gt;</a>&nbsp;&nbsp;&nbsp;__rt_lib_init_argv_1
</UL>

<P><STRONG><a name="[0]"></a>Reset_Handler</STRONG> (Thumb, 8 bytes, Stack size 0 bytes, startup_stm32f427xx.o(.text))
<BR>[Address Reference Count : 1]<UL><LI> startup_stm32f427xx.o(RESET)
</UL>
<P><STRONG><a name="[1c]"></a>ADC_IRQHandler</STRONG> (Thumb, 0 bytes, Stack size 0 bytes, startup_stm32f427xx.o(.text))
<BR><BR>[Calls]<UL><LI><a href="#[1c]">&gt;&gt;</a>&nbsp;&nbsp;&nbsp;ADC_IRQHandler
</UL>
<BR>[Called By]<UL><LI><a href="#[1c]">&gt;&gt;</a>&nbsp;&nbsp;&nbsp;ADC_IRQHandler
</UL>
<BR>[Address Reference Count : 1]<UL><LI> startup_stm32f427xx.o(RESET)
</UL>
<P><STRONG><a name="[20]"></a>CAN1_SCE_IRQHandler</STRONG> (Thumb, 0 bytes, Stack size 0 bytes, startup_stm32f427xx.o(.text))
<BR>[Address Reference Count : 1]<UL><LI> startup_stm32f427xx.o(RESET)
</UL>
<P><STRONG><a name="[1d]"></a>CAN1_TX_IRQHandler</STRONG> (Thumb, 0 bytes, Stack size 0 bytes, startup_stm32f427xx.o(.text))
<BR>[Address Reference Count : 1]<UL><LI> startup_stm32f427xx.o(RESET)
</UL>
<P><STRONG><a name="[4c]"></a>CAN2_SCE_IRQHandler</STRONG> (Thumb, 0 bytes, Stack size 0 bytes, startup_stm32f427xx.o(.text))
<BR>[Address Reference Count : 1]<UL><LI> startup_stm32f427xx.o(RESET)
</UL>
<P><STRONG><a name="[49]"></a>CAN2_TX_IRQHandler</STRONG> (Thumb, 0 bytes, Stack size 0 bytes, startup_stm32f427xx.o(.text))
<BR>[Address Reference Count : 1]<UL><LI> startup_stm32f427xx.o(RESET)
</UL>
<P><STRONG><a name="[58]"></a>DCMI_IRQHandler</STRONG> (Thumb, 0 bytes, Stack size 0 bytes, startup_stm32f427xx.o(.text))
<BR>[Address Reference Count : 1]<UL><LI> startup_stm32f427xx.o(RESET)
</UL>
<P><STRONG><a name="[15]"></a>DMA1_Stream0_IRQHandler</STRONG> (Thumb, 0 bytes, Stack size 0 bytes, startup_stm32f427xx.o(.text))
<BR>[Address Reference Count : 1]<UL><LI> startup_stm32f427xx.o(RESET)
</UL>
<P><STRONG><a name="[16]"></a>DMA1_Stream1_IRQHandler</STRONG> (Thumb, 0 bytes, Stack size 0 bytes, startup_stm32f427xx.o(.text))
<BR>[Address Reference Count : 1]<UL><LI> startup_stm32f427xx.o(RESET)
</UL>
<P><STRONG><a name="[17]"></a>DMA1_Stream2_IRQHandler</STRONG> (Thumb, 0 bytes, Stack size 0 bytes, startup_stm32f427xx.o(.text))
<BR>[Address Reference Count : 1]<UL><LI> startup_stm32f427xx.o(RESET)
</UL>
<P><STRONG><a name="[18]"></a>DMA1_Stream3_IRQHandler</STRONG> (Thumb, 0 bytes, Stack size 0 bytes, startup_stm32f427xx.o(.text))
<BR>[Address Reference Count : 1]<UL><LI> startup_stm32f427xx.o(RESET)
</UL>
<P><STRONG><a name="[19]"></a>DMA1_Stream4_IRQHandler</STRONG> (Thumb, 0 bytes, Stack size 0 bytes, startup_stm32f427xx.o(.text))
<BR>[Address Reference Count : 1]<UL><LI> startup_stm32f427xx.o(RESET)
</UL>
<P><STRONG><a name="[1a]"></a>DMA1_Stream5_IRQHandler</STRONG> (Thumb, 0 bytes, Stack size 0 bytes, startup_stm32f427xx.o(.text))
<BR>[Address Reference Count : 1]<UL><LI> startup_stm32f427xx.o(RESET)
</UL>
<P><STRONG><a name="[1b]"></a>DMA1_Stream6_IRQHandler</STRONG> (Thumb, 0 bytes, Stack size 0 bytes, startup_stm32f427xx.o(.text))
<BR>[Address Reference Count : 1]<UL><LI> startup_stm32f427xx.o(RESET)
</UL>
<P><STRONG><a name="[39]"></a>DMA1_Stream7_IRQHandler</STRONG> (Thumb, 0 bytes, Stack size 0 bytes, startup_stm32f427xx.o(.text))
<BR>[Address Reference Count : 1]<UL><LI> startup_stm32f427xx.o(RESET)
</UL>
<P><STRONG><a name="[61]"></a>DMA2D_IRQHandler</STRONG> (Thumb, 0 bytes, Stack size 0 bytes, startup_stm32f427xx.o(.text))
<BR>[Address Reference Count : 1]<UL><LI> startup_stm32f427xx.o(RESET)
</UL>
<P><STRONG><a name="[42]"></a>DMA2_Stream0_IRQHandler</STRONG> (Thumb, 0 bytes, Stack size 0 bytes, startup_stm32f427xx.o(.text))
<BR>[Address Reference Count : 1]<UL><LI> startup_stm32f427xx.o(RESET)
</UL>
<P><STRONG><a name="[45]"></a>DMA2_Stream3_IRQHandler</STRONG> (Thumb, 0 bytes, Stack size 0 bytes, startup_stm32f427xx.o(.text))
<BR>[Address Reference Count : 1]<UL><LI> startup_stm32f427xx.o(RESET)
</UL>
<P><STRONG><a name="[46]"></a>DMA2_Stream4_IRQHandler</STRONG> (Thumb, 0 bytes, Stack size 0 bytes, startup_stm32f427xx.o(.text))
<BR>[Address Reference Count : 1]<UL><LI> startup_stm32f427xx.o(RESET)
</UL>
<P><STRONG><a name="[4e]"></a>DMA2_Stream5_IRQHandler</STRONG> (Thumb, 0 bytes, Stack size 0 bytes, startup_stm32f427xx.o(.text))
<BR>[Address Reference Count : 1]<UL><LI> startup_stm32f427xx.o(RESET)
</UL>
<P><STRONG><a name="[50]"></a>DMA2_Stream7_IRQHandler</STRONG> (Thumb, 0 bytes, Stack size 0 bytes, startup_stm32f427xx.o(.text))
<BR>[Address Reference Count : 1]<UL><LI> startup_stm32f427xx.o(RESET)
</UL>
<P><STRONG><a name="[47]"></a>ETH_IRQHandler</STRONG> (Thumb, 0 bytes, Stack size 0 bytes, startup_stm32f427xx.o(.text))
<BR>[Address Reference Count : 1]<UL><LI> startup_stm32f427xx.o(RESET)
</UL>
<P><STRONG><a name="[48]"></a>ETH_WKUP_IRQHandler</STRONG> (Thumb, 0 bytes, Stack size 0 bytes, startup_stm32f427xx.o(.text))
<BR>[Address Reference Count : 1]<UL><LI> startup_stm32f427xx.o(RESET)
</UL>
<P><STRONG><a name="[10]"></a>EXTI0_IRQHandler</STRONG> (Thumb, 0 bytes, Stack size 0 bytes, startup_stm32f427xx.o(.text))
<BR>[Address Reference Count : 1]<UL><LI> startup_stm32f427xx.o(RESET)
</UL>
<P><STRONG><a name="[32]"></a>EXTI15_10_IRQHandler</STRONG> (Thumb, 0 bytes, Stack size 0 bytes, startup_stm32f427xx.o(.text))
<BR>[Address Reference Count : 1]<UL><LI> startup_stm32f427xx.o(RESET)
</UL>
<P><STRONG><a name="[11]"></a>EXTI1_IRQHandler</STRONG> (Thumb, 0 bytes, Stack size 0 bytes, startup_stm32f427xx.o(.text))
<BR>[Address Reference Count : 1]<UL><LI> startup_stm32f427xx.o(RESET)
</UL>
<P><STRONG><a name="[12]"></a>EXTI2_IRQHandler</STRONG> (Thumb, 0 bytes, Stack size 0 bytes, startup_stm32f427xx.o(.text))
<BR>[Address Reference Count : 1]<UL><LI> startup_stm32f427xx.o(RESET)
</UL>
<P><STRONG><a name="[13]"></a>EXTI3_IRQHandler</STRONG> (Thumb, 0 bytes, Stack size 0 bytes, startup_stm32f427xx.o(.text))
<BR>[Address Reference Count : 1]<UL><LI> startup_stm32f427xx.o(RESET)
</UL>
<P><STRONG><a name="[14]"></a>EXTI4_IRQHandler</STRONG> (Thumb, 0 bytes, Stack size 0 bytes, startup_stm32f427xx.o(.text))
<BR>[Address Reference Count : 1]<UL><LI> startup_stm32f427xx.o(RESET)
</UL>
<P><STRONG><a name="[21]"></a>EXTI9_5_IRQHandler</STRONG> (Thumb, 0 bytes, Stack size 0 bytes, startup_stm32f427xx.o(.text))
<BR>[Address Reference Count : 1]<UL><LI> startup_stm32f427xx.o(RESET)
</UL>
<P><STRONG><a name="[e]"></a>FLASH_IRQHandler</STRONG> (Thumb, 0 bytes, Stack size 0 bytes, startup_stm32f427xx.o(.text))
<BR>[Address Reference Count : 1]<UL><LI> startup_stm32f427xx.o(RESET)
</UL>
<P><STRONG><a name="[3a]"></a>FMC_IRQHandler</STRONG> (Thumb, 0 bytes, Stack size 0 bytes, startup_stm32f427xx.o(.text))
<BR>[Address Reference Count : 1]<UL><LI> startup_stm32f427xx.o(RESET)
</UL>
<P><STRONG><a name="[5a]"></a>FPU_IRQHandler</STRONG> (Thumb, 0 bytes, Stack size 0 bytes, startup_stm32f427xx.o(.text))
<BR>[Address Reference Count : 1]<UL><LI> startup_stm32f427xx.o(RESET)
</UL>
<P><STRONG><a name="[59]"></a>HASH_RNG_IRQHandler</STRONG> (Thumb, 0 bytes, Stack size 0 bytes, startup_stm32f427xx.o(.text))
<BR>[Address Reference Count : 1]<UL><LI> startup_stm32f427xx.o(RESET)
</UL>
<P><STRONG><a name="[2a]"></a>I2C1_ER_IRQHandler</STRONG> (Thumb, 0 bytes, Stack size 0 bytes, startup_stm32f427xx.o(.text))
<BR>[Address Reference Count : 1]<UL><LI> startup_stm32f427xx.o(RESET)
</UL>
<P><STRONG><a name="[29]"></a>I2C1_EV_IRQHandler</STRONG> (Thumb, 0 bytes, Stack size 0 bytes, startup_stm32f427xx.o(.text))
<BR>[Address Reference Count : 1]<UL><LI> startup_stm32f427xx.o(RESET)
</UL>
<P><STRONG><a name="[2c]"></a>I2C2_ER_IRQHandler</STRONG> (Thumb, 0 bytes, Stack size 0 bytes, startup_stm32f427xx.o(.text))
<BR>[Address Reference Count : 1]<UL><LI> startup_stm32f427xx.o(RESET)
</UL>
<P><STRONG><a name="[2b]"></a>I2C2_EV_IRQHandler</STRONG> (Thumb, 0 bytes, Stack size 0 bytes, startup_stm32f427xx.o(.text))
<BR>[Address Reference Count : 1]<UL><LI> startup_stm32f427xx.o(RESET)
</UL>
<P><STRONG><a name="[53]"></a>I2C3_ER_IRQHandler</STRONG> (Thumb, 0 bytes, Stack size 0 bytes, startup_stm32f427xx.o(.text))
<BR>[Address Reference Count : 1]<UL><LI> startup_stm32f427xx.o(RESET)
</UL>
<P><STRONG><a name="[52]"></a>I2C3_EV_IRQHandler</STRONG> (Thumb, 0 bytes, Stack size 0 bytes, startup_stm32f427xx.o(.text))
<BR>[Address Reference Count : 1]<UL><LI> startup_stm32f427xx.o(RESET)
</UL>
<P><STRONG><a name="[4d]"></a>OTG_FS_IRQHandler</STRONG> (Thumb, 0 bytes, Stack size 0 bytes, startup_stm32f427xx.o(.text))
<BR>[Address Reference Count : 1]<UL><LI> startup_stm32f427xx.o(RESET)
</UL>
<P><STRONG><a name="[34]"></a>OTG_FS_WKUP_IRQHandler</STRONG> (Thumb, 0 bytes, Stack size 0 bytes, startup_stm32f427xx.o(.text))
<BR>[Address Reference Count : 1]<UL><LI> startup_stm32f427xx.o(RESET)
</UL>
<P><STRONG><a name="[55]"></a>OTG_HS_EP1_IN_IRQHandler</STRONG> (Thumb, 0 bytes, Stack size 0 bytes, startup_stm32f427xx.o(.text))
<BR>[Address Reference Count : 1]<UL><LI> startup_stm32f427xx.o(RESET)
</UL>
<P><STRONG><a name="[54]"></a>OTG_HS_EP1_OUT_IRQHandler</STRONG> (Thumb, 0 bytes, Stack size 0 bytes, startup_stm32f427xx.o(.text))
<BR>[Address Reference Count : 1]<UL><LI> startup_stm32f427xx.o(RESET)
</UL>
<P><STRONG><a name="[57]"></a>OTG_HS_IRQHandler</STRONG> (Thumb, 0 bytes, Stack size 0 bytes, startup_stm32f427xx.o(.text))
<BR>[Address Reference Count : 1]<UL><LI> startup_stm32f427xx.o(RESET)
</UL>
<P><STRONG><a name="[56]"></a>OTG_HS_WKUP_IRQHandler</STRONG> (Thumb, 0 bytes, Stack size 0 bytes, startup_stm32f427xx.o(.text))
<BR>[Address Reference Count : 1]<UL><LI> startup_stm32f427xx.o(RESET)
</UL>
<P><STRONG><a name="[b]"></a>PVD_IRQHandler</STRONG> (Thumb, 0 bytes, Stack size 0 bytes, startup_stm32f427xx.o(.text))
<BR>[Address Reference Count : 1]<UL><LI> startup_stm32f427xx.o(RESET)
</UL>
<P><STRONG><a name="[f]"></a>RCC_IRQHandler</STRONG> (Thumb, 0 bytes, Stack size 0 bytes, startup_stm32f427xx.o(.text))
<BR>[Address Reference Count : 1]<UL><LI> startup_stm32f427xx.o(RESET)
</UL>
<P><STRONG><a name="[33]"></a>RTC_Alarm_IRQHandler</STRONG> (Thumb, 0 bytes, Stack size 0 bytes, startup_stm32f427xx.o(.text))
<BR>[Address Reference Count : 1]<UL><LI> startup_stm32f427xx.o(RESET)
</UL>
<P><STRONG><a name="[d]"></a>RTC_WKUP_IRQHandler</STRONG> (Thumb, 0 bytes, Stack size 0 bytes, startup_stm32f427xx.o(.text))
<BR>[Address Reference Count : 1]<UL><LI> startup_stm32f427xx.o(RESET)
</UL>
<P><STRONG><a name="[60]"></a>SAI1_IRQHandler</STRONG> (Thumb, 0 bytes, Stack size 0 bytes, startup_stm32f427xx.o(.text))
<BR>[Address Reference Count : 1]<UL><LI> startup_stm32f427xx.o(RESET)
</UL>
<P><STRONG><a name="[3b]"></a>SDIO_IRQHandler</STRONG> (Thumb, 0 bytes, Stack size 0 bytes, startup_stm32f427xx.o(.text))
<BR>[Address Reference Count : 1]<UL><LI> startup_stm32f427xx.o(RESET)
</UL>
<P><STRONG><a name="[2d]"></a>SPI1_IRQHandler</STRONG> (Thumb, 0 bytes, Stack size 0 bytes, startup_stm32f427xx.o(.text))
<BR>[Address Reference Count : 1]<UL><LI> startup_stm32f427xx.o(RESET)
</UL>
<P><STRONG><a name="[2e]"></a>SPI2_IRQHandler</STRONG> (Thumb, 0 bytes, Stack size 0 bytes, startup_stm32f427xx.o(.text))
<BR>[Address Reference Count : 1]<UL><LI> startup_stm32f427xx.o(RESET)
</UL>
<P><STRONG><a name="[3d]"></a>SPI3_IRQHandler</STRONG> (Thumb, 0 bytes, Stack size 0 bytes, startup_stm32f427xx.o(.text))
<BR>[Address Reference Count : 1]<UL><LI> startup_stm32f427xx.o(RESET)
</UL>
<P><STRONG><a name="[5d]"></a>SPI4_IRQHandler</STRONG> (Thumb, 0 bytes, Stack size 0 bytes, startup_stm32f427xx.o(.text))
<BR>[Address Reference Count : 1]<UL><LI> startup_stm32f427xx.o(RESET)
</UL>
<P><STRONG><a name="[5e]"></a>SPI5_IRQHandler</STRONG> (Thumb, 0 bytes, Stack size 0 bytes, startup_stm32f427xx.o(.text))
<BR>[Address Reference Count : 1]<UL><LI> startup_stm32f427xx.o(RESET)
</UL>
<P><STRONG><a name="[5f]"></a>SPI6_IRQHandler</STRONG> (Thumb, 0 bytes, Stack size 0 bytes, startup_stm32f427xx.o(.text))
<BR>[Address Reference Count : 1]<UL><LI> startup_stm32f427xx.o(RESET)
</UL>
<P><STRONG><a name="[c]"></a>TAMP_STAMP_IRQHandler</STRONG> (Thumb, 0 bytes, Stack size 0 bytes, startup_stm32f427xx.o(.text))
<BR>[Address Reference Count : 1]<UL><LI> startup_stm32f427xx.o(RESET)
</UL>
<P><STRONG><a name="[22]"></a>TIM1_BRK_TIM9_IRQHandler</STRONG> (Thumb, 0 bytes, Stack size 0 bytes, startup_stm32f427xx.o(.text))
<BR>[Address Reference Count : 1]<UL><LI> startup_stm32f427xx.o(RESET)
</UL>
<P><STRONG><a name="[25]"></a>TIM1_CC_IRQHandler</STRONG> (Thumb, 0 bytes, Stack size 0 bytes, startup_stm32f427xx.o(.text))
<BR>[Address Reference Count : 1]<UL><LI> startup_stm32f427xx.o(RESET)
</UL>
<P><STRONG><a name="[24]"></a>TIM1_TRG_COM_TIM11_IRQHandler</STRONG> (Thumb, 0 bytes, Stack size 0 bytes, startup_stm32f427xx.o(.text))
<BR>[Address Reference Count : 1]<UL><LI> startup_stm32f427xx.o(RESET)
</UL>
<P><STRONG><a name="[26]"></a>TIM2_IRQHandler</STRONG> (Thumb, 0 bytes, Stack size 0 bytes, startup_stm32f427xx.o(.text))
<BR>[Address Reference Count : 1]<UL><LI> startup_stm32f427xx.o(RESET)
</UL>
<P><STRONG><a name="[27]"></a>TIM3_IRQHandler</STRONG> (Thumb, 0 bytes, Stack size 0 bytes, startup_stm32f427xx.o(.text))
<BR>[Address Reference Count : 1]<UL><LI> startup_stm32f427xx.o(RESET)
</UL>
<P><STRONG><a name="[28]"></a>TIM4_IRQHandler</STRONG> (Thumb, 0 bytes, Stack size 0 bytes, startup_stm32f427xx.o(.text))
<BR>[Address Reference Count : 1]<UL><LI> startup_stm32f427xx.o(RESET)
</UL>
<P><STRONG><a name="[3c]"></a>TIM5_IRQHandler</STRONG> (Thumb, 0 bytes, Stack size 0 bytes, startup_stm32f427xx.o(.text))
<BR>[Address Reference Count : 1]<UL><LI> startup_stm32f427xx.o(RESET)
</UL>
<P><STRONG><a name="[40]"></a>TIM6_DAC_IRQHandler</STRONG> (Thumb, 0 bytes, Stack size 0 bytes, startup_stm32f427xx.o(.text))
<BR>[Address Reference Count : 1]<UL><LI> startup_stm32f427xx.o(RESET)
</UL>
<P><STRONG><a name="[41]"></a>TIM7_IRQHandler</STRONG> (Thumb, 0 bytes, Stack size 0 bytes, startup_stm32f427xx.o(.text))
<BR>[Address Reference Count : 1]<UL><LI> startup_stm32f427xx.o(RESET)
</UL>
<P><STRONG><a name="[35]"></a>TIM8_BRK_TIM12_IRQHandler</STRONG> (Thumb, 0 bytes, Stack size 0 bytes, startup_stm32f427xx.o(.text))
<BR>[Address Reference Count : 1]<UL><LI> startup_stm32f427xx.o(RESET)
</UL>
<P><STRONG><a name="[38]"></a>TIM8_CC_IRQHandler</STRONG> (Thumb, 0 bytes, Stack size 0 bytes, startup_stm32f427xx.o(.text))
<BR>[Address Reference Count : 1]<UL><LI> startup_stm32f427xx.o(RESET)
</UL>
<P><STRONG><a name="[37]"></a>TIM8_TRG_COM_TIM14_IRQHandler</STRONG> (Thumb, 0 bytes, Stack size 0 bytes, startup_stm32f427xx.o(.text))
<BR>[Address Reference Count : 1]<UL><LI> startup_stm32f427xx.o(RESET)
</UL>
<P><STRONG><a name="[36]"></a>TIM8_UP_TIM13_IRQHandler</STRONG> (Thumb, 0 bytes, Stack size 0 bytes, startup_stm32f427xx.o(.text))
<BR>[Address Reference Count : 1]<UL><LI> startup_stm32f427xx.o(RESET)
</UL>
<P><STRONG><a name="[3e]"></a>UART4_IRQHandler</STRONG> (Thumb, 0 bytes, Stack size 0 bytes, startup_stm32f427xx.o(.text))
<BR>[Address Reference Count : 1]<UL><LI> startup_stm32f427xx.o(RESET)
</UL>
<P><STRONG><a name="[3f]"></a>UART5_IRQHandler</STRONG> (Thumb, 0 bytes, Stack size 0 bytes, startup_stm32f427xx.o(.text))
<BR>[Address Reference Count : 1]<UL><LI> startup_stm32f427xx.o(RESET)
</UL>
<P><STRONG><a name="[5b]"></a>UART7_IRQHandler</STRONG> (Thumb, 0 bytes, Stack size 0 bytes, startup_stm32f427xx.o(.text))
<BR>[Address Reference Count : 1]<UL><LI> startup_stm32f427xx.o(RESET)
</UL>
<P><STRONG><a name="[5c]"></a>UART8_IRQHandler</STRONG> (Thumb, 0 bytes, Stack size 0 bytes, startup_stm32f427xx.o(.text))
<BR>[Address Reference Count : 1]<UL><LI> startup_stm32f427xx.o(RESET)
</UL>
<P><STRONG><a name="[30]"></a>USART2_IRQHandler</STRONG> (Thumb, 0 bytes, Stack size 0 bytes, startup_stm32f427xx.o(.text))
<BR>[Address Reference Count : 1]<UL><LI> startup_stm32f427xx.o(RESET)
</UL>
<P><STRONG><a name="[31]"></a>USART3_IRQHandler</STRONG> (Thumb, 0 bytes, Stack size 0 bytes, startup_stm32f427xx.o(.text))
<BR>[Address Reference Count : 1]<UL><LI> startup_stm32f427xx.o(RESET)
</UL>
<P><STRONG><a name="[a]"></a>WWDG_IRQHandler</STRONG> (Thumb, 0 bytes, Stack size 0 bytes, startup_stm32f427xx.o(.text))
<BR>[Address Reference Count : 1]<UL><LI> startup_stm32f427xx.o(RESET)
</UL>
<P><STRONG><a name="[dd]"></a>__user_initial_stackheap</STRONG> (Thumb, 0 bytes, Stack size unknown bytes, startup_stm32f427xx.o(.text))
<BR><BR>[Called By]<UL><LI><a href="#[bf]">&gt;&gt;</a>&nbsp;&nbsp;&nbsp;__user_setup_stackheap
</UL>

<P><STRONG><a name="[118]"></a>__aeabi_uldivmod</STRONG> (Thumb, 0 bytes, Stack size 48 bytes, lludivv7m.o(.text))
<BR><BR>[Stack]<UL><LI>Max Depth = 48<LI>Call Chain = __aeabi_uldivmod
</UL>
<BR>[Called By]<UL><LI><a href="#[115]">&gt;&gt;</a>&nbsp;&nbsp;&nbsp;HAL_RCC_GetSysClockFreq
<LI><a href="#[13a]">&gt;&gt;</a>&nbsp;&nbsp;&nbsp;UART_SetConfig
</UL>

<P><STRONG><a name="[239]"></a>_ll_udiv</STRONG> (Thumb, 240 bytes, Stack size 48 bytes, lludivv7m.o(.text), UNUSED)

<P><STRONG><a name="[ca]"></a>abort</STRONG> (Thumb, 22 bytes, Stack size 8 bytes, abort.o(.text))
<BR><BR>[Stack]<UL><LI>Max Depth = 48 + Unknown Stack Size
<LI>Call Chain = abort &rArr; __rt_SIGABRT &rArr; __rt_SIGABRT_inner &rArr; __default_signal_display &rArr; _ttywrch
</UL>
<BR>[Calls]<UL><LI><a href="#[cb]">&gt;&gt;</a>&nbsp;&nbsp;&nbsp;__rt_SIGABRT
<LI><a href="#[c8]">&gt;&gt;</a>&nbsp;&nbsp;&nbsp;_sys_exit
<LI><a href="#[c6]">&gt;&gt;</a>&nbsp;&nbsp;&nbsp;__rt_lib_shutdown
</UL>
<BR>[Called By]<UL><LI><a href="#[1b2]">&gt;&gt;</a>&nbsp;&nbsp;&nbsp;std::__1::__split_buffer&lang;std::__1::function&lang;void(const HAL::CAN::Frame&)&rang;, std::__1::allocator&lang;std::__1::function&lang;void(const HAL::CAN::Frame&)&rang;&rang;&&rang;::__split_buffer__sub_object(unsigned, unsigned, std::__1::allocator&lang;std::__1::function&lang;void(const HAL::CAN::Frame&)&rang;&rang;&)
<LI><a href="#[1b5]">&gt;&gt;</a>&nbsp;&nbsp;&nbsp;std::__1::function&lang;void(const HAL::CAN::Frame&)&rang;::operator ()(const HAL::CAN::Frame&) const
<LI><a href="#[1b1]">&gt;&gt;</a>&nbsp;&nbsp;&nbsp;std::__1::__vector_base_common&lang;(bool)1&rang;::__throw_length_error() const
<LI><a href="#[1c1]">&gt;&gt;</a>&nbsp;&nbsp;&nbsp;std::__1::__split_buffer&lang;std::__1::function&lang;void(const HAL::UART::Data&)&rang;, std::__1::allocator&lang;std::__1::function&lang;void(const HAL::UART::Data&)&rang;&rang;&&rang;::__split_buffer__sub_object(unsigned, unsigned, std::__1::allocator&lang;std::__1::function&lang;void(const HAL::UART::Data&)&rang;&rang;&)
<LI><a href="#[1c4]">&gt;&gt;</a>&nbsp;&nbsp;&nbsp;std::__1::function&lang;void(const HAL::UART::Data&)&rang;::operator ()(const HAL::UART::Data&) const
<LI><a href="#[1de]">&gt;&gt;</a>&nbsp;&nbsp;&nbsp;abort_message
<LI><a href="#[a8]">&gt;&gt;</a>&nbsp;&nbsp;&nbsp;std::__1::__function::__func&lang;MotorTaskInit()::$_0, std::__1::allocator&lang;MotorTaskInit()::$_0&rang;, void(const HAL::CAN::Frame&)&rang;::__clone() const
<LI><a href="#[a1]">&gt;&gt;</a>&nbsp;&nbsp;&nbsp;std::__1::__function::__func&lang;serivalInit()::$_0, std::__1::allocator&lang;serivalInit()::$_0&rang;, void(const HAL::UART::Data&)&rang;::__clone() const
</UL>

<P><STRONG><a name="[cc]"></a>__cxa_atexit</STRONG> (Thumb, 10 bytes, Stack size 0 bytes, cxa_atexit.o(.text))
<BR><BR>[Stack]<UL><LI>Max Depth = 72<LI>Call Chain = __cxa_atexit &rArr; __aeabi_atexit &rArr; malloc &rArr; __Heap_Full &rArr; __Heap_ProvideMemory &rArr; free
</UL>
<BR>[Calls]<UL><LI><a href="#[cd]">&gt;&gt;</a>&nbsp;&nbsp;&nbsp;__aeabi_atexit
</UL>
<BR>[Called By]<UL><LI><a href="#[1a4]">&gt;&gt;</a>&nbsp;&nbsp;&nbsp;HAL::CAN::CanBus::instance()
<LI><a href="#[1c9]">&gt;&gt;</a>&nbsp;&nbsp;&nbsp;HAL::UART::UartBus::instance()
</UL>

<P><STRONG><a name="[23a]"></a>__aeabi_memcpy4</STRONG> (Thumb, 0 bytes, Stack size 8 bytes, rt_memcpy_w.o(.text), UNUSED)

<P><STRONG><a name="[19f]"></a>__aeabi_memcpy8</STRONG> (Thumb, 0 bytes, Stack size 8 bytes, rt_memcpy_w.o(.text))
<BR><BR>[Stack]<UL><LI>Max Depth = 8<LI>Call Chain = __aeabi_memcpy8
</UL>
<BR>[Called By]<UL><LI><a href="#[19e]">&gt;&gt;</a>&nbsp;&nbsp;&nbsp;BSP::Motor::Dji::DjiMotorBase&lang;(unsigned char)1&rang;::DjiMotorBase__sub_object(unsigned short, const unsigned char(&)[1], unsigned, BSP::Motor::Dji::Parameters)
</UL>

<P><STRONG><a name="[23b]"></a>__rt_memcpy_w</STRONG> (Thumb, 100 bytes, Stack size 8 bytes, rt_memcpy_w.o(.text), UNUSED)

<P><STRONG><a name="[23c]"></a>_memcpy_lastbytes_aligned</STRONG> (Thumb, 0 bytes, Stack size unknown bytes, rt_memcpy_w.o(.text), UNUSED)

<P><STRONG><a name="[152]"></a>__aeabi_memclr4</STRONG> (Thumb, 0 bytes, Stack size 4 bytes, rt_memclr_w.o(.text))
<BR><BR>[Stack]<UL><LI>Max Depth = 4<LI>Call Chain = __aeabi_memclr4
</UL>
<BR>[Called By]<UL><LI><a href="#[151]">&gt;&gt;</a>&nbsp;&nbsp;&nbsp;SystemClock_Config
</UL>

<P><STRONG><a name="[23d]"></a>__aeabi_memclr8</STRONG> (Thumb, 0 bytes, Stack size 4 bytes, rt_memclr_w.o(.text), UNUSED)

<P><STRONG><a name="[23e]"></a>__rt_memclr_w</STRONG> (Thumb, 78 bytes, Stack size 4 bytes, rt_memclr_w.o(.text), UNUSED)

<P><STRONG><a name="[23f]"></a>_memset_w</STRONG> (Thumb, 0 bytes, Stack size unknown bytes, rt_memclr_w.o(.text), UNUSED)

<P><STRONG><a name="[240]"></a>__use_two_region_memory</STRONG> (Thumb, 2 bytes, Stack size 0 bytes, heapauxi.o(.text), UNUSED)

<P><STRONG><a name="[241]"></a>__rt_heap_escrow</STRONG> (Thumb, 2 bytes, Stack size 0 bytes, heapauxi.o(.text), UNUSED)

<P><STRONG><a name="[242]"></a>__rt_heap_expand</STRONG> (Thumb, 2 bytes, Stack size 0 bytes, heapauxi.o(.text), UNUSED)

<P><STRONG><a name="[b0]"></a>__cpp_initialize__aeabi_</STRONG> (Thumb, 28 bytes, Stack size 16 bytes, init_aeabi.o(.text))
<BR><BR>[Stack]<UL><LI>Max Depth = 16<LI>Call Chain = __cpp_initialize__aeabi_
</UL>
<BR>[Called By]<UL><LI><a href="#[bb]">&gt;&gt;</a>&nbsp;&nbsp;&nbsp;__rt_lib_init_cpp_2
</UL>

<P><STRONG><a name="[c8]"></a>_sys_exit</STRONG> (Thumb, 8 bytes, Stack size 0 bytes, sys_exit.o(.text))
<BR><BR>[Called By]<UL><LI><a href="#[ca]">&gt;&gt;</a>&nbsp;&nbsp;&nbsp;abort
<LI><a href="#[c7]">&gt;&gt;</a>&nbsp;&nbsp;&nbsp;__rt_exit_exit
<LI><a href="#[d5]">&gt;&gt;</a>&nbsp;&nbsp;&nbsp;__sig_exit
</UL>

<P><STRONG><a name="[ce]"></a>malloc</STRONG> (Thumb, 94 bytes, Stack size 16 bytes, h1_alloc.o(.text))
<BR><BR>[Stack]<UL><LI>Max Depth = 48<LI>Call Chain = malloc &rArr; __Heap_Full &rArr; __Heap_ProvideMemory &rArr; free
</UL>
<BR>[Calls]<UL><LI><a href="#[d0]">&gt;&gt;</a>&nbsp;&nbsp;&nbsp;__Heap_Full
<LI><a href="#[cf]">&gt;&gt;</a>&nbsp;&nbsp;&nbsp;__rt_heap_descriptor
</UL>
<BR>[Called By]<UL><LI><a href="#[1cf]">&gt;&gt;</a>&nbsp;&nbsp;&nbsp;operator new(unsigned)
<LI><a href="#[cd]">&gt;&gt;</a>&nbsp;&nbsp;&nbsp;__aeabi_atexit
<LI><a href="#[c9]">&gt;&gt;</a>&nbsp;&nbsp;&nbsp;__ARM_get_argv
</UL>

<P><STRONG><a name="[d1]"></a>free</STRONG> (Thumb, 78 bytes, Stack size 16 bytes, h1_free.o(.text))
<BR><BR>[Stack]<UL><LI>Max Depth = 16<LI>Call Chain = free
</UL>
<BR>[Calls]<UL><LI><a href="#[cf]">&gt;&gt;</a>&nbsp;&nbsp;&nbsp;__rt_heap_descriptor
</UL>
<BR>[Called By]<UL><LI><a href="#[1d6]">&gt;&gt;</a>&nbsp;&nbsp;&nbsp;operator delete (void*, std::align_val_t)
<LI><a href="#[1aa]">&gt;&gt;</a>&nbsp;&nbsp;&nbsp;operator delete (void*)
<LI><a href="#[d6]">&gt;&gt;</a>&nbsp;&nbsp;&nbsp;__Heap_ProvideMemory
<LI><a href="#[bd]">&gt;&gt;</a>&nbsp;&nbsp;&nbsp;__cxa_finalize
</UL>

<P><STRONG><a name="[d2]"></a>posix_memalign</STRONG> (Thumb, 180 bytes, Stack size 32 bytes, h1_memalign.o(.text))
<BR><BR>[Stack]<UL><LI>Max Depth = 64<LI>Call Chain = posix_memalign &rArr; __Heap_Full &rArr; __Heap_ProvideMemory &rArr; free
</UL>
<BR>[Calls]<UL><LI><a href="#[d0]">&gt;&gt;</a>&nbsp;&nbsp;&nbsp;__Heap_Full
<LI><a href="#[cf]">&gt;&gt;</a>&nbsp;&nbsp;&nbsp;__rt_heap_descriptor
</UL>
<BR>[Called By]<UL><LI><a href="#[1ce]">&gt;&gt;</a>&nbsp;&nbsp;&nbsp;operator new(unsigned, std::align_val_t)
</UL>

<P><STRONG><a name="[cd]"></a>__aeabi_atexit</STRONG> (Thumb, 46 bytes, Stack size 24 bytes, aeabi_atexit.o(.text))
<BR><BR>[Stack]<UL><LI>Max Depth = 72<LI>Call Chain = __aeabi_atexit &rArr; malloc &rArr; __Heap_Full &rArr; __Heap_ProvideMemory &rArr; free
</UL>
<BR>[Calls]<UL><LI><a href="#[ce]">&gt;&gt;</a>&nbsp;&nbsp;&nbsp;malloc
<LI><a href="#[d3]">&gt;&gt;</a>&nbsp;&nbsp;&nbsp;__rt_ddtor_pointer_addr
</UL>
<BR>[Called By]<UL><LI><a href="#[cc]">&gt;&gt;</a>&nbsp;&nbsp;&nbsp;__cxa_atexit
</UL>

<P><STRONG><a name="[cb]"></a>__rt_SIGABRT</STRONG> (Thumb, 14 bytes, Stack size 8 bytes, defsig_abrt_outer.o(.text))
<BR><BR>[Stack]<UL><LI>Max Depth = 40<LI>Call Chain = __rt_SIGABRT &rArr; __rt_SIGABRT_inner &rArr; __default_signal_display &rArr; _ttywrch
</UL>
<BR>[Calls]<UL><LI><a href="#[d4]">&gt;&gt;</a>&nbsp;&nbsp;&nbsp;__rt_SIGABRT_inner
<LI><a href="#[d5]">&gt;&gt;</a>&nbsp;&nbsp;&nbsp;__sig_exit
</UL>
<BR>[Called By]<UL><LI><a href="#[ca]">&gt;&gt;</a>&nbsp;&nbsp;&nbsp;abort
</UL>

<P><STRONG><a name="[243]"></a>__I$use$semihosting</STRONG> (Thumb, 0 bytes, Stack size 0 bytes, use_no_semi.o(.text), UNUSED)

<P><STRONG><a name="[244]"></a>__use_no_semihosting_swi</STRONG> (Thumb, 2 bytes, Stack size 0 bytes, use_no_semi.o(.text), UNUSED)

<P><STRONG><a name="[245]"></a>__semihosting_library_function</STRONG> (Thumb, 0 bytes, Stack size unknown bytes, indicate_semi.o(.text), UNUSED)

<P><STRONG><a name="[cf]"></a>__rt_heap_descriptor</STRONG> (Thumb, 8 bytes, Stack size 0 bytes, rt_heap_descriptor_intlibspace.o(.text))
<BR><BR>[Called By]<UL><LI><a href="#[d2]">&gt;&gt;</a>&nbsp;&nbsp;&nbsp;posix_memalign
<LI><a href="#[d1]">&gt;&gt;</a>&nbsp;&nbsp;&nbsp;free
<LI><a href="#[ce]">&gt;&gt;</a>&nbsp;&nbsp;&nbsp;malloc
<LI><a href="#[b8]">&gt;&gt;</a>&nbsp;&nbsp;&nbsp;_init_alloc
</UL>

<P><STRONG><a name="[d3]"></a>__rt_ddtor_pointer_addr</STRONG> (Thumb, 8 bytes, Stack size 0 bytes, rt_ddtor_pointer_addr_intlibspace.o(.text))
<BR><BR>[Called By]<UL><LI><a href="#[cd]">&gt;&gt;</a>&nbsp;&nbsp;&nbsp;__aeabi_atexit
<LI><a href="#[bd]">&gt;&gt;</a>&nbsp;&nbsp;&nbsp;__cxa_finalize
</UL>

<P><STRONG><a name="[246]"></a>__use_no_heap</STRONG> (Thumb, 2 bytes, Stack size 0 bytes, hguard.o(.text), UNUSED)

<P><STRONG><a name="[247]"></a>__heap$guard</STRONG> (Thumb, 2 bytes, Stack size 0 bytes, hguard.o(.text), UNUSED)

<P><STRONG><a name="[248]"></a>_terminate_user_alloc</STRONG> (Thumb, 2 bytes, Stack size 0 bytes, init_alloc.o(.text), UNUSED)

<P><STRONG><a name="[249]"></a>_init_user_alloc</STRONG> (Thumb, 2 bytes, Stack size 0 bytes, init_alloc.o(.text), UNUSED)

<P><STRONG><a name="[d0]"></a>__Heap_Full</STRONG> (Thumb, 34 bytes, Stack size 16 bytes, init_alloc.o(.text))
<BR><BR>[Stack]<UL><LI>Max Depth = 32<LI>Call Chain = __Heap_Full &rArr; __Heap_ProvideMemory &rArr; free
</UL>
<BR>[Calls]<UL><LI><a href="#[d6]">&gt;&gt;</a>&nbsp;&nbsp;&nbsp;__Heap_ProvideMemory
</UL>
<BR>[Called By]<UL><LI><a href="#[d2]">&gt;&gt;</a>&nbsp;&nbsp;&nbsp;posix_memalign
<LI><a href="#[ce]">&gt;&gt;</a>&nbsp;&nbsp;&nbsp;malloc
</UL>

<P><STRONG><a name="[d7]"></a>__Heap_Broken</STRONG> (Thumb, 6 bytes, Stack size 0 bytes, init_alloc.o(.text), UNUSED)
<BR><BR>[Calls]<UL><LI><a href="#[d8]">&gt;&gt;</a>&nbsp;&nbsp;&nbsp;__rt_SIGRTMEM
</UL>

<P><STRONG><a name="[b8]"></a>_init_alloc</STRONG> (Thumb, 94 bytes, Stack size 24 bytes, init_alloc.o(.text))
<BR><BR>[Stack]<UL><LI>Max Depth = 64<LI>Call Chain = _init_alloc &rArr; __rt_SIGRTMEM &rArr; __rt_SIGRTMEM_inner &rArr; __default_signal_display &rArr; _ttywrch
</UL>
<BR>[Calls]<UL><LI><a href="#[d8]">&gt;&gt;</a>&nbsp;&nbsp;&nbsp;__rt_SIGRTMEM
<LI><a href="#[d6]">&gt;&gt;</a>&nbsp;&nbsp;&nbsp;__Heap_ProvideMemory
<LI><a href="#[d9]">&gt;&gt;</a>&nbsp;&nbsp;&nbsp;__Heap_Initialize
<LI><a href="#[cf]">&gt;&gt;</a>&nbsp;&nbsp;&nbsp;__rt_heap_descriptor
</UL>
<BR>[Called By]<UL><LI><a href="#[b7]">&gt;&gt;</a>&nbsp;&nbsp;&nbsp;__rt_lib_init_heap_2
</UL>

<P><STRONG><a name="[d9]"></a>__Heap_Initialize</STRONG> (Thumb, 10 bytes, Stack size 0 bytes, h1_init.o(.text))
<BR><BR>[Called By]<UL><LI><a href="#[b8]">&gt;&gt;</a>&nbsp;&nbsp;&nbsp;_init_alloc
</UL>

<P><STRONG><a name="[24a]"></a>__Heap_DescSize</STRONG> (Thumb, 4 bytes, Stack size 0 bytes, h1_init.o(.text), UNUSED)

<P><STRONG><a name="[bd]"></a>__cxa_finalize</STRONG> (Thumb, 66 bytes, Stack size 24 bytes, cxa_finalize.o(.text))
<BR><BR>[Stack]<UL><LI>Max Depth = 40<LI>Call Chain = __cxa_finalize &rArr; free
</UL>
<BR>[Calls]<UL><LI><a href="#[d1]">&gt;&gt;</a>&nbsp;&nbsp;&nbsp;free
<LI><a href="#[d3]">&gt;&gt;</a>&nbsp;&nbsp;&nbsp;__rt_ddtor_pointer_addr
</UL>
<BR>[Called By]<UL><LI><a href="#[bc]">&gt;&gt;</a>&nbsp;&nbsp;&nbsp;__rt_lib_shutdown_cpp_2
</UL>

<P><STRONG><a name="[d5]"></a>__sig_exit</STRONG> (Thumb, 10 bytes, Stack size 0 bytes, defsig_exit.o(.text))
<BR><BR>[Calls]<UL><LI><a href="#[c8]">&gt;&gt;</a>&nbsp;&nbsp;&nbsp;_sys_exit
</UL>
<BR>[Called By]<UL><LI><a href="#[cb]">&gt;&gt;</a>&nbsp;&nbsp;&nbsp;__rt_SIGABRT
<LI><a href="#[d8]">&gt;&gt;</a>&nbsp;&nbsp;&nbsp;__rt_SIGRTMEM
</UL>

<P><STRONG><a name="[d4]"></a>__rt_SIGABRT_inner</STRONG> (Thumb, 14 bytes, Stack size 8 bytes, defsig_abrt_inner.o(.text))
<BR><BR>[Stack]<UL><LI>Max Depth = 32<LI>Call Chain = __rt_SIGABRT_inner &rArr; __default_signal_display &rArr; _ttywrch
</UL>
<BR>[Calls]<UL><LI><a href="#[da]">&gt;&gt;</a>&nbsp;&nbsp;&nbsp;__default_signal_display
</UL>
<BR>[Called By]<UL><LI><a href="#[cb]">&gt;&gt;</a>&nbsp;&nbsp;&nbsp;__rt_SIGABRT
</UL>

<P><STRONG><a name="[c9]"></a>__ARM_get_argv</STRONG> (Thumb, 264 bytes, Stack size 48 bytes, _get_argv.o(.text))
<BR><BR>[Stack]<UL><LI>Max Depth = 96<LI>Call Chain = __ARM_get_argv &rArr; malloc &rArr; __Heap_Full &rArr; __Heap_ProvideMemory &rArr; free
</UL>
<BR>[Calls]<UL><LI><a href="#[ce]">&gt;&gt;</a>&nbsp;&nbsp;&nbsp;malloc
<LI><a href="#[d8]">&gt;&gt;</a>&nbsp;&nbsp;&nbsp;__rt_SIGRTMEM
<LI><a href="#[db]">&gt;&gt;</a>&nbsp;&nbsp;&nbsp;_sys_command_string
</UL>
<BR>[Called By]<UL><LI><a href="#[ba]">&gt;&gt;</a>&nbsp;&nbsp;&nbsp;__ARM_argv_veneer
</UL>

<P><STRONG><a name="[db]"></a>_sys_command_string</STRONG> (Thumb, 24 bytes, Stack size 16 bytes, sys_command.o(.text))
<BR><BR>[Stack]<UL><LI>Max Depth = 16<LI>Call Chain = _sys_command_string
</UL>
<BR>[Called By]<UL><LI><a href="#[c9]">&gt;&gt;</a>&nbsp;&nbsp;&nbsp;__ARM_get_argv
</UL>

<P><STRONG><a name="[24b]"></a>__user_libspace</STRONG> (Thumb, 8 bytes, Stack size 0 bytes, libspace.o(.text), UNUSED)

<P><STRONG><a name="[dc]"></a>__user_perproc_libspace</STRONG> (Thumb, 0 bytes, Stack size 0 bytes, libspace.o(.text))
<BR><BR>[Called By]<UL><LI><a href="#[bf]">&gt;&gt;</a>&nbsp;&nbsp;&nbsp;__user_setup_stackheap
</UL>

<P><STRONG><a name="[24c]"></a>__user_perthread_libspace</STRONG> (Thumb, 0 bytes, Stack size 0 bytes, libspace.o(.text), UNUSED)

<P><STRONG><a name="[bf]"></a>__user_setup_stackheap</STRONG> (Thumb, 74 bytes, Stack size 8 bytes, sys_stackheap_outer.o(.text))
<BR><BR>[Stack]<UL><LI>Max Depth = 8 + Unknown Stack Size
<LI>Call Chain = __user_setup_stackheap
</UL>
<BR>[Calls]<UL><LI><a href="#[dd]">&gt;&gt;</a>&nbsp;&nbsp;&nbsp;__user_initial_stackheap
<LI><a href="#[dc]">&gt;&gt;</a>&nbsp;&nbsp;&nbsp;__user_perproc_libspace
</UL>
<BR>[Called By]<UL><LI><a href="#[be]">&gt;&gt;</a>&nbsp;&nbsp;&nbsp;__rt_entry_sh
</UL>

<P><STRONG><a name="[24d]"></a>__use_no_heap_region</STRONG> (Thumb, 2 bytes, Stack size 0 bytes, hrguard.o(.text), UNUSED)

<P><STRONG><a name="[24e]"></a>__heap_region$guard</STRONG> (Thumb, 2 bytes, Stack size 0 bytes, hrguard.o(.text), UNUSED)

<P><STRONG><a name="[d6]"></a>__Heap_ProvideMemory</STRONG> (Thumb, 52 bytes, Stack size 0 bytes, h1_extend.o(.text))
<BR><BR>[Stack]<UL><LI>Max Depth = 16<LI>Call Chain = __Heap_ProvideMemory &rArr; free
</UL>
<BR>[Calls]<UL><LI><a href="#[d1]">&gt;&gt;</a>&nbsp;&nbsp;&nbsp;free
</UL>
<BR>[Called By]<UL><LI><a href="#[b8]">&gt;&gt;</a>&nbsp;&nbsp;&nbsp;_init_alloc
<LI><a href="#[d0]">&gt;&gt;</a>&nbsp;&nbsp;&nbsp;__Heap_Full
</UL>

<P><STRONG><a name="[24f]"></a>_maybe_terminate_alloc</STRONG> (Thumb, 0 bytes, Stack size 0 bytes, maybetermalloc1.o(.text), UNUSED)

<P><STRONG><a name="[c4]"></a>exit</STRONG> (Thumb, 18 bytes, Stack size 8 bytes, exit.o(.text))
<BR><BR>[Stack]<UL><LI>Max Depth = 8 + Unknown Stack Size
<LI>Call Chain = exit
</UL>
<BR>[Calls]<UL><LI><a href="#[de]">&gt;&gt;</a>&nbsp;&nbsp;&nbsp;__rt_exit
</UL>
<BR>[Called By]<UL><LI><a href="#[c2]">&gt;&gt;</a>&nbsp;&nbsp;&nbsp;__rt_entry_main
</UL>

<P><STRONG><a name="[da]"></a>__default_signal_display</STRONG> (Thumb, 50 bytes, Stack size 16 bytes, defsig_general.o(.text))
<BR><BR>[Stack]<UL><LI>Max Depth = 24<LI>Call Chain = __default_signal_display &rArr; _ttywrch
</UL>
<BR>[Calls]<UL><LI><a href="#[df]">&gt;&gt;</a>&nbsp;&nbsp;&nbsp;_ttywrch
</UL>
<BR>[Called By]<UL><LI><a href="#[e0]">&gt;&gt;</a>&nbsp;&nbsp;&nbsp;__rt_SIGRTMEM_inner
<LI><a href="#[d4]">&gt;&gt;</a>&nbsp;&nbsp;&nbsp;__rt_SIGABRT_inner
</UL>

<P><STRONG><a name="[d8]"></a>__rt_SIGRTMEM</STRONG> (Thumb, 14 bytes, Stack size 8 bytes, defsig_rtmem_outer.o(.text))
<BR><BR>[Stack]<UL><LI>Max Depth = 40<LI>Call Chain = __rt_SIGRTMEM &rArr; __rt_SIGRTMEM_inner &rArr; __default_signal_display &rArr; _ttywrch
</UL>
<BR>[Calls]<UL><LI><a href="#[e0]">&gt;&gt;</a>&nbsp;&nbsp;&nbsp;__rt_SIGRTMEM_inner
<LI><a href="#[d5]">&gt;&gt;</a>&nbsp;&nbsp;&nbsp;__sig_exit
</UL>
[...]
<BR><BR>[Stack]<UL><LI>Max Depth = 32<LI>Call Chain = std::__1::__function::__func&lang;MotorTaskInit()::$_0, std::__1::allocator&lang;MotorTaskInit()::$_0&rang;, void(const HAL::CAN::Frame&)&rang;::~__func__deallocating() &rArr; operator delete (void*) &rArr; free
</UL>
<BR>[Calls]<UL><LI><a href="#[1aa]">&gt;&gt;</a>&nbsp;&nbsp;&nbsp;operator delete (void*)
<LI><a href="#[a6]">&gt;&gt;</a>&nbsp;&nbsp;&nbsp;std::__1::__function::__func&lang;MotorTaskInit()::$_0, std::__1::allocator&lang;MotorTaskInit()::$_0&rang;, void(const HAL::CAN::Frame&)&rang;::~__func__sub_object()
</UL>
<BR>[Address Reference Count : 1]<UL><LI> motortask.o(.rodata._ZTVNSt3__110__function6__funcIZ13MotorTaskInitvE3$_0NS_9allocatorIS2_EEFvRKN3HAL3CAN5FrameEEEE)
</UL>
<P><STRONG><a name="[a6]"></a>std::__1::__function::__func&lang;MotorTaskInit()::$_0, std::__1::allocator&lang;MotorTaskInit()::$_0&rang;, void(const HAL::CAN::Frame&)&rang;::~__func__sub_object()</STRONG> (Thumb, 12 bytes, Stack size 8 bytes, motortask.o(.text._ZNSt3__110__function6__funcIZ13MotorTaskInitvE3$_0NS_9allocatorIS2_EEFvRKN3HAL3CAN5FrameEEED2Ev))
<BR><BR>[Stack]<UL><LI>Max Depth = 8<LI>Call Chain = std::__1::__function::__func&lang;MotorTaskInit()::$_0, std::__1::allocator&lang;MotorTaskInit()::$_0&rang;, void(const HAL::CAN::Frame&)&rang;::~__func__sub_object()
</UL>
<BR>[Called By]<UL><LI><a href="#[a7]">&gt;&gt;</a>&nbsp;&nbsp;&nbsp;std::__1::__function::__func&lang;MotorTaskInit()::$_0, std::__1::allocator&lang;MotorTaskInit()::$_0&rang;, void(const HAL::CAN::Frame&)&rang;::~__func__deallocating()
</UL>
<BR>[Address Reference Count : 1]<UL><LI> motortask.o(.rodata._ZTVNSt3__110__function6__funcIZ13MotorTaskInitvE3$_0NS_9allocatorIS2_EEFvRKN3HAL3CAN5FrameEEEE)
</UL>
<P><STRONG><a name="[ac]"></a>std::__1::__function::__func&lang;MotorTaskInit()::$_0, std::__1::allocator&lang;MotorTaskInit()::$_0&rang;, void(const HAL::CAN::Frame&)&rang;::operator ()(const HAL::CAN::Frame&)</STRONG> (Thumb, 46 bytes, Stack size 40 bytes, motortask.o(.text._ZNSt3__110__function6__funcIZ13MotorTaskInitvE3$_0NS_9allocatorIS2_EEFvRKN3HAL3CAN5FrameEEEclES9_))
<BR><BR>[Stack]<UL><LI>Max Depth = 344<LI>Call Chain = std::__1::__function::__func&lang;MotorTaskInit()::$_0, std::__1::allocator&lang;MotorTaskInit()::$_0&rang;, void(const HAL::CAN::Frame&)&rang;::operator ()(const HAL::CAN::Frame&) &rArr; void std::__1::__invoke_void_return_wrapper&lang;void&rang;::__call&lang;&lang;MotorTaskInit()::$_0&, const HAL::CAN::Frame&&rang;&rang;(T1&&...) &rArr; MotorTaskInit()::$_0::operator ()(HAL::CAN::Frame) const &rArr; BSP::Motor::Dji::DjiMotorBase&lang;(unsigned char)1&rang;::Parse(const HAL::CAN::Frame&) &rArr; BSP::Motor::Dji::DjiMotorBase&lang;(unsigned char)1&rang;::Configure(unsigned) &rArr; __aeabi_dmul
</UL>
<BR>[Calls]<UL><LI><a href="#[1d3]">&gt;&gt;</a>&nbsp;&nbsp;&nbsp;void std::__1::__invoke_void_return_wrapper&lang;void&rang;::__call&lang;&lang;MotorTaskInit()::$_0&, const HAL::CAN::Frame&&rang;&rang;(T1&&...)
</UL>
<BR>[Address Reference Count : 1]<UL><LI> motortask.o(.rodata._ZTVNSt3__110__function6__funcIZ13MotorTaskInitvE3$_0NS_9allocatorIS2_EEFvRKN3HAL3CAN5FrameEEEE)
</UL>
<P><STRONG><a name="[1d3]"></a>void std::__1::__invoke_void_return_wrapper&lang;void&rang;::__call&lang;&lang;MotorTaskInit()::$_0&, const HAL::CAN::Frame&&rang;&rang;(T1&&...)</STRONG> (Thumb, 104 bytes, Stack size 88 bytes, motortask.o(.text._ZNSt3__128__invoke_void_return_wrapperIvE6__callIJRZ13MotorTaskInitvE3$_0RKN3HAL3CAN5FrameEEEEvDpOT_))
<BR><BR>[Stack]<UL><LI>Max Depth = 304<LI>Call Chain = void std::__1::__invoke_void_return_wrapper&lang;void&rang;::__call&lang;&lang;MotorTaskInit()::$_0&, const HAL::CAN::Frame&&rang;&rang;(T1&&...) &rArr; MotorTaskInit()::$_0::operator ()(HAL::CAN::Frame) const &rArr; BSP::Motor::Dji::DjiMotorBase&lang;(unsigned char)1&rang;::Parse(const HAL::CAN::Frame&) &rArr; BSP::Motor::Dji::DjiMotorBase&lang;(unsigned char)1&rang;::Configure(unsigned) &rArr; __aeabi_dmul
</UL>
<BR>[Calls]<UL><LI><a href="#[1d8]">&gt;&gt;</a>&nbsp;&nbsp;&nbsp;MotorTaskInit()::$_0::operator ()(HAL::CAN::Frame) const
</UL>
<BR>[Called By]<UL><LI><a href="#[ac]">&gt;&gt;</a>&nbsp;&nbsp;&nbsp;std::__1::__function::__func&lang;MotorTaskInit()::$_0, std::__1::allocator&lang;MotorTaskInit()::$_0&rang;, void(const HAL::CAN::Frame&)&rang;::operator ()(const HAL::CAN::Frame&)
</UL>

<P><STRONG><a name="[169]"></a>std::__1::function&lang;void(const HAL::CAN::Frame&)&rang;::function__sub_object&lang;MotorTaskInit()::$_0, void&rang;(T1)</STRONG> (Thumb, 396 bytes, Stack size 296 bytes, motortask.o(.text._ZNSt3__18functionIFvRKN3HAL3CAN5FrameEEEC2IZ13MotorTaskInitvE3$_0vEET_))
<BR><BR>[Stack]<UL><LI>Max Depth = 296<LI>Call Chain = std::__1::function&lang;void(const HAL::CAN::Frame&)&rang;::function__sub_object&lang;MotorTaskInit()::$_0, void&rang;(T1)
</UL>
<BR>[Called By]<UL><LI><a href="#[14c]">&gt;&gt;</a>&nbsp;&nbsp;&nbsp;MotorTaskInit()
</UL>

<P><STRONG><a name="[1d8]"></a>MotorTaskInit()::$_0::operator ()(HAL::CAN::Frame) const</STRONG> (Thumb, 62 bytes, Stack size 64 bytes, motortask.o(.text._ZZ13MotorTaskInitvENK3$_0clEN3HAL3CAN5FrameE))
<BR><BR>[Stack]<UL><LI>Max Depth = 216<LI>Call Chain = MotorTaskInit()::$_0::operator ()(HAL::CAN::Frame) const &rArr; BSP::Motor::Dji::DjiMotorBase&lang;(unsigned char)1&rang;::Parse(const HAL::CAN::Frame&) &rArr; BSP::Motor::Dji::DjiMotorBase&lang;(unsigned char)1&rang;::Configure(unsigned) &rArr; __aeabi_dmul
</UL>
<BR>[Calls]<UL><LI><a href="#[73]">&gt;&gt;</a>&nbsp;&nbsp;&nbsp;BSP::Motor::Dji::DjiMotorBase&lang;(unsigned char)1&rang;::Parse(const HAL::CAN::Frame&)
</UL>
<BR>[Called By]<UL><LI><a href="#[1d3]">&gt;&gt;</a>&nbsp;&nbsp;&nbsp;void std::__1::__invoke_void_return_wrapper&lang;void&rang;::__call&lang;&lang;MotorTaskInit()::$_0&, const HAL::CAN::Frame&&rang;&rang;(T1&&...)
</UL>

<P><STRONG><a name="[15b]"></a>__cxx_global_var_init</STRONG> (Thumb, 38 bytes, Stack size 16 bytes, motortask.o(.text.__cxx_global_var_init))
<BR><BR>[Stack]<UL><LI>Max Depth = 384<LI>Call Chain = __cxx_global_var_init &rArr; BSP::Motor::Dji::GM6020&lang;(unsigned char)1&rang;::GM6020__sub_object(unsigned short, const unsigned char(&)[1], unsigned) &rArr; BSP::Motor::Dji::Parameters::Parameters__sub_object(double, double, double, double, double) &rArr; __aeabi_dmul
</UL>
<BR>[Calls]<UL><LI><a href="#[1a0]">&gt;&gt;</a>&nbsp;&nbsp;&nbsp;BSP::Motor::Dji::GM6020&lang;(unsigned char)1&rang;::GM6020__sub_object(unsigned short, const unsigned char(&)[1], unsigned)
</UL>
<BR>[Called By]<UL><LI><a href="#[ae]">&gt;&gt;</a>&nbsp;&nbsp;&nbsp;_GLOBAL__sub_I_MotorTask.cpp
</UL>

<P><STRONG><a name="[15c]"></a>__cxx_global_var_init.1</STRONG> (Thumb, 38 bytes, Stack size 16 bytes, motortask.o(.text.__cxx_global_var_init.1))
<BR><BR>[Stack]<UL><LI>Max Depth = 344<LI>Call Chain = __cxx_global_var_init.1 &rArr; BSP::Motor::DM::J4310&lang;(unsigned char)1&rang;::J4310__sub_object(unsigned short, const unsigned char(&)[1], const unsigned(&)[1]) &rArr; BSP::Motor::DM::DMMotorBase&lang;(unsigned char)1&rang;::DMMotorBase__sub_object(unsigned short, const unsigned char(&)[1], const unsigned(&)[1], BSP::Motor::DM::Parameters) &rArr; BSP::Motor::MotorBase&lang;(unsigned char)1&rang;::MotorBase__sub_object(unsigned) &rArr; BSP::WATCH_STATE::StateWatch::StateWatch__sub_object(unsigned)
</UL>
<BR>[Calls]<UL><LI><a href="#[197]">&gt;&gt;</a>&nbsp;&nbsp;&nbsp;BSP::Motor::DM::J4310&lang;(unsigned char)1&rang;::J4310__sub_object(unsigned short, const unsigned char(&)[1], const unsigned(&)[1])
</UL>
<BR>[Called By]<UL><LI><a href="#[ae]">&gt;&gt;</a>&nbsp;&nbsp;&nbsp;_GLOBAL__sub_I_MotorTask.cpp
</UL>

<P><STRONG><a name="[af]"></a>_GLOBAL__sub_I_SerivalTask.cpp</STRONG> (Thumb, 8 bytes, Stack size 8 bytes, serivaltask.o(.text._GLOBAL__sub_I_SerivalTask.cpp))
<BR><BR>[Stack]<UL><LI>Max Depth = 48<LI>Call Chain = _GLOBAL__sub_I_SerivalTask.cpp &rArr; __cxx_global_var_init &rArr; BSP::REMOTE_CONTROL::RemoteController::RemoteController__sub_object(int) &rArr; BSP::WATCH_STATE::StateWatch::StateWatch__sub_object(unsigned)
</UL>
<BR>[Calls]<UL><LI><a href="#[15d]">&gt;&gt;</a>&nbsp;&nbsp;&nbsp;__cxx_global_var_init
</UL>
<BR>[Address Reference Count : 1]<UL><LI> serivaltask.o(.init_array)
</UL>
<P><STRONG><a name="[a2]"></a>std::__1::__function::__func&lang;serivalInit()::$_0, std::__1::allocator&lang;serivalInit()::$_0&rang;, void(const HAL::UART::Data&)&rang;::__clone(std::__1::__function::__base&lang;void(const HAL::UART::Data&)&rang;*) const</STRONG> (Thumb, 262 bytes, Stack size 224 bytes, serivaltask.o(.text._ZNKSt3__110__function6__funcIZ11serivalInitvE3$_0NS_9allocatorIS2_EEFvRKN3HAL4UART4DataEEE7__cloneEPNS0_6__baseISA_EE))
<BR><BR>[Stack]<UL><LI>Max Depth = 224<LI>Call Chain = std::__1::__function::__func&lang;serivalInit()::$_0, std::__1::allocator&lang;serivalInit()::$_0&rang;, void(const HAL::UART::Data&)&rang;::__clone(std::__1::__function::__base&lang;void(const HAL::UART::Data&)&rang;*) const
</UL>
<BR>[Address Reference Count : 1]<UL><LI> serivaltask.o(.rodata._ZTVNSt3__110__function6__funcIZ11serivalInitvE3$_0NS_9allocatorIS2_EEFvRKN3HAL4UART4DataEEEE)
</UL>
<P><STRONG><a name="[a1]"></a>std::__1::__function::__func&lang;serivalInit()::$_0, std::__1::allocator&lang;serivalInit()::$_0&rang;, void(const HAL::UART::Data&)&rang;::__clone() const</STRONG> (Thumb, 802 bytes, Stack size 552 bytes, serivaltask.o(.text._ZNKSt3__110__function6__funcIZ11serivalInitvE3$_0NS_9allocatorIS2_EEFvRKN3HAL4UART4DataEEE7__cloneEv))
<BR><BR>[Stack]<UL><LI>Max Depth = 640 + Unknown Stack Size
<LI>Call Chain = std::__1::__function::__func&lang;serivalInit()::$_0, std::__1::allocator&lang;serivalInit()::$_0&rang;, void(const HAL::UART::Data&)&rang;::__clone() const &rArr; operator new(unsigned, std::align_val_t) &rArr; posix_memalign &rArr; __Heap_Full &rArr; __Heap_ProvideMemory &rArr; free
</UL>
<BR>[Calls]<UL><LI><a href="#[1d0]">&gt;&gt;</a>&nbsp;&nbsp;&nbsp;std::__1::_DeallocateCaller::__do_deallocate_handle_size(void*, unsigned, std::align_val_t)
<LI><a href="#[1d1]">&gt;&gt;</a>&nbsp;&nbsp;&nbsp;std::__1::_DeallocateCaller::__do_deallocate_handle_size(void*, unsigned)
<LI><a href="#[1ce]">&gt;&gt;</a>&nbsp;&nbsp;&nbsp;operator new(unsigned, std::align_val_t)
<LI><a href="#[1cf]">&gt;&gt;</a>&nbsp;&nbsp;&nbsp;operator new(unsigned)
<LI><a href="#[ca]">&gt;&gt;</a>&nbsp;&nbsp;&nbsp;abort
</UL>
<BR>[Address Reference Count : 1]<UL><LI> serivaltask.o(.rodata._ZTVNSt3__110__function6__funcIZ11serivalInitvE3$_0NS_9allocatorIS2_EEFvRKN3HAL4UART4DataEEEE)
</UL>
<P><STRONG><a name="[a4]"></a>std::__1::__function::__func&lang;serivalInit()::$_0, std::__1::allocator&lang;serivalInit()::$_0&rang;, void(const HAL::UART::Data&)&rang;::destroy_deallocate()</STRONG> (Thumb, 106 bytes, Stack size 88 bytes, serivaltask.o(.text._ZNSt3__110__function6__funcIZ11serivalInitvE3$_0NS_9allocatorIS2_EEFvRKN3HAL4UART4DataEEE18destroy_deallocateEv))
<BR><BR>[Stack]<UL><LI>Max Depth = 144<LI>Call Chain = std::__1::__function::__func&lang;serivalInit()::$_0, std::__1::allocator&lang;serivalInit()::$_0&rang;, void(const HAL::UART::Data&)&rang;::destroy_deallocate() &rArr; std::__1::_DeallocateCaller::__do_deallocate_handle_size(void*, unsigned, std::align_val_t) &rArr; void std::__1::_DeallocateCaller::__do_call&lang;std::align_val_t&rang;(void*, T1) &rArr; operator delete (void*, std::align_val_t) &rArr; free
</UL>
<BR>[Calls]<UL><LI><a href="#[1d0]">&gt;&gt;</a>&nbsp;&nbsp;&nbsp;std::__1::_DeallocateCaller::__do_deallocate_handle_size(void*, unsigned, std::align_val_t)
<LI><a href="#[1d1]">&gt;&gt;</a>&nbsp;&nbsp;&nbsp;std::__1::_DeallocateCaller::__do_deallocate_handle_size(void*, unsigned)
</UL>
<BR>[Address Reference Count : 1]<UL><LI> serivaltask.o(.rodata._ZTVNSt3__110__function6__funcIZ11serivalInitvE3$_0NS_9allocatorIS2_EEFvRKN3HAL4UART4DataEEEE)
</UL>
<P><STRONG><a name="[a3]"></a>std::__1::__function::__func&lang;serivalInit()::$_0, std::__1::allocator&lang;serivalInit()::$_0&rang;, void(const HAL::UART::Data&)&rang;::destroy()</STRONG> (Thumb, 14 bytes, Stack size 8 bytes, serivaltask.o(.text._ZNSt3__110__function6__funcIZ11serivalInitvE3$_0NS_9allocatorIS2_EEFvRKN3HAL4UART4DataEEE7destroyEv))
<BR><BR>[Stack]<UL><LI>Max Depth = 8<LI>Call Chain = std::__1::__function::__func&lang;serivalInit()::$_0, std::__1::allocator&lang;serivalInit()::$_0&rang;, void(const HAL::UART::Data&)&rang;::destroy()
</UL>
<BR>[Address Reference Count : 1]<UL><LI> serivaltask.o(.rodata._ZTVNSt3__110__function6__funcIZ11serivalInitvE3$_0NS_9allocatorIS2_EEFvRKN3HAL4UART4DataEEEE)
</UL>
<P><STRONG><a name="[a0]"></a>std::__1::__function::__func&lang;serivalInit()::$_0, std::__1::allocator&lang;serivalInit()::$_0&rang;, void(const HAL::UART::Data&)&rang;::~__func__deallocating()</STRONG> (Thumb, 24 bytes, Stack size 16 bytes, serivaltask.o(.text._ZNSt3__110__function6__funcIZ11serivalInitvE3$_0NS_9allocatorIS2_EEFvRKN3HAL4UART4DataEEED0Ev))
<BR><BR>[Stack]<UL><LI>Max Depth = 32<LI>Call Chain = std::__1::__function::__func&lang;serivalInit()::$_0, std::__1::allocator&lang;serivalInit()::$_0&rang;, void(const HAL::UART::Data&)&rang;::~__func__deallocating() &rArr; operator delete (void*) &rArr; free
</UL>
<BR>[Calls]<UL><LI><a href="#[1aa]">&gt;&gt;</a>&nbsp;&nbsp;&nbsp;operator delete (void*)
<LI><a href="#[9f]">&gt;&gt;</a>&nbsp;&nbsp;&nbsp;std::__1::__function::__func&lang;serivalInit()::$_0, std::__1::allocator&lang;serivalInit()::$_0&rang;, void(const HAL::UART::Data&)&rang;::~__func__sub_object()
</UL>
<BR>[Address Reference Count : 1]<UL><LI> serivaltask.o(.rodata._ZTVNSt3__110__function6__funcIZ11serivalInitvE3$_0NS_9allocatorIS2_EEFvRKN3HAL4UART4DataEEEE)
</UL>
<P><STRONG><a name="[9f]"></a>std::__1::__function::__func&lang;serivalInit()::$_0, std::__1::allocator&lang;serivalInit()::$_0&rang;, void(const HAL::UART::Data&)&rang;::~__func__sub_object()</STRONG> (Thumb, 12 bytes, Stack size 8 bytes, serivaltask.o(.text._ZNSt3__110__function6__funcIZ11serivalInitvE3$_0NS_9allocatorIS2_EEFvRKN3HAL4UART4DataEEED2Ev))
<BR><BR>[Stack]<UL><LI>Max Depth = 8<LI>Call Chain = std::__1::__function::__func&lang;serivalInit()::$_0, std::__1::allocator&lang;serivalInit()::$_0&rang;, void(const HAL::UART::Data&)&rang;::~__func__sub_object()
</UL>
<BR>[Called By]<UL><LI><a href="#[a0]">&gt;&gt;</a>&nbsp;&nbsp;&nbsp;std::__1::__function::__func&lang;serivalInit()::$_0, std::__1::allocator&lang;serivalInit()::$_0&rang;, void(const HAL::UART::Data&)&rang;::~__func__deallocating()
</UL>
<BR>[Address Reference Count : 1]<UL><LI> serivaltask.o(.rodata._ZTVNSt3__110__function6__funcIZ11serivalInitvE3$_0NS_9allocatorIS2_EEFvRKN3HAL4UART4DataEEEE)
</UL>
<P><STRONG><a name="[a5]"></a>std::__1::__function::__func&lang;serivalInit()::$_0, std::__1::allocator&lang;serivalInit()::$_0&rang;, void(const HAL::UART::Data&)&rang;::operator ()(const HAL::UART::Data&)</STRONG> (Thumb, 46 bytes, Stack size 40 bytes, serivaltask.o(.text._ZNSt3__110__function6__funcIZ11serivalInitvE3$_0NS_9allocatorIS2_EEFvRKN3HAL4UART4DataEEEclES9_))
<BR><BR>[Stack]<UL><LI>Max Depth = 252<LI>Call Chain = std::__1::__function::__func&lang;serivalInit()::$_0, std::__1::allocator&lang;serivalInit()::$_0&rang;, void(const HAL::UART::Data&)&rang;::operator ()(const HAL::UART::Data&) &rArr; void std::__1::__invoke_void_return_wrapper&lang;void&rang;::__call&lang;&lang;serivalInit()::$_0&, const HAL::UART::Data&&rang;&rang;(T1&&...) &rArr; serivalInit()::$_0::operator ()(HAL::UART::Data) const &rArr; BSP::REMOTE_CONTROL::RemoteController::parseData(const unsigned char*) &rArr; BSP::REMOTE_CONTROL::RemoteController::mapChannelValue(unsigned short) const
</UL>
<BR>[Calls]<UL><LI><a href="#[1d2]">&gt;&gt;</a>&nbsp;&nbsp;&nbsp;void std::__1::__invoke_void_return_wrapper&lang;void&rang;::__call&lang;&lang;serivalInit()::$_0&, const HAL::UART::Data&&rang;&rang;(T1&&...)
</UL>
<BR>[Address Reference Count : 1]<UL><LI> serivaltask.o(.rodata._ZTVNSt3__110__function6__funcIZ11serivalInitvE3$_0NS_9allocatorIS2_EEFvRKN3HAL4UART4DataEEEE)
</UL>
<P><STRONG><a name="[1d2]"></a>void std::__1::__invoke_void_return_wrapper&lang;void&rang;::__call&lang;&lang;serivalInit()::$_0&, const HAL::UART::Data&&rang;&rang;(T1&&...)</STRONG> (Thumb, 56 bytes, Stack size 48 bytes, serivaltask.o(.text._ZNSt3__128__invoke_void_return_wrapperIvE6__callIJRZ11serivalInitvE3$_0RKN3HAL4UART4DataEEEEvDpOT_))
<BR><BR>[Stack]<UL><LI>Max Depth = 212<LI>Call Chain = void std::__1::__invoke_void_return_wrapper&lang;void&rang;::__call&lang;&lang;serivalInit()::$_0&, const HAL::UART::Data&&rang;&rang;(T1&&...) &rArr; serivalInit()::$_0::operator ()(HAL::UART::Data) const &rArr; BSP::REMOTE_CONTROL::RemoteController::parseData(const unsigned char*) &rArr; BSP::REMOTE_CONTROL::RemoteController::mapChannelValue(unsigned short) const
</UL>
<BR>[Calls]<UL><LI><a href="#[1d7]">&gt;&gt;</a>&nbsp;&nbsp;&nbsp;serivalInit()::$_0::operator ()(HAL::UART::Data) const
</UL>
<BR>[Called By]<UL><LI><a href="#[a5]">&gt;&gt;</a>&nbsp;&nbsp;&nbsp;std::__1::__function::__func&lang;serivalInit()::$_0, std::__1::allocator&lang;serivalInit()::$_0&rang;, void(const HAL::UART::Data&)&rang;::operator ()(const HAL::UART::Data&)
</UL>

<P><STRONG><a name="[163]"></a>std::__1::function&lang;void(const HAL::UART::Data&)&rang;::function__sub_object&lang;serivalInit()::$_0, void&rang;(T1)</STRONG> (Thumb, 396 bytes, Stack size 296 bytes, serivaltask.o(.text._ZNSt3__18functionIFvRKN3HAL4UART4DataEEEC2IZ11serivalInitvE3$_0vEET_))
<BR><BR>[Stack]<UL><LI>Max Depth = 296<LI>Call Chain = std::__1::function&lang;void(const HAL::UART::Data&)&rang;::function__sub_object&lang;serivalInit()::$_0, void&rang;(T1)
</UL>
<BR>[Called By]<UL><LI><a href="#[14f]">&gt;&gt;</a>&nbsp;&nbsp;&nbsp;serivalInit()
</UL>

<P><STRONG><a name="[1d7]"></a>serivalInit()::$_0::operator ()(HAL::UART::Data) const</STRONG> (Thumb, 52 bytes, Stack size 24 bytes, serivaltask.o(.text._ZZ11serivalInitvENK3$_0clEN3HAL4UART4DataE))
<BR><BR>[Stack]<UL><LI>Max Depth = 164<LI>Call Chain = serivalInit()::$_0::operator ()(HAL::UART::Data) const &rArr; BSP::REMOTE_CONTROL::RemoteController::parseData(const unsigned char*) &rArr; BSP::REMOTE_CONTROL::RemoteController::mapChannelValue(unsigned short) const
</UL>
<BR>[Calls]<UL><LI><a href="#[182]">&gt;&gt;</a>&nbsp;&nbsp;&nbsp;BSP::REMOTE_CONTROL::RemoteController::parseData(const unsigned char*)
</UL>
<BR>[Called By]<UL><LI><a href="#[1d2]">&gt;&gt;</a>&nbsp;&nbsp;&nbsp;void std::__1::__invoke_void_return_wrapper&lang;void&rang;::__call&lang;&lang;serivalInit()::$_0&, const HAL::UART::Data&&rang;&rang;(T1&&...)
</UL>

<P><STRONG><a name="[15d]"></a>__cxx_global_var_init</STRONG> (Thumb, 18 bytes, Stack size 8 bytes, serivaltask.o(.text.__cxx_global_var_init))
<BR><BR>[Stack]<UL><LI>Max Depth = 40<LI>Call Chain = __cxx_global_var_init &rArr; BSP::REMOTE_CONTROL::RemoteController::RemoteController__sub_object(int) &rArr; BSP::WATCH_STATE::StateWatch::StateWatch__sub_object(unsigned)
</UL>
<BR>[Calls]<UL><LI><a href="#[188]">&gt;&gt;</a>&nbsp;&nbsp;&nbsp;BSP::REMOTE_CONTROL::RemoteController::RemoteController__sub_object(int)
</UL>
<BR>[Called By]<UL><LI><a href="#[af]">&gt;&gt;</a>&nbsp;&nbsp;&nbsp;_GLOBAL__sub_I_SerivalTask.cpp
</UL>

<P><STRONG><a name="[20f]"></a>_dadd1</STRONG> (Thumb, 0 bytes, Stack size unknown bytes, daddsub_clz.o(x$fpl$dadd), UNUSED)
<BR><BR>[Called By]<UL><LI><a href="#[20e]">&gt;&gt;</a>&nbsp;&nbsp;&nbsp;_dsub
</UL>

<P><STRONG><a name="[206]"></a>_dsub1</STRONG> (Thumb, 0 bytes, Stack size unknown bytes, daddsub_clz.o(x$fpl$dsub), UNUSED)
<BR><BR>[Called By]<UL><LI><a href="#[205]">&gt;&gt;</a>&nbsp;&nbsp;&nbsp;_dadd
</UL>
<P>
<H3>
Undefined Global Symbols
</H3><HR></body></html>
